[0.009s] Invoking command in '/home/lcy/ros2_ws/build/only_robot_arm_pollination': CMAKE_PREFIX_PATH=${CMAKE_PREFIX_PATH}:/opt/ros/jazzy DEBUGINFOD_URLS=https://debuginfod.ubuntu.com /usr/bin/cmake --build /home/lcy/ros2_ws/build/only_robot_arm_pollination -- -j16 -l16
[0.085s] [ 50%] Building CXX object CMakeFiles/pollination_cycle_node.dir/src/pollination_cycle_node.cpp.o
[4.549s] /home/lcy/ros2_ws/src/only_robot_arm_pollination/src/pollination_cycle_node.cpp: In member function ‘bool PollinationCycleNode::moveToPreApproach(const geometry_msgs::msg::Pose&, const geometry_msgs::msg::Pose&, const std::string&)’:
[4.550s] /home/lcy/ros2_ws/src/only_robot_arm_pollination/src/pollination_cycle_node.cpp:319:38: warning: unused parameter ‘pollination_pose’ [-Wunused-parameter]
[4.550s]   319 |     const geometry_msgs::msg::Pose & pollination_pose,
[4.550s]       |     ~~~~~~~~~~~~~~~~~~~~~~~~~~~~~~~~~^~~~~~~~~~~~~~~~
[4.553s] /home/lcy/ros2_ws/src/only_robot_arm_pollination/src/pollination_cycle_node.cpp: In member function ‘bool PollinationCycleNode::executeCartesianSegment(const std::vector<geometry_msgs::msg::Pose_<std::allocator<void> > >&, const std::string&)’:
[4.554s] /home/lcy/ros2_ws/src/only_robot_arm_pollination/src/pollination_cycle_node.cpp:491:62: warning: ‘double moveit::planning_interface::MoveGroupInterface::computeCartesianPath(const std::vector<geometry_msgs::msg::Pose_<std::allocator<void> > >&, double, double, moveit_msgs::msg::RobotTrajectory&, bool, moveit_msgs::msg::MoveItErrorCodes*)’ is deprecated: Drop jump_threshold [-Wdeprecated-declarations]
[4.554s]   491 |     const double fraction = move_group_->computeCartesianPath(
[4.554s]       |                             ~~~~~~~~~~~~~~~~~~~~~~~~~~~~~~~~~^
[4.554s]   492 |       waypoints,
[4.554s]       |       ~~~~~~~~~~                                              
[4.554s]   493 |       cartesian_step_m_,
[4.554s]       |       ~~~~~~~~~~~~~~~~~~                                      
[4.554s]   494 |       cartesian_jump_threshold_,
[4.554s]       |       ~~~~~~~~~~~~~~~~~~~~~~~~~~                              
[4.554s]   495 |       trajectory,
[4.554s]       |       ~~~~~~~~~~~                                             
[4.554s]   496 |       true);
[4.554s]       |       ~~~~~                                                   
[4.554s] In file included from /home/lcy/ros2_ws/src/only_robot_arm_pollination/src/pollination_cycle_node.cpp:18:
[4.554s] /opt/ros/jazzy/include/moveit_ros_planning_interface/moveit/move_group_interface/move_group_interface.hpp:765:3: note: declared here
[4.554s]   765 |   computeCartesianPath(const std::vector<geometry_msgs::msg::Pose>& waypoints, double eef_step,
[4.554s]       |   ^~~~~~~~~~~~~~~~~~~~
[14.054s] [100%] Linking CXX executable pollination_cycle_node
[14.940s] [100%] Built target pollination_cycle_node
[14.954s] Invoked command in '/home/lcy/ros2_ws/build/only_robot_arm_pollination' returned '0': CMAKE_PREFIX_PATH=${CMAKE_PREFIX_PATH}:/opt/ros/jazzy DEBUGINFOD_URLS=https://debuginfod.ubuntu.com /usr/bin/cmake --build /home/lcy/ros2_ws/build/only_robot_arm_pollination -- -j16 -l16
[14.965s] Invoking command in '/home/lcy/ros2_ws/build/only_robot_arm_pollination': CMAKE_PREFIX_PATH=${CMAKE_PREFIX_PATH}:/opt/ros/jazzy DEBUGINFOD_URLS=https://debuginfod.ubuntu.com /usr/bin/cmake --install /home/lcy/ros2_ws/build/only_robot_arm_pollination
[14.973s] -- Install configuration: ""
[14.973s] -- Installing: /home/lcy/ros2_ws/install/only_robot_arm_pollination/lib/only_robot_arm_pollination/pollination_cycle_node
[14.980s] -- Set non-toolchain portion of runtime path of "/home/lcy/ros2_ws/install/only_robot_arm_pollination/lib/only_robot_arm_pollination/pollination_cycle_node" to ""
[14.980s] -- Up-to-date: /home/lcy/ros2_ws/install/only_robot_arm_pollination/share/only_robot_arm_pollination/config
[14.980s] -- Installing: /home/lcy/ros2_ws/install/only_robot_arm_pollination/share/only_robot_arm_pollination/config/pollination.yaml
[14.981s] -- Up-to-date: /home/lcy/ros2_ws/install/only_robot_arm_pollination/share/ament_index/resource_index/package_run_dependencies/only_robot_arm_pollination
[14.981s] -- Up-to-date: /home/lcy/ros2_ws/install/only_robot_arm_pollination/share/ament_index/resource_index/parent_prefix_path/only_robot_arm_pollination
[14.981s] -- Up-to-date: /home/lcy/ros2_ws/install/only_robot_arm_pollination/share/only_robot_arm_pollination/environment/ament_prefix_path.sh
[14.981s] -- Up-to-date: /home/lcy/ros2_ws/install/only_robot_arm_pollination/share/only_robot_arm_pollination/environment/ament_prefix_path.dsv
[14.981s] -- Up-to-date: /home/lcy/ros2_ws/install/only_robot_arm_pollination/share/only_robot_arm_pollination/environment/path.sh
[14.981s] -- Up-to-date: /home/lcy/ros2_ws/install/only_robot_arm_pollination/share/only_robot_arm_pollination/environment/path.dsv
[14.981s] -- Up-to-date: /home/lcy/ros2_ws/install/only_robot_arm_pollination/share/only_robot_arm_pollination/local_setup.bash
[14.981s] -- Up-to-date: /home/lcy/ros2_ws/install/only_robot_arm_pollination/share/only_robot_arm_pollination/local_setup.sh
[14.981s] -- Up-to-date: /home/lcy/ros2_ws/install/only_robot_arm_pollination/share/only_robot_arm_pollination/local_setup.zsh
[14.981s] -- Up-to-date: /home/lcy/ros2_ws/install/only_robot_arm_pollination/share/only_robot_arm_pollination/local_setup.dsv
[14.982s] -- Installing: /home/lcy/ros2_ws/install/only_robot_arm_pollination/share/only_robot_arm_pollination/package.dsv
[14.982s] -- Up-to-date: /home/lcy/ros2_ws/install/only_robot_arm_pollination/share/ament_index/resource_index/packages/only_robot_arm_pollination
[14.982s] -- Up-to-date: /home/lcy/ros2_ws/install/only_robot_arm_pollination/share/only_robot_arm_pollination/cmake/only_robot_arm_pollinationConfig.cmake
[14.982s] -- Up-to-date: /home/lcy/ros2_ws/install/only_robot_arm_pollination/share/only_robot_arm_pollination/cmake/only_robot_arm_pollinationConfig-version.cmake
[14.982s] -- Up-to-date: /home/lcy/ros2_ws/install/only_robot_arm_pollination/share/only_robot_arm_pollination/package.xml
[14.983s] Invoked command in '/home/lcy/ros2_ws/build/only_robot_arm_pollination' returned '0': CMAKE_PREFIX_PATH=${CMAKE_PREFIX_PATH}:/opt/ros/jazzy DEBUGINFOD_URLS=https://debuginfod.ubuntu.com /usr/bin/cmake --install /home/lcy/ros2_ws/build/only_robot_arm_pollination
