[0.007s] Invoking command in '/home/lcy/ros2_ws/build/only_robot_arm_moveit_config': CMAKE_PREFIX_PATH=/home/lcy/ros2_ws/install/only_robot_arm:/home/lcy/ros2_ws/install/only_robot_arm_moveit_config:/home/lcy/ros2_ws/install/environment:/opt/ros/jazzy/opt/sdformat_vendor:/opt/ros/jazzy/opt/gz_math_vendor:/opt/ros/jazzy/opt/gz_utils_vendor:/opt/ros/jazzy/opt/gz_tools_vendor:/opt/ros/jazzy/opt/gz_cmake_vendor:/opt/ros/jazzy DEBUGINFOD_URLS=https://debuginfod.ubuntu.com /usr/bin/cmake --build /home/lcy/ros2_ws/build/only_robot_arm_moveit_config -- -j16 -l16
[0.043s] Invoked command in '/home/lcy/ros2_ws/build/only_robot_arm_moveit_config' returned '0': CMAKE_PREFIX_PATH=/home/lcy/ros2_ws/install/only_robot_arm:/home/lcy/ros2_ws/install/only_robot_arm_moveit_config:/home/lcy/ros2_ws/install/environment:/opt/ros/jazzy/opt/sdformat_vendor:/opt/ros/jazzy/opt/gz_math_vendor:/opt/ros/jazzy/opt/gz_utils_vendor:/opt/ros/jazzy/opt/gz_tools_vendor:/opt/ros/jazzy/opt/gz_cmake_vendor:/opt/ros/jazzy DEBUGINFOD_URLS=https://debuginfod.ubuntu.com /usr/bin/cmake --build /home/lcy/ros2_ws/build/only_robot_arm_moveit_config -- -j16 -l16
[0.044s] Invoking command in '/home/lcy/ros2_ws/build/only_robot_arm_moveit_config': CMAKE_PREFIX_PATH=/home/lcy/ros2_ws/install/only_robot_arm:/home/lcy/ros2_ws/install/only_robot_arm_moveit_config:/home/lcy/ros2_ws/install/environment:/opt/ros/jazzy/opt/sdformat_vendor:/opt/ros/jazzy/opt/gz_math_vendor:/opt/ros/jazzy/opt/gz_utils_vendor:/opt/ros/jazzy/opt/gz_tools_vendor:/opt/ros/jazzy/opt/gz_cmake_vendor:/opt/ros/jazzy DEBUGINFOD_URLS=https://debuginfod.ubuntu.com /usr/bin/cmake --install /home/lcy/ros2_ws/build/only_robot_arm_moveit_config
[0.052s] -- Install configuration: ""
[0.052s] -- Execute custom install script
[0.052s] -- Up-to-date symlink: /home/lcy/ros2_ws/install/only_robot_arm_moveit_config/share/only_robot_arm_moveit_config/config/initial_positions.yaml
[0.053s] -- Up-to-date symlink: /home/lcy/ros2_ws/install/only_robot_arm_moveit_config/share/only_robot_arm_moveit_config/config/joint_limits.yaml
[0.053s] -- Up-to-date symlink: /home/lcy/ros2_ws/install/only_robot_arm_moveit_config/share/only_robot_arm_moveit_config/config/kinematics.yaml
[0.053s] -- Up-to-date symlink: /home/lcy/ros2_ws/install/only_robot_arm_moveit_config/share/only_robot_arm_moveit_config/config/moveit_controllers.yaml
[0.053s] -- Up-to-date symlink: /home/lcy/ros2_ws/install/only_robot_arm_moveit_config/share/only_robot_arm_moveit_config/config/ompl_planning.yaml
[0.053s] -- Up-to-date symlink: /home/lcy/ros2_ws/install/only_robot_arm_moveit_config/share/only_robot_arm_moveit_config/config/only_robot_arm.srdf
[0.053s] -- Symlinking: /home/lcy/ros2_ws/install/only_robot_arm_moveit_config/share/only_robot_arm_moveit_config/launch/__pycache__/demo.launch.cpython-312.pyc
[0.062s] -- Up-to-date symlink: /home/lcy/ros2_ws/install/only_robot_arm_moveit_config/share/only_robot_arm_moveit_config/launch/demo.launch.py
[0.062s] -- Up-to-date symlink: /home/lcy/ros2_ws/install/only_robot_arm_moveit_config/share/only_robot_arm_moveit_config/launch/moveit.rviz
[0.062s] -- Up-to-date symlink: /home/lcy/ros2_ws/install/only_robot_arm_moveit_config/share/ament_index/resource_index/package_run_dependencies/only_robot_arm_moveit_config
[0.062s] -- Up-to-date symlink: /home/lcy/ros2_ws/install/only_robot_arm_moveit_config/share/ament_index/resource_index/parent_prefix_path/only_robot_arm_moveit_config
[0.062s] -- Up-to-date symlink: /home/lcy/ros2_ws/install/only_robot_arm_moveit_config/share/only_robot_arm_moveit_config/environment/ament_prefix_path.sh
[0.063s] -- Up-to-date symlink: /home/lcy/ros2_ws/install/only_robot_arm_moveit_config/share/only_robot_arm_moveit_config/environment/ament_prefix_path.dsv
[0.063s] -- Up-to-date symlink: /home/lcy/ros2_ws/install/only_robot_arm_moveit_config/share/only_robot_arm_moveit_config/environment/path.sh
[0.063s] -- Up-to-date symlink: /home/lcy/ros2_ws/install/only_robot_arm_moveit_config/share/only_robot_arm_moveit_config/environment/path.dsv
[0.063s] -- Up-to-date symlink: /home/lcy/ros2_ws/install/only_robot_arm_moveit_config/share/only_robot_arm_moveit_config/local_setup.bash
[0.063s] -- Up-to-date symlink: /home/lcy/ros2_ws/install/only_robot_arm_moveit_config/share/only_robot_arm_moveit_config/local_setup.sh
[0.064s] -- Up-to-date symlink: /home/lcy/ros2_ws/install/only_robot_arm_moveit_config/share/only_robot_arm_moveit_config/local_setup.zsh
[0.064s] -- Up-to-date symlink: /home/lcy/ros2_ws/install/only_robot_arm_moveit_config/share/only_robot_arm_moveit_config/local_setup.dsv
[0.064s] -- Symlinking: /home/lcy/ros2_ws/install/only_robot_arm_moveit_config/share/only_robot_arm_moveit_config/package.dsv
[0.073s] -- Up-to-date symlink: /home/lcy/ros2_ws/install/only_robot_arm_moveit_config/share/ament_index/resource_index/packages/only_robot_arm_moveit_config
[0.073s] -- Up-to-date symlink: /home/lcy/ros2_ws/install/only_robot_arm_moveit_config/share/only_robot_arm_moveit_config/cmake/only_robot_arm_moveit_configConfig.cmake
[0.073s] -- Up-to-date symlink: /home/lcy/ros2_ws/install/only_robot_arm_moveit_config/share/only_robot_arm_moveit_config/cmake/only_robot_arm_moveit_configConfig-version.cmake
[0.073s] -- Up-to-date symlink: /home/lcy/ros2_ws/install/only_robot_arm_moveit_config/share/only_robot_arm_moveit_config/package.xml
[0.075s] Invoked command in '/home/lcy/ros2_ws/build/only_robot_arm_moveit_config' returned '0': CMAKE_PREFIX_PATH=/home/lcy/ros2_ws/install/only_robot_arm:/home/lcy/ros2_ws/install/only_robot_arm_moveit_config:/home/lcy/ros2_ws/install/environment:/opt/ros/jazzy/opt/sdformat_vendor:/opt/ros/jazzy/opt/gz_math_vendor:/opt/ros/jazzy/opt/gz_utils_vendor:/opt/ros/jazzy/opt/gz_tools_vendor:/opt/ros/jazzy/opt/gz_cmake_vendor:/opt/ros/jazzy DEBUGINFOD_URLS=https://debuginfod.ubuntu.com /usr/bin/cmake --install /home/lcy/ros2_ws/build/only_robot_arm_moveit_config
