2026-04-02 12:41:31,586 INFO  Logger.cs: 70 - 
--------------------------------------------------------------------------------
2026-04-02 12:41:31,610 INFO  Logger.cs: 71 - Logging commencing for SW2URDF exporter
2026-04-02 12:41:31,611 INFO  Logger.cs: 73 - Commit version 1.6.0-4-g7f85cfe
2026-04-02 12:41:31,611 INFO  Logger.cs: 74 - Build version 1.6.7995.38578
2026-04-02 12:41:31,612 INFO  SwAddin.cs: 192 - Attempting to connect to SW
2026-04-02 12:41:31,612 INFO  SwAddin.cs: 197 - Setting up callbacks
2026-04-02 12:41:31,612 INFO  SwAddin.cs: 201 - Setting up command manager
2026-04-02 12:41:31,613 INFO  SwAddin.cs: 204 - Adding command manager
2026-04-02 12:41:31,615 INFO  SwAddin.cs: 263 - Adding Assembly export to file menu
2026-04-02 12:41:31,616 INFO  SwAddin.cs: 272 - Adding Part export to file menu
2026-04-02 12:41:31,616 INFO  SwAddin.cs: 210 - Adding event handlers
2026-04-02 12:41:31,629 INFO  SwAddin.cs: 217 - Connecting plugin to SolidWorks
2026-04-02 12:46:24,858 INFO  SwAddin.cs: 294 - Assembly export called for file 总装图.SLDASM
2026-04-02 12:46:24,859 INFO  SwAddin.cs: 299 - Save is required
2026-04-02 12:46:24,859 INFO  SwAddin.cs: 313 - Saving assembly
2026-04-02 12:46:29,996 INFO  SwAddin.cs: 316 - Opening property manager
2026-04-02 12:46:30,003 INFO  ExportHelperExtension.cs: 1125 - Retrieving features of type [CoordSys] from 总装图.SLDASM
2026-04-02 12:46:30,007 INFO  ExportHelperExtension.cs: 1136 - Found 230 in 总装图.SLDASM
2026-04-02 12:46:30,009 INFO  ExportHelperExtension.cs: 1145 - Found 1 features of type [CoordSys] in 总装图.SLDASM
2026-04-02 12:46:30,009 INFO  ExportHelperExtension.cs: 1148 - Proceeding through assembly components
2026-04-02 12:46:30,010 INFO  ExportHelperExtension.cs: 1160 - 48 components to check
2026-04-02 12:46:30,010 INFO  ExportHelperExtension.cs: 1125 - Retrieving features of type [CoordSys] from 左侧导向轮支架-1
2026-04-02 12:46:30,011 INFO  ExportHelperExtension.cs: 1136 - Found 47 in 左侧导向轮支架-1
2026-04-02 12:46:30,011 INFO  ExportHelperExtension.cs: 1145 - Found 0 features of type [CoordSys] in 左侧导向轮支架-1
2026-04-02 12:46:30,011 INFO  ExportHelperExtension.cs: 1125 - Retrieving features of type [CoordSys] from 平台基座-1
2026-04-02 12:46:30,012 INFO  ExportHelperExtension.cs: 1136 - Found 97 in 平台基座-1
2026-04-02 12:46:30,012 INFO  ExportHelperExtension.cs: 1145 - Found 0 features of type [CoordSys] in 平台基座-1
2026-04-02 12:46:30,014 INFO  ExportHelperExtension.cs: 1125 - Retrieving features of type [CoordSys] from 上驱动平台-2
2026-04-02 12:46:30,014 INFO  ExportHelperExtension.cs: 1136 - Found 79 in 上驱动平台-2
2026-04-02 12:46:30,015 INFO  ExportHelperExtension.cs: 1145 - Found 0 features of type [CoordSys] in 上驱动平台-2
2026-04-02 12:46:30,015 INFO  ExportHelperExtension.cs: 1125 - Retrieving features of type [CoordSys] from 下驱动平台-1
2026-04-02 12:46:30,015 INFO  ExportHelperExtension.cs: 1136 - Found 114 in 下驱动平台-1
2026-04-02 12:46:30,016 INFO  ExportHelperExtension.cs: 1145 - Found 0 features of type [CoordSys] in 下驱动平台-1
2026-04-02 12:46:30,016 INFO  ExportHelperExtension.cs: 1125 - Retrieving features of type [CoordSys] from d455支架装配-1
2026-04-02 12:46:30,016 INFO  ExportHelperExtension.cs: 1136 - Found 45 in d455支架装配-1
2026-04-02 12:46:30,017 INFO  ExportHelperExtension.cs: 1145 - Found 0 features of type [CoordSys] in d455支架装配-1
2026-04-02 12:46:30,017 INFO  ExportHelperExtension.cs: 1125 - Retrieving features of type [CoordSys] from Assem1-1
2026-04-02 12:46:30,018 INFO  ExportHelperExtension.cs: 1136 - Found 98 in Assem1-1
2026-04-02 12:46:30,018 INFO  ExportHelperExtension.cs: 1145 - Found 8 features of type [CoordSys] in Assem1-1
2026-04-02 12:46:30,018 INFO  ExportHelperExtension.cs: 1125 - Retrieving features of type [CoordSys] from hexagon socket button head screws gb-3
2026-04-02 12:46:30,019 INFO  ExportHelperExtension.cs: 1136 - Found 43 in hexagon socket button head screws gb-3
2026-04-02 12:46:30,019 INFO  ExportHelperExtension.cs: 1145 - Found 0 features of type [CoordSys] in hexagon socket button head screws gb-3
2026-04-02 12:46:30,019 INFO  ExportHelperExtension.cs: 1125 - Retrieving features of type [CoordSys] from hexagon socket button head screws gb-2
2026-04-02 12:46:30,020 INFO  ExportHelperExtension.cs: 1136 - Found 43 in hexagon socket button head screws gb-2
2026-04-02 12:46:30,020 INFO  ExportHelperExtension.cs: 1145 - Found 0 features of type [CoordSys] in hexagon socket button head screws gb-2
2026-04-02 12:46:30,020 INFO  ExportHelperExtension.cs: 1125 - Retrieving features of type [RefAxis] from 总装图.SLDASM
2026-04-02 12:46:30,020 INFO  ExportHelperExtension.cs: 1136 - Found 230 in 总装图.SLDASM
2026-04-02 12:46:30,021 INFO  ExportHelperExtension.cs: 1145 - Found 0 features of type [RefAxis] in 总装图.SLDASM
2026-04-02 12:46:30,021 INFO  ExportHelperExtension.cs: 1148 - Proceeding through assembly components
2026-04-02 12:46:30,022 INFO  ExportHelperExtension.cs: 1160 - 48 components to check
2026-04-02 12:46:30,022 INFO  ExportHelperExtension.cs: 1125 - Retrieving features of type [RefAxis] from 左侧导向轮支架-1
2026-04-02 12:46:30,022 INFO  ExportHelperExtension.cs: 1136 - Found 47 in 左侧导向轮支架-1
2026-04-02 12:46:30,022 INFO  ExportHelperExtension.cs: 1145 - Found 0 features of type [RefAxis] in 左侧导向轮支架-1
2026-04-02 12:46:30,023 INFO  ExportHelperExtension.cs: 1125 - Retrieving features of type [RefAxis] from 平台基座-1
2026-04-02 12:46:30,023 INFO  ExportHelperExtension.cs: 1136 - Found 97 in 平台基座-1
2026-04-02 12:46:30,024 INFO  ExportHelperExtension.cs: 1145 - Found 0 features of type [RefAxis] in 平台基座-1
2026-04-02 12:46:30,024 INFO  ExportHelperExtension.cs: 1125 - Retrieving features of type [RefAxis] from 上驱动平台-2
2026-04-02 12:46:30,024 INFO  ExportHelperExtension.cs: 1136 - Found 79 in 上驱动平台-2
2026-04-02 12:46:30,025 INFO  ExportHelperExtension.cs: 1145 - Found 0 features of type [RefAxis] in 上驱动平台-2
2026-04-02 12:46:30,025 INFO  ExportHelperExtension.cs: 1125 - Retrieving features of type [RefAxis] from 下驱动平台-1
2026-04-02 12:46:30,025 INFO  ExportHelperExtension.cs: 1136 - Found 114 in 下驱动平台-1
2026-04-02 12:46:30,027 INFO  ExportHelperExtension.cs: 1145 - Found 0 features of type [RefAxis] in 下驱动平台-1
2026-04-02 12:46:30,027 INFO  ExportHelperExtension.cs: 1125 - Retrieving features of type [RefAxis] from d455支架装配-1
2026-04-02 12:46:30,027 INFO  ExportHelperExtension.cs: 1136 - Found 45 in d455支架装配-1
2026-04-02 12:46:30,027 INFO  ExportHelperExtension.cs: 1145 - Found 0 features of type [RefAxis] in d455支架装配-1
2026-04-02 12:46:30,041 INFO  ExportHelperExtension.cs: 1125 - Retrieving features of type [RefAxis] from Assem1-1
2026-04-02 12:46:30,107 INFO  ExportHelperExtension.cs: 1136 - Found 98 in Assem1-1
2026-04-02 12:46:30,108 INFO  ExportHelperExtension.cs: 1145 - Found 16 features of type [RefAxis] in Assem1-1
2026-04-02 12:46:30,108 INFO  ExportHelperExtension.cs: 1125 - Retrieving features of type [RefAxis] from hexagon socket button head screws gb-3
2026-04-02 12:46:30,108 INFO  ExportHelperExtension.cs: 1136 - Found 43 in hexagon socket button head screws gb-3
2026-04-02 12:46:30,109 INFO  ExportHelperExtension.cs: 1145 - Found 0 features of type [RefAxis] in hexagon socket button head screws gb-3
2026-04-02 12:46:30,109 INFO  ExportHelperExtension.cs: 1125 - Retrieving features of type [RefAxis] from hexagon socket button head screws gb-2
2026-04-02 12:46:30,109 INFO  ExportHelperExtension.cs: 1136 - Found 43 in hexagon socket button head screws gb-2
2026-04-02 12:46:30,110 INFO  ExportHelperExtension.cs: 1145 - Found 0 features of type [RefAxis] in hexagon socket button head screws gb-2
2026-04-02 12:46:30,376 INFO  SwAddin.cs: 339 - Loading config tree
2026-04-02 12:46:30,380 INFO  ExportPropertyManagerExtension.cs: 520 - Starting new configuration
2026-04-02 12:46:30,386 INFO  SwAddin.cs: 344 - Showing property manager
2026-04-02 12:46:57,769 INFO  ExportPropertyManager.cs: 1018 - OnComboboxSelectionChanged called. This method no longer throws an Exception. It just silently does nothing. Ok, except for this logging message
2026-04-02 12:47:10,632 INFO  ExportPropertyManager.cs: 422 - Configuration saved
2026-04-02 12:47:43,217 INFO  ExportHelperExtension.cs: 1125 - Retrieving features of type [CoordSys] from 总装图.SLDASM
2026-04-02 12:47:43,220 INFO  ExportHelperExtension.cs: 1136 - Found 231 in 总装图.SLDASM
2026-04-02 12:47:43,221 INFO  ExportHelperExtension.cs: 1145 - Found 1 features of type [CoordSys] in 总装图.SLDASM
2026-04-02 12:47:43,221 INFO  ExportHelperExtension.cs: 1148 - Proceeding through assembly components
2026-04-02 12:47:43,228 INFO  ExportHelperExtension.cs: 1160 - 48 components to check
2026-04-02 12:47:43,228 INFO  ExportHelperExtension.cs: 1125 - Retrieving features of type [CoordSys] from 左侧导向轮支架-1
2026-04-02 12:47:44,088 INFO  ExportHelperExtension.cs: 1136 - Found 47 in 左侧导向轮支架-1
2026-04-02 12:47:44,088 INFO  ExportHelperExtension.cs: 1145 - Found 0 features of type [CoordSys] in 左侧导向轮支架-1
2026-04-02 12:47:44,089 INFO  ExportHelperExtension.cs: 1125 - Retrieving features of type [CoordSys] from 平台基座-1
2026-04-02 12:47:44,089 INFO  ExportHelperExtension.cs: 1136 - Found 97 in 平台基座-1
2026-04-02 12:47:44,090 INFO  ExportHelperExtension.cs: 1145 - Found 0 features of type [CoordSys] in 平台基座-1
2026-04-02 12:47:44,090 INFO  ExportHelperExtension.cs: 1125 - Retrieving features of type [CoordSys] from 轨道与支撑-1
2026-04-02 12:47:44,091 INFO  ExportHelperExtension.cs: 1136 - Found 40 in 轨道与支撑-1
2026-04-02 12:47:44,091 INFO  ExportHelperExtension.cs: 1145 - Found 0 features of type [CoordSys] in 轨道与支撑-1
2026-04-02 12:47:44,091 INFO  ExportHelperExtension.cs: 1125 - Retrieving features of type [CoordSys] from 上驱动平台-2
2026-04-02 12:47:44,092 INFO  ExportHelperExtension.cs: 1136 - Found 79 in 上驱动平台-2
2026-04-02 12:47:44,092 INFO  ExportHelperExtension.cs: 1145 - Found 0 features of type [CoordSys] in 上驱动平台-2
2026-04-02 12:47:44,092 INFO  ExportHelperExtension.cs: 1125 - Retrieving features of type [CoordSys] from 下驱动平台-1
2026-04-02 12:47:44,093 INFO  ExportHelperExtension.cs: 1136 - Found 114 in 下驱动平台-1
2026-04-02 12:47:44,093 INFO  ExportHelperExtension.cs: 1145 - Found 0 features of type [CoordSys] in 下驱动平台-1
2026-04-02 12:47:44,094 INFO  ExportHelperExtension.cs: 1125 - Retrieving features of type [CoordSys] from 左右轨道内部导向-1
2026-04-02 12:47:44,094 INFO  ExportHelperExtension.cs: 1136 - Found 31 in 左右轨道内部导向-1
2026-04-02 12:47:44,094 INFO  ExportHelperExtension.cs: 1145 - Found 0 features of type [CoordSys] in 左右轨道内部导向-1
2026-04-02 12:47:44,094 INFO  ExportHelperExtension.cs: 1125 - Retrieving features of type [CoordSys] from 左右轨道内部导向-3
2026-04-02 12:47:44,095 INFO  ExportHelperExtension.cs: 1136 - Found 31 in 左右轨道内部导向-3
2026-04-02 12:47:44,095 INFO  ExportHelperExtension.cs: 1145 - Found 0 features of type [CoordSys] in 左右轨道内部导向-3
2026-04-02 12:47:44,095 INFO  ExportHelperExtension.cs: 1125 - Retrieving features of type [CoordSys] from 上下夹紧导向轮-6
2026-04-02 12:47:44,096 INFO  ExportHelperExtension.cs: 1136 - Found 31 in 上下夹紧导向轮-6
2026-04-02 12:47:44,096 INFO  ExportHelperExtension.cs: 1145 - Found 0 features of type [CoordSys] in 上下夹紧导向轮-6
2026-04-02 12:47:44,096 INFO  ExportHelperExtension.cs: 1125 - Retrieving features of type [CoordSys] from 左右轨道内部导向-2
2026-04-02 12:47:44,097 INFO  ExportHelperExtension.cs: 1136 - Found 31 in 左右轨道内部导向-2
2026-04-02 12:47:44,097 INFO  ExportHelperExtension.cs: 1145 - Found 0 features of type [CoordSys] in 左右轨道内部导向-2
2026-04-02 12:47:44,097 INFO  ExportHelperExtension.cs: 1125 - Retrieving features of type [CoordSys] from 上下夹紧导向轮-1
2026-04-02 12:47:44,097 INFO  ExportHelperExtension.cs: 1136 - Found 31 in 上下夹紧导向轮-1
2026-04-02 12:47:44,098 INFO  ExportHelperExtension.cs: 1145 - Found 0 features of type [CoordSys] in 上下夹紧导向轮-1
2026-04-02 12:47:44,098 INFO  ExportHelperExtension.cs: 1125 - Retrieving features of type [CoordSys] from 上下夹紧导向轮-4
2026-04-02 12:47:44,098 INFO  ExportHelperExtension.cs: 1136 - Found 31 in 上下夹紧导向轮-4
2026-04-02 12:47:44,099 INFO  ExportHelperExtension.cs: 1145 - Found 0 features of type [CoordSys] in 上下夹紧导向轮-4
2026-04-02 12:47:44,099 INFO  ExportHelperExtension.cs: 1125 - Retrieving features of type [CoordSys] from 上下夹紧导向轮-5
2026-04-02 12:47:44,099 INFO  ExportHelperExtension.cs: 1136 - Found 31 in 上下夹紧导向轮-5
2026-04-02 12:47:44,099 INFO  ExportHelperExtension.cs: 1145 - Found 0 features of type [CoordSys] in 上下夹紧导向轮-5
2026-04-02 12:47:44,100 INFO  ExportHelperExtension.cs: 1125 - Retrieving features of type [CoordSys] from 上下夹紧导向轮-7
2026-04-02 12:47:44,100 INFO  ExportHelperExtension.cs: 1136 - Found 31 in 上下夹紧导向轮-7
2026-04-02 12:47:44,100 INFO  ExportHelperExtension.cs: 1145 - Found 0 features of type [CoordSys] in 上下夹紧导向轮-7
2026-04-02 12:47:44,101 INFO  ExportHelperExtension.cs: 1125 - Retrieving features of type [CoordSys] from 上下夹紧导向轮-8
2026-04-02 12:47:44,101 INFO  ExportHelperExtension.cs: 1136 - Found 31 in 上下夹紧导向轮-8
2026-04-02 12:47:44,101 INFO  ExportHelperExtension.cs: 1145 - Found 0 features of type [CoordSys] in 上下夹紧导向轮-8
2026-04-02 12:47:44,101 INFO  ExportHelperExtension.cs: 1125 - Retrieving features of type [CoordSys] from 左前侧导向轮支架-1
2026-04-02 12:47:44,102 INFO  ExportHelperExtension.cs: 1136 - Found 47 in 左前侧导向轮支架-1
2026-04-02 12:47:44,103 INFO  ExportHelperExtension.cs: 1145 - Found 0 features of type [CoordSys] in 左前侧导向轮支架-1
2026-04-02 12:47:44,103 INFO  ExportHelperExtension.cs: 1125 - Retrieving features of type [CoordSys] from 上下夹紧导向轮-9
2026-04-02 12:47:44,103 INFO  ExportHelperExtension.cs: 1136 - Found 31 in 上下夹紧导向轮-9
2026-04-02 12:47:44,103 INFO  ExportHelperExtension.cs: 1145 - Found 0 features of type [CoordSys] in 上下夹紧导向轮-9
2026-04-02 12:47:44,104 INFO  ExportHelperExtension.cs: 1125 - Retrieving features of type [CoordSys] from 上下夹紧导向轮-10
2026-04-02 12:47:44,104 INFO  ExportHelperExtension.cs: 1136 - Found 31 in 上下夹紧导向轮-10
2026-04-02 12:47:44,104 INFO  ExportHelperExtension.cs: 1145 - Found 0 features of type [CoordSys] in 上下夹紧导向轮-10
2026-04-02 12:47:44,105 INFO  ExportHelperExtension.cs: 1125 - Retrieving features of type [CoordSys] from 左右轨道内部导向-4
2026-04-02 12:47:44,105 INFO  ExportHelperExtension.cs: 1136 - Found 31 in 左右轨道内部导向-4
2026-04-02 12:47:44,105 INFO  ExportHelperExtension.cs: 1145 - Found 0 features of type [CoordSys] in 左右轨道内部导向-4
2026-04-02 12:47:44,105 INFO  ExportHelperExtension.cs: 1125 - Retrieving features of type [CoordSys] from 左侧导向轮支架镜像-1
2026-04-02 12:47:44,106 INFO  ExportHelperExtension.cs: 1136 - Found 51 in 左侧导向轮支架镜像-1
2026-04-02 12:47:44,106 INFO  ExportHelperExtension.cs: 1145 - Found 0 features of type [CoordSys] in 左侧导向轮支架镜像-1
2026-04-02 12:47:44,106 INFO  ExportHelperExtension.cs: 1125 - Retrieving features of type [CoordSys] from 零件5-1
2026-04-02 12:47:44,107 INFO  ExportHelperExtension.cs: 1136 - Found 33 in 零件5-1
2026-04-02 12:47:44,107 INFO  ExportHelperExtension.cs: 1145 - Found 0 features of type [CoordSys] in 零件5-1
2026-04-02 12:47:44,107 INFO  ExportHelperExtension.cs: 1125 - Retrieving features of type [CoordSys] from 左前侧导向轮支架镜像-1
2026-04-02 12:47:44,108 INFO  ExportHelperExtension.cs: 1136 - Found 51 in 左前侧导向轮支架镜像-1
2026-04-02 12:47:44,108 INFO  ExportHelperExtension.cs: 1145 - Found 0 features of type [CoordSys] in 左前侧导向轮支架镜像-1
2026-04-02 12:47:44,108 INFO  ExportHelperExtension.cs: 1125 - Retrieving features of type [CoordSys] from 药液瓶与支架-1
2026-04-02 12:47:44,109 INFO  ExportHelperExtension.cs: 1136 - Found 27 in 药液瓶与支架-1
2026-04-02 12:47:44,109 INFO  ExportHelperExtension.cs: 1145 - Found 0 features of type [CoordSys] in 药液瓶与支架-1
2026-04-02 12:47:44,109 INFO  ExportHelperExtension.cs: 1125 - Retrieving features of type [CoordSys] from hex nut style 1_am-4
2026-04-02 12:47:44,110 INFO  ExportHelperExtension.cs: 1136 - Found 40 in hex nut style 1_am-4
2026-04-02 12:47:44,110 INFO  ExportHelperExtension.cs: 1145 - Found 0 features of type [CoordSys] in hex nut style 1_am-4
2026-04-02 12:47:44,110 INFO  ExportHelperExtension.cs: 1125 - Retrieving features of type [CoordSys] from hex nut style 1_am-2
2026-04-02 12:47:44,110 INFO  ExportHelperExtension.cs: 1136 - Found 40 in hex nut style 1_am-2
2026-04-02 12:47:44,111 INFO  ExportHelperExtension.cs: 1145 - Found 0 features of type [CoordSys] in hex nut style 1_am-2
2026-04-02 12:47:44,111 INFO  ExportHelperExtension.cs: 1125 - Retrieving features of type [CoordSys] from hex nut style 1_am-1
2026-04-02 12:47:44,111 INFO  ExportHelperExtension.cs: 1136 - Found 40 in hex nut style 1_am-1
2026-04-02 12:47:44,112 INFO  ExportHelperExtension.cs: 1145 - Found 0 features of type [CoordSys] in hex nut style 1_am-1
2026-04-02 12:47:44,112 INFO  ExportHelperExtension.cs: 1125 - Retrieving features of type [CoordSys] from socket head cap screw_am-2
2026-04-02 12:47:44,112 INFO  ExportHelperExtension.cs: 1136 - Found 46 in socket head cap screw_am-2
2026-04-02 12:47:44,112 INFO  ExportHelperExtension.cs: 1145 - Found 0 features of type [CoordSys] in socket head cap screw_am-2
2026-04-02 12:47:44,112 INFO  ExportHelperExtension.cs: 1125 - Retrieving features of type [CoordSys] from Assembly_with_Enclosure_and_Fans-1
2026-04-02 12:47:44,114 INFO  ExportHelperExtension.cs: 1136 - Found 25 in Assembly_with_Enclosure_and_Fans-1
2026-04-02 12:47:44,114 INFO  ExportHelperExtension.cs: 1145 - Found 0 features of type [CoordSys] in Assembly_with_Enclosure_and_Fans-1
2026-04-02 12:47:44,114 INFO  ExportHelperExtension.cs: 1125 - Retrieving features of type [CoordSys] from d455支架装配-1
2026-04-02 12:47:44,115 INFO  ExportHelperExtension.cs: 1136 - Found 45 in d455支架装配-1
2026-04-02 12:47:44,115 INFO  ExportHelperExtension.cs: 1145 - Found 0 features of type [CoordSys] in d455支架装配-1
2026-04-02 12:47:44,115 INFO  ExportHelperExtension.cs: 1125 - Retrieving features of type [CoordSys] from 相机连接板-1
2026-04-02 12:47:44,115 INFO  ExportHelperExtension.cs: 1136 - Found 34 in 相机连接板-1
2026-04-02 12:47:44,116 INFO  ExportHelperExtension.cs: 1145 - Found 0 features of type [CoordSys] in 相机连接板-1
2026-04-02 12:47:44,116 INFO  ExportHelperExtension.cs: 1125 - Retrieving features of type [CoordSys] from 蠕动泵-2
2026-04-02 12:47:44,116 INFO  ExportHelperExtension.cs: 1136 - Found 24 in 蠕动泵-2
2026-04-02 12:47:44,117 INFO  ExportHelperExtension.cs: 1145 - Found 0 features of type [CoordSys] in 蠕动泵-2
2026-04-02 12:47:44,117 INFO  ExportHelperExtension.cs: 1125 - Retrieving features of type [CoordSys] from socket head cap screw_am-1
2026-04-02 12:47:44,117 INFO  ExportHelperExtension.cs: 1136 - Found 46 in socket head cap screw_am-1
2026-04-02 12:47:44,118 INFO  ExportHelperExtension.cs: 1145 - Found 0 features of type [CoordSys] in socket head cap screw_am-1
2026-04-02 12:47:44,118 INFO  ExportHelperExtension.cs: 1125 - Retrieving features of type [CoordSys] from kpm12c-2
2026-04-02 12:47:44,118 INFO  ExportHelperExtension.cs: 1136 - Found 32 in kpm12c-2
2026-04-02 12:47:44,119 INFO  ExportHelperExtension.cs: 1145 - Found 0 features of type [CoordSys] in kpm12c-2
2026-04-02 12:47:44,119 INFO  ExportHelperExtension.cs: 1125 - Retrieving features of type [CoordSys] from hex nut style 1_am-3
2026-04-02 12:47:44,119 INFO  ExportHelperExtension.cs: 1136 - Found 40 in hex nut style 1_am-3
2026-04-02 12:47:44,120 INFO  ExportHelperExtension.cs: 1145 - Found 0 features of type [CoordSys] in hex nut style 1_am-3
2026-04-02 12:47:44,120 INFO  ExportHelperExtension.cs: 1125 - Retrieving features of type [CoordSys] from hex thin nuts-grades ab-chamfered gb-3
2026-04-02 12:47:44,120 INFO  ExportHelperExtension.cs: 1136 - Found 37 in hex thin nuts-grades ab-chamfered gb-3
2026-04-02 12:47:44,121 INFO  ExportHelperExtension.cs: 1145 - Found 0 features of type [CoordSys] in hex thin nuts-grades ab-chamfered gb-3
2026-04-02 12:47:44,121 INFO  ExportHelperExtension.cs: 1125 - Retrieving features of type [CoordSys] from hex lobular socket head cap screws-8.8 gb-7
2026-04-02 12:47:44,121 INFO  ExportHelperExtension.cs: 1136 - Found 44 in hex lobular socket head cap screws-8.8 gb-7
2026-04-02 12:47:44,122 INFO  ExportHelperExtension.cs: 1145 - Found 0 features of type [CoordSys] in hex lobular socket head cap screws-8.8 gb-7
2026-04-02 12:47:44,122 INFO  ExportHelperExtension.cs: 1125 - Retrieving features of type [CoordSys] from hex lobular socket head cap screws-8.8 gb-9
2026-04-02 12:47:44,122 INFO  ExportHelperExtension.cs: 1136 - Found 44 in hex lobular socket head cap screws-8.8 gb-9
2026-04-02 12:47:44,122 INFO  ExportHelperExtension.cs: 1145 - Found 0 features of type [CoordSys] in hex lobular socket head cap screws-8.8 gb-9
2026-04-02 12:47:44,123 INFO  ExportHelperExtension.cs: 1125 - Retrieving features of type [CoordSys] from hex thin nuts-grades ab-chamfered gb-1
2026-04-02 12:47:44,123 INFO  ExportHelperExtension.cs: 1136 - Found 37 in hex thin nuts-grades ab-chamfered gb-1
2026-04-02 12:47:44,123 INFO  ExportHelperExtension.cs: 1145 - Found 0 features of type [CoordSys] in hex thin nuts-grades ab-chamfered gb-1
2026-04-02 12:47:44,124 INFO  ExportHelperExtension.cs: 1125 - Retrieving features of type [CoordSys] from Assem1-1
2026-04-02 12:47:44,128 INFO  ExportHelperExtension.cs: 1136 - Found 98 in Assem1-1
2026-04-02 12:47:44,128 INFO  ExportHelperExtension.cs: 1145 - Found 8 features of type [CoordSys] in Assem1-1
2026-04-02 12:47:44,129 INFO  ExportHelperExtension.cs: 1125 - Retrieving features of type [CoordSys] from hex lobular socket head cap screws-8.8 gb-6
2026-04-02 12:47:44,155 INFO  ExportHelperExtension.cs: 1136 - Found 44 in hex lobular socket head cap screws-8.8 gb-6
2026-04-02 12:47:44,156 INFO  ExportHelperExtension.cs: 1145 - Found 0 features of type [CoordSys] in hex lobular socket head cap screws-8.8 gb-6
2026-04-02 12:47:44,156 INFO  ExportHelperExtension.cs: 1125 - Retrieving features of type [CoordSys] from hexagon socket button head screws gb-3
2026-04-02 12:47:44,157 INFO  ExportHelperExtension.cs: 1136 - Found 43 in hexagon socket button head screws gb-3
2026-04-02 12:47:44,157 INFO  ExportHelperExtension.cs: 1145 - Found 0 features of type [CoordSys] in hexagon socket button head screws gb-3
2026-04-02 12:47:44,157 INFO  ExportHelperExtension.cs: 1125 - Retrieving features of type [CoordSys] from hex nut style 1_am-6
2026-04-02 12:47:44,158 INFO  ExportHelperExtension.cs: 1136 - Found 40 in hex nut style 1_am-6
2026-04-02 12:47:44,158 INFO  ExportHelperExtension.cs: 1145 - Found 0 features of type [CoordSys] in hex nut style 1_am-6
2026-04-02 12:47:44,158 INFO  ExportHelperExtension.cs: 1125 - Retrieving features of type [CoordSys] from hex nut style 1_am-5
2026-04-02 12:47:44,158 INFO  ExportHelperExtension.cs: 1136 - Found 40 in hex nut style 1_am-5
2026-04-02 12:47:44,159 INFO  ExportHelperExtension.cs: 1145 - Found 0 features of type [CoordSys] in hex nut style 1_am-5
2026-04-02 12:47:44,159 INFO  ExportHelperExtension.cs: 1125 - Retrieving features of type [CoordSys] from hex lobular socket head cap screws-8.8 gb-8
2026-04-02 12:47:44,159 INFO  ExportHelperExtension.cs: 1136 - Found 44 in hex lobular socket head cap screws-8.8 gb-8
2026-04-02 12:47:44,160 INFO  ExportHelperExtension.cs: 1145 - Found 0 features of type [CoordSys] in hex lobular socket head cap screws-8.8 gb-8
2026-04-02 12:47:44,160 INFO  ExportHelperExtension.cs: 1125 - Retrieving features of type [CoordSys] from hex thin nuts-grades ab-chamfered gb-2
2026-04-02 12:47:44,160 INFO  ExportHelperExtension.cs: 1136 - Found 37 in hex thin nuts-grades ab-chamfered gb-2
2026-04-02 12:47:44,161 INFO  ExportHelperExtension.cs: 1145 - Found 0 features of type [CoordSys] in hex thin nuts-grades ab-chamfered gb-2
2026-04-02 12:47:44,161 INFO  ExportHelperExtension.cs: 1125 - Retrieving features of type [CoordSys] from hex thin nuts-grades ab-chamfered gb-8
2026-04-02 12:47:44,161 INFO  ExportHelperExtension.cs: 1136 - Found 37 in hex thin nuts-grades ab-chamfered gb-8
2026-04-02 12:47:44,161 INFO  ExportHelperExtension.cs: 1145 - Found 0 features of type [CoordSys] in hex thin nuts-grades ab-chamfered gb-8
2026-04-02 12:47:44,162 INFO  ExportHelperExtension.cs: 1125 - Retrieving features of type [CoordSys] from hexagon socket button head screws gb-2
2026-04-02 12:47:44,162 INFO  ExportHelperExtension.cs: 1136 - Found 43 in hexagon socket button head screws gb-2
2026-04-02 12:47:44,162 INFO  ExportHelperExtension.cs: 1145 - Found 0 features of type [CoordSys] in hexagon socket button head screws gb-2
2026-04-02 12:47:44,163 INFO  ExportHelperExtension.cs: 1125 - Retrieving features of type [CoordSys] from hex thin nuts-grades ab-chamfered gb-4
2026-04-02 12:47:44,163 INFO  ExportHelperExtension.cs: 1136 - Found 37 in hex thin nuts-grades ab-chamfered gb-4
2026-04-02 12:47:44,163 INFO  ExportHelperExtension.cs: 1145 - Found 0 features of type [CoordSys] in hex thin nuts-grades ab-chamfered gb-4
2026-04-02 12:47:44,163 INFO  ExportHelperExtension.cs: 1125 - Retrieving features of type [CoordSys] from hex thin nuts-grades ab-chamfered gb-7
2026-04-02 12:47:44,164 INFO  ExportHelperExtension.cs: 1136 - Found 37 in hex thin nuts-grades ab-chamfered gb-7
2026-04-02 12:47:44,164 INFO  ExportHelperExtension.cs: 1145 - Found 0 features of type [CoordSys] in hex thin nuts-grades ab-chamfered gb-7
2026-04-02 12:47:44,164 INFO  ExportHelperExtension.cs: 1125 - Retrieving features of type [RefAxis] from 总装图.SLDASM
2026-04-02 12:47:44,165 INFO  ExportHelperExtension.cs: 1136 - Found 231 in 总装图.SLDASM
2026-04-02 12:47:44,165 INFO  ExportHelperExtension.cs: 1145 - Found 0 features of type [RefAxis] in 总装图.SLDASM
2026-04-02 12:47:44,166 INFO  ExportHelperExtension.cs: 1148 - Proceeding through assembly components
2026-04-02 12:47:44,166 INFO  ExportHelperExtension.cs: 1160 - 48 components to check
2026-04-02 12:47:44,166 INFO  ExportHelperExtension.cs: 1125 - Retrieving features of type [RefAxis] from 左侧导向轮支架-1
2026-04-02 12:47:44,166 INFO  ExportHelperExtension.cs: 1136 - Found 47 in 左侧导向轮支架-1
2026-04-02 12:47:44,167 INFO  ExportHelperExtension.cs: 1145 - Found 0 features of type [RefAxis] in 左侧导向轮支架-1
2026-04-02 12:47:44,167 INFO  ExportHelperExtension.cs: 1125 - Retrieving features of type [RefAxis] from 平台基座-1
2026-04-02 12:47:44,167 INFO  ExportHelperExtension.cs: 1136 - Found 97 in 平台基座-1
2026-04-02 12:47:44,168 INFO  ExportHelperExtension.cs: 1145 - Found 0 features of type [RefAxis] in 平台基座-1
2026-04-02 12:47:44,168 INFO  ExportHelperExtension.cs: 1125 - Retrieving features of type [RefAxis] from 轨道与支撑-1
2026-04-02 12:47:44,168 INFO  ExportHelperExtension.cs: 1136 - Found 40 in 轨道与支撑-1
2026-04-02 12:47:44,169 INFO  ExportHelperExtension.cs: 1145 - Found 0 features of type [RefAxis] in 轨道与支撑-1
2026-04-02 12:47:44,169 INFO  ExportHelperExtension.cs: 1125 - Retrieving features of type [RefAxis] from 上驱动平台-2
2026-04-02 12:47:44,169 INFO  ExportHelperExtension.cs: 1136 - Found 79 in 上驱动平台-2
2026-04-02 12:47:44,170 INFO  ExportHelperExtension.cs: 1145 - Found 0 features of type [RefAxis] in 上驱动平台-2
2026-04-02 12:47:44,170 INFO  ExportHelperExtension.cs: 1125 - Retrieving features of type [RefAxis] from 下驱动平台-1
2026-04-02 12:47:44,171 INFO  ExportHelperExtension.cs: 1136 - Found 114 in 下驱动平台-1
2026-04-02 12:47:44,171 INFO  ExportHelperExtension.cs: 1145 - Found 0 features of type [RefAxis] in 下驱动平台-1
2026-04-02 12:47:44,171 INFO  ExportHelperExtension.cs: 1125 - Retrieving features of type [RefAxis] from 左右轨道内部导向-1
2026-04-02 12:47:44,172 INFO  ExportHelperExtension.cs: 1136 - Found 31 in 左右轨道内部导向-1
2026-04-02 12:47:44,172 INFO  ExportHelperExtension.cs: 1145 - Found 0 features of type [RefAxis] in 左右轨道内部导向-1
2026-04-02 12:47:44,172 INFO  ExportHelperExtension.cs: 1125 - Retrieving features of type [RefAxis] from 左右轨道内部导向-3
2026-04-02 12:47:44,172 INFO  ExportHelperExtension.cs: 1136 - Found 31 in 左右轨道内部导向-3
2026-04-02 12:47:44,173 INFO  ExportHelperExtension.cs: 1145 - Found 0 features of type [RefAxis] in 左右轨道内部导向-3
2026-04-02 12:47:44,173 INFO  ExportHelperExtension.cs: 1125 - Retrieving features of type [RefAxis] from 上下夹紧导向轮-6
2026-04-02 12:47:44,173 INFO  ExportHelperExtension.cs: 1136 - Found 31 in 上下夹紧导向轮-6
2026-04-02 12:47:44,174 INFO  ExportHelperExtension.cs: 1145 - Found 0 features of type [RefAxis] in 上下夹紧导向轮-6
2026-04-02 12:47:44,174 INFO  ExportHelperExtension.cs: 1125 - Retrieving features of type [RefAxis] from 左右轨道内部导向-2
2026-04-02 12:47:44,174 INFO  ExportHelperExtension.cs: 1136 - Found 31 in 左右轨道内部导向-2
2026-04-02 12:47:44,174 INFO  ExportHelperExtension.cs: 1145 - Found 0 features of type [RefAxis] in 左右轨道内部导向-2
2026-04-02 12:47:44,175 INFO  ExportHelperExtension.cs: 1125 - Retrieving features of type [RefAxis] from 上下夹紧导向轮-1
2026-04-02 12:47:44,175 INFO  ExportHelperExtension.cs: 1136 - Found 31 in 上下夹紧导向轮-1
2026-04-02 12:47:44,175 INFO  ExportHelperExtension.cs: 1145 - Found 0 features of type [RefAxis] in 上下夹紧导向轮-1
2026-04-02 12:47:44,175 INFO  ExportHelperExtension.cs: 1125 - Retrieving features of type [RefAxis] from 上下夹紧导向轮-4
2026-04-02 12:47:44,176 INFO  ExportHelperExtension.cs: 1136 - Found 31 in 上下夹紧导向轮-4
2026-04-02 12:47:44,176 INFO  ExportHelperExtension.cs: 1145 - Found 0 features of type [RefAxis] in 上下夹紧导向轮-4
2026-04-02 12:47:44,176 INFO  ExportHelperExtension.cs: 1125 - Retrieving features of type [RefAxis] from 上下夹紧导向轮-5
2026-04-02 12:47:44,177 INFO  ExportHelperExtension.cs: 1136 - Found 31 in 上下夹紧导向轮-5
2026-04-02 12:47:44,177 INFO  ExportHelperExtension.cs: 1145 - Found 0 features of type [RefAxis] in 上下夹紧导向轮-5
2026-04-02 12:47:44,177 INFO  ExportHelperExtension.cs: 1125 - Retrieving features of type [RefAxis] from 上下夹紧导向轮-7
2026-04-02 12:47:44,177 INFO  ExportHelperExtension.cs: 1136 - Found 31 in 上下夹紧导向轮-7
2026-04-02 12:47:44,178 INFO  ExportHelperExtension.cs: 1145 - Found 0 features of type [RefAxis] in 上下夹紧导向轮-7
2026-04-02 12:47:44,178 INFO  ExportHelperExtension.cs: 1125 - Retrieving features of type [RefAxis] from 上下夹紧导向轮-8
2026-04-02 12:47:44,178 INFO  ExportHelperExtension.cs: 1136 - Found 31 in 上下夹紧导向轮-8
2026-04-02 12:47:44,178 INFO  ExportHelperExtension.cs: 1145 - Found 0 features of type [RefAxis] in 上下夹紧导向轮-8
2026-04-02 12:47:44,180 INFO  ExportHelperExtension.cs: 1125 - Retrieving features of type [RefAxis] from 左前侧导向轮支架-1
2026-04-02 12:47:44,180 INFO  ExportHelperExtension.cs: 1136 - Found 47 in 左前侧导向轮支架-1
2026-04-02 12:47:44,180 INFO  ExportHelperExtension.cs: 1145 - Found 0 features of type [RefAxis] in 左前侧导向轮支架-1
2026-04-02 12:47:44,181 INFO  ExportHelperExtension.cs: 1125 - Retrieving features of type [RefAxis] from 上下夹紧导向轮-9
2026-04-02 12:47:44,181 INFO  ExportHelperExtension.cs: 1136 - Found 31 in 上下夹紧导向轮-9
2026-04-02 12:47:44,181 INFO  ExportHelperExtension.cs: 1145 - Found 0 features of type [RefAxis] in 上下夹紧导向轮-9
2026-04-02 12:47:44,181 INFO  ExportHelperExtension.cs: 1125 - Retrieving features of type [RefAxis] from 上下夹紧导向轮-10
2026-04-02 12:47:44,182 INFO  ExportHelperExtension.cs: 1136 - Found 31 in 上下夹紧导向轮-10
2026-04-02 12:47:44,182 INFO  ExportHelperExtension.cs: 1145 - Found 0 features of type [RefAxis] in 上下夹紧导向轮-10
2026-04-02 12:47:44,182 INFO  ExportHelperExtension.cs: 1125 - Retrieving features of type [RefAxis] from 左右轨道内部导向-4
2026-04-02 12:47:44,183 INFO  ExportHelperExtension.cs: 1136 - Found 31 in 左右轨道内部导向-4
2026-04-02 12:47:44,183 INFO  ExportHelperExtension.cs: 1145 - Found 0 features of type [RefAxis] in 左右轨道内部导向-4
2026-04-02 12:47:44,183 INFO  ExportHelperExtension.cs: 1125 - Retrieving features of type [RefAxis] from 左侧导向轮支架镜像-1
2026-04-02 12:47:44,184 INFO  ExportHelperExtension.cs: 1136 - Found 51 in 左侧导向轮支架镜像-1
2026-04-02 12:47:44,184 INFO  ExportHelperExtension.cs: 1145 - Found 0 features of type [RefAxis] in 左侧导向轮支架镜像-1
2026-04-02 12:47:44,184 INFO  ExportHelperExtension.cs: 1125 - Retrieving features of type [RefAxis] from 零件5-1
2026-04-02 12:47:44,185 INFO  ExportHelperExtension.cs: 1136 - Found 33 in 零件5-1
2026-04-02 12:47:44,185 INFO  ExportHelperExtension.cs: 1145 - Found 0 features of type [RefAxis] in 零件5-1
2026-04-02 12:47:44,185 INFO  ExportHelperExtension.cs: 1125 - Retrieving features of type [RefAxis] from 左前侧导向轮支架镜像-1
2026-04-02 12:47:44,186 INFO  ExportHelperExtension.cs: 1136 - Found 51 in 左前侧导向轮支架镜像-1
2026-04-02 12:47:44,186 INFO  ExportHelperExtension.cs: 1145 - Found 0 features of type [RefAxis] in 左前侧导向轮支架镜像-1
2026-04-02 12:47:44,186 INFO  ExportHelperExtension.cs: 1125 - Retrieving features of type [RefAxis] from 药液瓶与支架-1
2026-04-02 12:47:44,186 INFO  ExportHelperExtension.cs: 1136 - Found 27 in 药液瓶与支架-1
2026-04-02 12:47:44,187 INFO  ExportHelperExtension.cs: 1145 - Found 0 features of type [RefAxis] in 药液瓶与支架-1
2026-04-02 12:47:44,187 INFO  ExportHelperExtension.cs: 1125 - Retrieving features of type [RefAxis] from hex nut style 1_am-4
2026-04-02 12:47:44,187 INFO  ExportHelperExtension.cs: 1136 - Found 40 in hex nut style 1_am-4
2026-04-02 12:47:44,188 INFO  ExportHelperExtension.cs: 1145 - Found 0 features of type [RefAxis] in hex nut style 1_am-4
2026-04-02 12:47:44,188 INFO  ExportHelperExtension.cs: 1125 - Retrieving features of type [RefAxis] from hex nut style 1_am-2
2026-04-02 12:47:44,188 INFO  ExportHelperExtension.cs: 1136 - Found 40 in hex nut style 1_am-2
2026-04-02 12:47:44,189 INFO  ExportHelperExtension.cs: 1145 - Found 0 features of type [RefAxis] in hex nut style 1_am-2
2026-04-02 12:47:44,189 INFO  ExportHelperExtension.cs: 1125 - Retrieving features of type [RefAxis] from hex nut style 1_am-1
2026-04-02 12:47:44,189 INFO  ExportHelperExtension.cs: 1136 - Found 40 in hex nut style 1_am-1
2026-04-02 12:47:44,189 INFO  ExportHelperExtension.cs: 1145 - Found 0 features of type [RefAxis] in hex nut style 1_am-1
2026-04-02 12:47:44,190 INFO  ExportHelperExtension.cs: 1125 - Retrieving features of type [RefAxis] from socket head cap screw_am-2
2026-04-02 12:47:44,190 INFO  ExportHelperExtension.cs: 1136 - Found 46 in socket head cap screw_am-2
2026-04-02 12:47:44,199 INFO  ExportHelperExtension.cs: 1145 - Found 0 features of type [RefAxis] in socket head cap screw_am-2
2026-04-02 12:47:44,201 INFO  ExportHelperExtension.cs: 1125 - Retrieving features of type [RefAxis] from Assembly_with_Enclosure_and_Fans-1
2026-04-02 12:47:44,209 INFO  ExportHelperExtension.cs: 1136 - Found 25 in Assembly_with_Enclosure_and_Fans-1
2026-04-02 12:47:44,210 INFO  ExportHelperExtension.cs: 1145 - Found 0 features of type [RefAxis] in Assembly_with_Enclosure_and_Fans-1
2026-04-02 12:47:44,210 INFO  ExportHelperExtension.cs: 1125 - Retrieving features of type [RefAxis] from d455支架装配-1
2026-04-02 12:47:44,219 INFO  ExportHelperExtension.cs: 1136 - Found 45 in d455支架装配-1
2026-04-02 12:47:44,219 INFO  ExportHelperExtension.cs: 1145 - Found 0 features of type [RefAxis] in d455支架装配-1
2026-04-02 12:47:44,220 INFO  ExportHelperExtension.cs: 1125 - Retrieving features of type [RefAxis] from 相机连接板-1
2026-04-02 12:47:44,220 INFO  ExportHelperExtension.cs: 1136 - Found 34 in 相机连接板-1
2026-04-02 12:47:44,220 INFO  ExportHelperExtension.cs: 1145 - Found 0 features of type [RefAxis] in 相机连接板-1
2026-04-02 12:47:44,221 INFO  ExportHelperExtension.cs: 1125 - Retrieving features of type [RefAxis] from 蠕动泵-2
2026-04-02 12:47:44,221 INFO  ExportHelperExtension.cs: 1136 - Found 24 in 蠕动泵-2
2026-04-02 12:47:44,221 INFO  ExportHelperExtension.cs: 1145 - Found 0 features of type [RefAxis] in 蠕动泵-2
2026-04-02 12:47:44,221 INFO  ExportHelperExtension.cs: 1125 - Retrieving features of type [RefAxis] from socket head cap screw_am-1
2026-04-02 12:47:44,222 INFO  ExportHelperExtension.cs: 1136 - Found 46 in socket head cap screw_am-1
2026-04-02 12:47:44,222 INFO  ExportHelperExtension.cs: 1145 - Found 0 features of type [RefAxis] in socket head cap screw_am-1
2026-04-02 12:47:44,222 INFO  ExportHelperExtension.cs: 1125 - Retrieving features of type [RefAxis] from kpm12c-2
2026-04-02 12:47:44,223 INFO  ExportHelperExtension.cs: 1136 - Found 32 in kpm12c-2
2026-04-02 12:47:44,223 INFO  ExportHelperExtension.cs: 1145 - Found 0 features of type [RefAxis] in kpm12c-2
2026-04-02 12:47:44,223 INFO  ExportHelperExtension.cs: 1125 - Retrieving features of type [RefAxis] from hex nut style 1_am-3
2026-04-02 12:47:44,223 INFO  ExportHelperExtension.cs: 1136 - Found 40 in hex nut style 1_am-3
2026-04-02 12:47:44,224 INFO  ExportHelperExtension.cs: 1145 - Found 0 features of type [RefAxis] in hex nut style 1_am-3
2026-04-02 12:47:44,224 INFO  ExportHelperExtension.cs: 1125 - Retrieving features of type [RefAxis] from hex thin nuts-grades ab-chamfered gb-3
2026-04-02 12:47:44,224 INFO  ExportHelperExtension.cs: 1136 - Found 37 in hex thin nuts-grades ab-chamfered gb-3
2026-04-02 12:47:44,225 INFO  ExportHelperExtension.cs: 1145 - Found 0 features of type [RefAxis] in hex thin nuts-grades ab-chamfered gb-3
2026-04-02 12:47:44,225 INFO  ExportHelperExtension.cs: 1125 - Retrieving features of type [RefAxis] from hex lobular socket head cap screws-8.8 gb-7
2026-04-02 12:47:44,225 INFO  ExportHelperExtension.cs: 1136 - Found 44 in hex lobular socket head cap screws-8.8 gb-7
2026-04-02 12:47:44,226 INFO  ExportHelperExtension.cs: 1145 - Found 0 features of type [RefAxis] in hex lobular socket head cap screws-8.8 gb-7
2026-04-02 12:47:44,226 INFO  ExportHelperExtension.cs: 1125 - Retrieving features of type [RefAxis] from hex lobular socket head cap screws-8.8 gb-9
2026-04-02 12:47:44,226 INFO  ExportHelperExtension.cs: 1136 - Found 44 in hex lobular socket head cap screws-8.8 gb-9
2026-04-02 12:47:44,226 INFO  ExportHelperExtension.cs: 1145 - Found 0 features of type [RefAxis] in hex lobular socket head cap screws-8.8 gb-9
2026-04-02 12:47:44,227 INFO  ExportHelperExtension.cs: 1125 - Retrieving features of type [RefAxis] from hex thin nuts-grades ab-chamfered gb-1
2026-04-02 12:47:44,227 INFO  ExportHelperExtension.cs: 1136 - Found 37 in hex thin nuts-grades ab-chamfered gb-1
2026-04-02 12:47:44,227 INFO  ExportHelperExtension.cs: 1145 - Found 0 features of type [RefAxis] in hex thin nuts-grades ab-chamfered gb-1
2026-04-02 12:47:44,228 INFO  ExportHelperExtension.cs: 1125 - Retrieving features of type [RefAxis] from Assem1-1
2026-04-02 12:47:44,228 INFO  ExportHelperExtension.cs: 1136 - Found 98 in Assem1-1
2026-04-02 12:47:44,228 INFO  ExportHelperExtension.cs: 1145 - Found 16 features of type [RefAxis] in Assem1-1
2026-04-02 12:47:44,229 INFO  ExportHelperExtension.cs: 1125 - Retrieving features of type [RefAxis] from hex lobular socket head cap screws-8.8 gb-6
2026-04-02 12:47:44,229 INFO  ExportHelperExtension.cs: 1136 - Found 44 in hex lobular socket head cap screws-8.8 gb-6
2026-04-02 12:47:44,229 INFO  ExportHelperExtension.cs: 1145 - Found 0 features of type [RefAxis] in hex lobular socket head cap screws-8.8 gb-6
2026-04-02 12:47:44,229 INFO  ExportHelperExtension.cs: 1125 - Retrieving features of type [RefAxis] from hexagon socket button head screws gb-3
2026-04-02 12:47:44,230 INFO  ExportHelperExtension.cs: 1136 - Found 43 in hexagon socket button head screws gb-3
2026-04-02 12:47:44,230 INFO  ExportHelperExtension.cs: 1145 - Found 0 features of type [RefAxis] in hexagon socket button head screws gb-3
2026-04-02 12:47:44,230 INFO  ExportHelperExtension.cs: 1125 - Retrieving features of type [RefAxis] from hex nut style 1_am-6
2026-04-02 12:47:44,231 INFO  ExportHelperExtension.cs: 1136 - Found 40 in hex nut style 1_am-6
2026-04-02 12:47:44,231 INFO  ExportHelperExtension.cs: 1145 - Found 0 features of type [RefAxis] in hex nut style 1_am-6
2026-04-02 12:47:44,231 INFO  ExportHelperExtension.cs: 1125 - Retrieving features of type [RefAxis] from hex nut style 1_am-5
2026-04-02 12:47:44,232 INFO  ExportHelperExtension.cs: 1136 - Found 40 in hex nut style 1_am-5
2026-04-02 12:47:44,232 INFO  ExportHelperExtension.cs: 1145 - Found 0 features of type [RefAxis] in hex nut style 1_am-5
2026-04-02 12:47:44,232 INFO  ExportHelperExtension.cs: 1125 - Retrieving features of type [RefAxis] from hex lobular socket head cap screws-8.8 gb-8
2026-04-02 12:47:44,232 INFO  ExportHelperExtension.cs: 1136 - Found 44 in hex lobular socket head cap screws-8.8 gb-8
2026-04-02 12:47:44,233 INFO  ExportHelperExtension.cs: 1145 - Found 0 features of type [RefAxis] in hex lobular socket head cap screws-8.8 gb-8
2026-04-02 12:47:44,233 INFO  ExportHelperExtension.cs: 1125 - Retrieving features of type [RefAxis] from hex thin nuts-grades ab-chamfered gb-2
2026-04-02 12:47:44,233 INFO  ExportHelperExtension.cs: 1136 - Found 37 in hex thin nuts-grades ab-chamfered gb-2
2026-04-02 12:47:44,233 INFO  ExportHelperExtension.cs: 1145 - Found 0 features of type [RefAxis] in hex thin nuts-grades ab-chamfered gb-2
2026-04-02 12:47:44,233 INFO  ExportHelperExtension.cs: 1125 - Retrieving features of type [RefAxis] from hex thin nuts-grades ab-chamfered gb-8
2026-04-02 12:47:44,234 INFO  ExportHelperExtension.cs: 1136 - Found 37 in hex thin nuts-grades ab-chamfered gb-8
2026-04-02 12:47:44,234 INFO  ExportHelperExtension.cs: 1145 - Found 0 features of type [RefAxis] in hex thin nuts-grades ab-chamfered gb-8
2026-04-02 12:47:44,234 INFO  ExportHelperExtension.cs: 1125 - Retrieving features of type [RefAxis] from hexagon socket button head screws gb-2
2026-04-02 12:47:44,234 INFO  ExportHelperExtension.cs: 1136 - Found 43 in hexagon socket button head screws gb-2
2026-04-02 12:47:44,236 INFO  ExportHelperExtension.cs: 1145 - Found 0 features of type [RefAxis] in hexagon socket button head screws gb-2
2026-04-02 12:47:44,236 INFO  ExportHelperExtension.cs: 1125 - Retrieving features of type [RefAxis] from hex thin nuts-grades ab-chamfered gb-4
2026-04-02 12:47:44,236 INFO  ExportHelperExtension.cs: 1136 - Found 37 in hex thin nuts-grades ab-chamfered gb-4
2026-04-02 12:47:44,237 INFO  ExportHelperExtension.cs: 1145 - Found 0 features of type [RefAxis] in hex thin nuts-grades ab-chamfered gb-4
2026-04-02 12:47:44,237 INFO  ExportHelperExtension.cs: 1125 - Retrieving features of type [RefAxis] from hex thin nuts-grades ab-chamfered gb-7
2026-04-02 12:47:44,237 INFO  ExportHelperExtension.cs: 1136 - Found 37 in hex thin nuts-grades ab-chamfered gb-7
2026-04-02 12:47:44,238 INFO  ExportHelperExtension.cs: 1145 - Found 0 features of type [RefAxis] in hex thin nuts-grades ab-chamfered gb-7
2026-04-02 12:47:44,279 INFO  ExportPropertyManager.cs: 1142 - AfterClose called. This method no longer throws an Exception. It just silently does nothing. Ok, except for this logging message
2026-04-02 12:48:02,490 INFO  AssemblyExportForm.cs: 253 - Completing URDF export
2026-04-02 12:48:02,498 INFO  ConfigurationSerialization.cs: 276 - URDF Configuration found
<Link z:Id="i1" xmlns="http://schemas.datacontract.org/2004/07/SW2URDF" xmlns:i="http://www.w3.org/2001/XMLSchema-instance" xmlns:z="http://schemas.microsoft.com/2003/10/Serialization/"><Attributes><Attribute z:Id="i2"><AttributeType>name</AttributeType><IsRequired>true</IsRequired><Value i:type="a:string" xmlns:a="http://www.w3.org/2001/XMLSchema">environment_link</Value></Attribute></Attributes><ChildElements><URDFElement z:Id="i3" i:type="Inertial"><Attributes/><ChildElements><URDFElement z:Id="i4" i:type="Origin"><Attributes><Attribute z:Id="i5"><AttributeType>xyz</AttributeType><IsRequired>true</IsRequired><Value i:type="a:ArrayOfdouble" xmlns:a="http://schemas.microsoft.com/2003/10/Serialization/Arrays"><a:double>0</a:double><a:double>0</a:double><a:double>0</a:double></Value></Attribute><Attribute z:Id="i6"><AttributeType>rpy</AttributeType><IsRequired>true</IsRequired><Value i:type="a:ArrayOfdouble" xmlns:a="http://schemas.microsoft.com/2003/10/Serialization/Arrays"><a:double>0</a:double><a:double>0</a:double><a:double>0</a:double></Value></Attribute></Attributes><ChildElements/><ElementName>origin</ElementName><required>false</required><RPYAttribute z:Ref="i6"/><XYZAttribute z:Ref="i5"/><isCustomized>false</isCustomized></URDFElement><URDFElement z:Id="i7" i:type="Mass"><Attributes><Attribute z:Id="i8"><AttributeType>value</AttributeType><IsRequired>true</IsRequired><Value i:type="a:double" xmlns:a="http://www.w3.org/2001/XMLSchema">0</Value></Attribute></Attributes><ChildElements/><ElementName>mass</ElementName><required>false</required><ValueAttribute z:Ref="i8"/></URDFElement><URDFElement z:Id="i9" i:type="Inertia"><Attributes><Attribute z:Id="i10"><AttributeType>ixx</AttributeType><IsRequired>true</IsRequired><Value i:type="a:double" xmlns:a="http://www.w3.org/2001/XMLSchema">0</Value></Attribute><Attribute z:Id="i11"><AttributeType>ixy</AttributeType><IsRequired>true</IsRequired><Value i:type="a:double" xmlns:a="http://www.w3.org/2001/XMLSchema">0</Value></Attribute><Attribute z:Id="i12"><AttributeType>ixz</AttributeType><IsRequired>true</IsRequired><Value i:type="a:double" xmlns:a="http://www.w3.org/2001/XMLSchema">0</Value></Attribute><Attribute z:Id="i13"><AttributeType>iyy</AttributeType><IsRequired>true</IsRequired><Value i:type="a:double" xmlns:a="http://www.w3.org/2001/XMLSchema">0</Value></Attribute><Attribute z:Id="i14"><AttributeType>iyz</AttributeType><IsRequired>true</IsRequired><Value i:type="a:double" xmlns:a="http://www.w3.org/2001/XMLSchema">0</Value></Attribute><Attribute z:Id="i15"><AttributeType>izz</AttributeType><IsRequired>true</IsRequired><Value i:type="a:double" xmlns:a="http://www.w3.org/2001/XMLSchema">0</Value></Attribute></Attributes><ChildElements/><ElementName>inertia</ElementName><required>false</required><IxxAttribute z:Ref="i10"/><IxyAttribute z:Ref="i11"/><IxzAttribute z:Ref="i12"/><IyyAttribute z:Ref="i13"/><IyzAttribute z:Ref="i14"/><IzzAttribute z:Ref="i15"/></URDFElement></ChildElements><ElementName>inertial</ElementName><required>false</required><Inertia z:Ref="i9"/><Mass z:Ref="i7"/><Origin z:Ref="i4"/></URDFElement><URDFElement z:Id="i16" i:type="Visual"><Attributes/><ChildElements><URDFElement z:Id="i17" i:type="Origin"><Attributes><Attribute z:Id="i18"><AttributeType>xyz</AttributeType><IsRequired>true</IsRequired><Value i:type="a:ArrayOfdouble" xmlns:a="http://schemas.microsoft.com/2003/10/Serialization/Arrays"><a:double>0</a:double><a:double>0</a:double><a:double>0</a:double></Value></Attribute><Attribute z:Id="i19"><AttributeType>rpy</AttributeType><IsRequired>true</IsRequired><Value i:type="a:ArrayOfdouble" xmlns:a="http://schemas.microsoft.com/2003/10/Serialization/Arrays"><a:double>0</a:double><a:double>0</a:double><a:double>0</a:double></Value></Attribute></Attributes><ChildElements/><ElementName>origin</ElementName><required>false</required><RPYAttribute z:Ref="i19"/><XYZAttribute z:Ref="i18"/><isCustomized>false</isCustomized></URDFElement><URDFElement z:Id="i20" i:type="Geometry"><Attributes/><ChildElements><URDFElement z:Id="i21" i:type="Mesh"><Attributes><Attribute z:Id="i22"><AttributeType>filename</AttributeType><IsRequired>true</IsRequired><Value i:nil="true"/></Attribute></Attributes><ChildElements/><ElementName>mesh</ElementName><required>false</required><FilenameAttribute z:Ref="i22"/></URDFElement></ChildElements><ElementName>geometry</ElementName><required>true</required><Mesh z:Ref="i21"/></URDFElement><URDFElement z:Id="i23" i:type="Material"><Attributes><Attribute z:Id="i24"><AttributeType>name</AttributeType><IsRequired>true</IsRequired><Value i:type="a:string" xmlns:a="http://www.w3.org/2001/XMLSchema"/></Attribute></Attributes><ChildElements><URDFElement z:Id="i25" i:type="Color"><Attributes><Attribute z:Id="i26"><AttributeType>rgba</AttributeType><IsRequired>true</IsRequired><Value i:type="a:ArrayOfdouble" xmlns:a="http://schemas.microsoft.com/2003/10/Serialization/Arrays"><a:double>1</a:double><a:double>1</a:double><a:double>1</a:double><a:double>1</a:double></Value></Attribute></Attributes><ChildElements/><ElementName>color</ElementName><required>false</required><RGBAAttribute z:Ref="i26"/></URDFElement><URDFElement z:Id="i27" i:type="Texture"><Attributes><Attribute z:Id="i28"><AttributeType>filename</AttributeType><IsRequired>true</IsRequired><Value i:nil="true"/></Attribute></Attributes><ChildElements/><ElementName>texture</ElementName><required>false</required><FilenameAttribute z:Ref="i28"/><wFilename/></URDFElement></ChildElements><ElementName>material</ElementName><required>false</required><Color z:Ref="i25"/><NameAttribute z:Ref="i24"/><Texture z:Ref="i27"/></URDFElement></ChildElements><ElementName>visual</ElementName><required>false</required><Geometry z:Ref="i20"/><Material z:Ref="i23"/><Origin z:Ref="i17"/></URDFElement><URDFElement z:Id="i29" i:type="Collision"><Attributes/><ChildElements><URDFElement z:Id="i30" i:type="Origin"><Attributes><Attribute z:Id="i31"><AttributeType>xyz</AttributeType><IsRequired>true</IsRequired><Value i:type="a:ArrayOfdouble" xmlns:a="http://schemas.microsoft.com/2003/10/Serialization/Arrays"><a:double>0</a:double><a:double>0</a:double><a:double>0</a:double></Value></Attribute><Attribute z:Id="i32"><AttributeType>rpy</AttributeType><IsRequired>true</IsRequired><Value i:type="a:ArrayOfdouble" xmlns:a="http://schemas.microsoft.com/2003/10/Serialization/Arrays"><a:double>0</a:double><a:double>0</a:double><a:double>0</a:double></Value></Attribute></Attributes><ChildElements/><ElementName>origin</ElementName><required>false</required><RPYAttribute z:Ref="i32"/><XYZAttribute z:Ref="i31"/><isCustomized>false</isCustomized></URDFElement><URDFElement z:Id="i33" i:type="Geometry"><Attributes/><ChildElements><URDFElement z:Id="i34" i:type="Mesh"><Attributes><Attribute z:Id="i35"><AttributeType>filename</AttributeType><IsRequired>true</IsRequired><Value i:nil="true"/></Attribute></Attributes><ChildElements/><ElementName>mesh</ElementName><required>false</required><FilenameAttribute z:Ref="i35"/></URDFElement></ChildElements><ElementName>geometry</ElementName><required>true</required><Mesh z:Ref="i34"/></URDFElement></ChildElements><ElementName>collision</ElementName><required>false</required><Geometry z:Ref="i33"/><Origin z:Ref="i30"/></URDFElement><URDFElement z:Id="i36" i:type="Joint"><Attributes><Attribute z:Id="i37"><AttributeType>name</AttributeType><IsRequired>true</IsRequired><Value i:type="a:string" xmlns:a="http://www.w3.org/2001/XMLSchema"/></Attribute><Attribute z:Id="i38"><AttributeType>type</AttributeType><IsRequired>true</IsRequired><Value i:type="a:string" xmlns:a="http://www.w3.org/2001/XMLSchema"/></Attribute></Attributes><ChildElements><URDFElement z:Id="i39" i:type="Origin"><Attributes><Attribute z:Id="i40"><AttributeType>xyz</AttributeType><IsRequired>true</IsRequired><Value i:type="a:ArrayOfdouble" xmlns:a="http://schemas.microsoft.com/2003/10/Serialization/Arrays"><a:double>0</a:double><a:double>0</a:double><a:double>0</a:double></Value></Attribute><Attribute z:Id="i41"><AttributeType>rpy</AttributeType><IsRequired>true</IsRequired><Value i:type="a:ArrayOfdouble" xmlns:a="http://schemas.microsoft.com/2003/10/Serialization/Arrays"><a:double>0</a:double><a:double>0</a:double><a:double>0</a:double></Value></Attribute></Attributes><ChildElements/><ElementName>origin</ElementName><required>false</required><RPYAttribute z:Ref="i41"/><XYZAttribute z:Ref="i40"/><isCustomized>false</isCustomized></URDFElement><URDFElement z:Id="i42" i:type="ParentLink"><Attributes><Attribute z:Id="i43"><AttributeType>link</AttributeType><IsRequired>true</IsRequired><Value i:type="a:string" xmlns:a="http://www.w3.org/2001/XMLSchema"/></Attribute></Attributes><ChildElements/><ElementName>parent</ElementName><required>true</required><NameAttribute z:Ref="i43"/></URDFElement><URDFElement z:Id="i44" i:type="ChildLink"><Attributes><Attribute z:Id="i45"><AttributeType>link</AttributeType><IsRequired>true</IsRequired><Value i:type="a:string" xmlns:a="http://www.w3.org/2001/XMLSchema"/></Attribute></Attributes><ChildElements/><ElementName>child</ElementName><required>true</required><NameAttribute z:Ref="i45"/></URDFElement><URDFElement z:Id="i46" i:type="Axis"><Attributes><Attribute z:Id="i47"><AttributeType>xyz</AttributeType><IsRequired>true</IsRequired><Value i:type="a:ArrayOfdouble" xmlns:a="http://schemas.microsoft.com/2003/10/Serialization/Arrays"><a:double>0</a:double><a:double>0</a:double><a:double>0</a:double></Value></Attribute></Attributes><ChildElements/><ElementName>axis</ElementName><required>false</required><XYZAttribute z:Ref="i47"/></URDFElement><URDFElement z:Id="i48" i:type="Limit"><Attributes><Attribute z:Id="i49"><AttributeType>lower</AttributeType><IsRequired>false</IsRequired><Value i:nil="true"/></Attribute><Attribute z:Id="i50"><AttributeType>upper</AttributeType><IsRequired>false</IsRequired><Value i:nil="true"/></Attribute><Attribute z:Id="i51"><AttributeType>effort</AttributeType><IsRequired>true</IsRequired><Value i:nil="true"/></Attribute><Attribute z:Id="i52"><AttributeType>velocity</AttributeType><IsRequired>true</IsRequired><Value i:nil="true"/></Attribute></Attributes><ChildElements/><ElementName>limit</ElementName><required>false</required><EffortAttribute z:Ref="i51"/><LowerAttribute z:Ref="i49"/><UpperAttribute z:Ref="i50"/><VelocityAttribute z:Ref="i52"/></URDFElement><URDFElement z:Id="i53" i:type="Calibration"><Attributes><Attribute z:Id="i54"><AttributeType>rising</AttributeType><IsRequired>false</IsRequired><Value i:nil="true"/></Attribute><Attribute z:Id="i55"><AttributeType>falling</AttributeType><IsRequired>false</IsRequired><Value i:nil="true"/></Attribute></Attributes><ChildElements/><ElementName>calibration</ElementName><required>false</required><FallingAttribute z:Ref="i55"/><RisingAttribute z:Ref="i54"/></URDFElement><URDFElement z:Id="i56" i:type="Dynamics"><Attributes><Attribute z:Id="i57"><AttributeType>damping</AttributeType><IsRequired>false</IsRequired><Value i:nil="true"/></Attribute><Attribute z:Id="i58"><AttributeType>friction</AttributeType><IsRequired>false</IsRequired><Value i:nil="true"/></Attribute></Attributes><ChildElements/><ElementName>dynamics</ElementName><required>false</required><DampingAttribute z:Ref="i57"/><FrictionAttribute z:Ref="i58"/></URDFElement><URDFElement z:Id="i59" i:type="SafetyController"><Attributes><Attribute z:Id="i60"><AttributeType>soft_upper_limit</AttributeType><IsRequired>false</IsRequired><Value i:nil="true"/></Attribute><Attribute z:Id="i61"><AttributeType>soft_lower_limit</AttributeType><IsRequired>false</IsRequired><Value i:nil="true"/></Attribute><Attribute z:Id="i62"><AttributeType>k_position</AttributeType><IsRequired>false</IsRequired><Value i:nil="true"/></Attribute><Attribute z:Id="i63"><AttributeType>k_velocity</AttributeType><IsRequired>true</IsRequired><Value i:nil="true"/></Attribute></Attributes><ChildElements/><ElementName>safety_controller</ElementName><required>false</required><KPositionAttribute z:Ref="i62"/><KVelocityAttribute z:Ref="i63"/><SoftLowerAttribute z:Ref="i61"/><SoftUpperAttribute z:Ref="i60"/></URDFElement><URDFElement z:Id="i64" i:type="Mimic"><Attributes><Attribute z:Id="i65"><AttributeType>joint</AttributeType><IsRequired>true</IsRequired><Value i:nil="true"/></Attribute><Attribute z:Id="i66"><AttributeType>multiplier</AttributeType><IsRequired>false</IsRequired><Value i:nil="true"/></Attribute><Attribute z:Id="i67"><AttributeType>offset</AttributeType><IsRequired>false</IsRequired><Value i:nil="true"/></Attribute></Attributes><ChildElements/><ElementName>mimic</ElementName><required>false</required><JointNameAttribute z:Ref="i65"/><MultiplierAttribute z:Ref="i66"/><OffsetAttribute z:Ref="i67"/></URDFElement></ChildElements><ElementName>joint</ElementName><required>false</required><Axis z:Ref="i46"/><AxisName/><Calibration z:Ref="i53"/><Child z:Ref="i44"/><CoordinateSystemName>?????????1</CoordinateSystemName><Dynamics z:Ref="i56"/><Limit z:Ref="i48"/><Mimic z:Ref="i64"/><NameAttribute z:Ref="i37"/><Origin z:Ref="i39"/><Parent z:Ref="i42"/><Safety z:Ref="i59"/><TypeAttribute z:Ref="i38"/></URDFElement></ChildElements><ElementName>link</ElementName><required>true</required><Children/><Collision z:Ref="i29"/><Inertial z:Ref="i3"/><Joint z:Ref="i36"/><NameAttribute z:Ref="i2"/><Parent i:nil="true"/><STLQualityFine>false</STLQualityFine><SWComponentPIDs xmlns:a="http://schemas.microsoft.com/2003/10/Serialization/Arrays"><a:base64Binary>UEYAAAUAAAD//v8LaI9TkA5OL2WRZC0AMQBAADtgxYj+VgQAAAAQAAAAAQAAAAEAAAAZAAAA</a:base64Binary><a:base64Binary>UEYAAAUAAAD//v8LCk5xmqhSc17wUy0AMgBAADtgxYj+VgQAAAAQAAAAAQAAAAEAAABEAAAA</a:base64Binary><a:base64Binary>UEYAAAUAAAD//v8LC05xmqhSc17wUy0AMQBAADtgxYj+VgQAAAAQAAAAAQAAAAEAAABUAAAA</a:base64Binary><a:base64Binary>UEYAAAUAAAD//v8Kc17wU/pXp14tADEAQAA7YMWI/lYEAAAAEAAAAAEAAAABAAAAaAAAAA==</a:base64Binary><a:base64Binary>UEYAAAUAAAD//v8N5l2nT/xbEVRujy9ltmctADEAQAA7YMWI/lYEAAAAEAAAAAEAAAABAAAAmQAAAA==</a:base64Binary><a:base64Binary>UEYAAAUAAAD//v8NCk4LTjlZJ338WxFUbo8tADEAQAA7YMWI/lYEAAAAEAAAAAEAAAABAAAAowAAAA==</a:base64Binary><a:base64Binary>UEYAAAUAAAD//v8O5l3zU2iPU5CFUeiQ/FsRVC0AMQBAADtgxYj+VgQAAAAQAAAAAQAAAAEAAAC/AAAA</a:base64Binary><a:base64Binary>UEYAAAUAAAD//v8NCk4LTjlZJ338WxFUbo8tADQAQAA7YMWI/lYEAAAAEAAAAAEAAAABAAAAygAAAA==</a:base64Binary><a:base64Binary>UEYAAAUAAAD//v8NCk4LTjlZJ338WxFUbo8tADUAQAA7YMWI/lYEAAAAEAAAAAEAAAABAAAA4AAAAA==</a:base64Binary><a:base64Binary>UEYAAAUAAAD//v8NCk4LTjlZJ338WxFUbo8tADYAQAA7YMWI/lYEAAAAEAAAAAEAAAABAAAA5AAAAA==</a:base64Binary><a:base64Binary>UEYAAAUAAAD//v8O5l3zU2iPU5CFUeiQ/FsRVC0AMgBAADtgxYj+VgQAAAAQAAAAAQAAAAEAAADnAAAA</a:base64Binary><a:base64Binary>UEYAAAUAAAD//v8O5l1NUqdP/FsRVG6PL2W2Zy0AMQBAADtgxYj+VgQAAAAQAAAAAQAAAAEAAADrAAAA</a:base64Binary><a:base64Binary>UEYAAAUAAAD//v8NCk4LTjlZJ338WxFUbo8tADcAQAA7YMWI/lYEAAAAEAAAAAEAAAABAAAA9QAAAA==</a:base64Binary><a:base64Binary>UEYAAAUAAAD//v8NCk4LTjlZJ338WxFUbo8tADgAQAA7YMWI/lYEAAAAEAAAAAEAAAABAAAA+gAAAA==</a:base64Binary><a:base64Binary>UEYAAAUAAAD//v8NCk4LTjlZJ338WxFUbo8tADkAQAA7YMWI/lYEAAAAEAAAAAEAAAABAAAACwEAAA==</a:base64Binary><a:base64Binary>UEYAAAUAAAD//v8OCk4LTjlZJ338WxFUbo8tADEAMABAADtgxYj+VgQAAAAQAAAAAQAAAAEAAAAMAQAA</a:base64Binary><a:base64Binary>UEYAAAUAAAD//v8O5l3zU2iPU5CFUeiQ/FsRVC0AMwBAADtgxYj+VgQAAAAQAAAAAQAAAAEAAAATAQAA</a:base64Binary><a:base64Binary>UEYAAAUAAAD//v8O5l3zU2iPU5CFUeiQ/FsRVC0ANABAADtgxYj+VgQAAAAQAAAAAQAAAAEAAAAoAQAA</a:base64Binary><a:base64Binary>UEYAAAUAAAD//v8P5l2nT/xbEVRujy9ltmdclc9QLQAxAEAAO2DFiP5WBAAAABAAAAABAAAAAQAAAHMBAAA=</a:base64Binary><a:base64Binary>UEYAAAUAAAD//v8Q5l1NUqdP/FsRVG6PL2W2Z1yVz1AtADEAQAA7YMWI/lYEAAAAEAAAAAEAAAABAAAAhAEAAA==</a:base64Binary><a:base64Binary>UEYAAAUAAAD//v8J9pb2TjUALQAxAEAAO2DFiP5WBAAAABAAAAABAAAAAQAAAKcBAAA=</a:base64Binary><a:base64Binary>UEYAAAUAAAD//v8OZAA0ADUANQAvZbZnxYhNkS0AMQBAADtgxYj+VgQAAAAQAAAAAQAAAAEAAAAcAgAA</a:base64Binary><a:base64Binary>UEYAAAUAAAD//v8L+HY6Z96PpWN/Zy0AMQBAADtgxYj+VgQAAAAQAAAAAQAAAAEAAAAhAgAA</a:base64Binary><a:base64Binary>UEYAAAUAAAD//v8YaABlAHgAIABuAHUAdAAgAHMAdAB5AGwAZQAgADEAXwBhAG0ALQAxAEAAO2DFiP5WBAAAABAAAAABAAAAAQAAACgCAAA=</a:base64Binary><a:base64Binary>UEYAAAUAAAD//v8ecwBvAGMAawBlAHQAIABoAGUAYQBkACAAYwBhAHAAIABzAGMAcgBlAHcAXwBhAG0ALQAxAEAAO2DFiP5WBAAAABAAAAABAAAAAQAAACkCAAA=</a:base64Binary><a:base64Binary>UEYAAAUAAAD//v8YaABlAHgAIABuAHUAdAAgAHMAdAB5AGwAZQAgADEAXwBhAG0ALQAyAEAAO2DFiP5WBAAAABAAAAABAAAAAQAAAC8CAAA=</a:base64Binary><a:base64Binary>UEYAAAUAAAD//v8ecwBvAGMAawBlAHQAIABoAGUAYQBkACAAYwBhAHAAIABzAGMAcgBlAHcAXwBhAG0ALQAyAEAAO2DFiP5WBAAAABAAAAABAAAAAQAAADICAAA=</a:base64Binary><a:base64Binary>UEYAAAUAAAD//v8mQQBzAHMAZQBtAGIAbAB5AF8AdwBpAHQAaABfAEUAbgBjAGwAbwBzAHUAcgBlAF8AYQBuAGQAXwBGAGEAbgBzAC0AMQBAADtgxYj+VgQAAAAQAAAAAQAAAAEAAABJAgAA</a:base64Binary><a:base64Binary>UEYAAAUAAAD//v8MawBwAG0AMQAyAGMALQAyAEAAO2DFiP5WBAAAABAAAAABAAAAAQAAAGYCAAA=</a:base64Binary><a:base64Binary>UEYAAAUAAAD//v8JFYioUvVsLQAyAEAAO2DFiP5WBAAAABAAAAABAAAAAQAAAGwCAAA=</a:base64Binary><a:base64Binary>UEYAAAUAAAD//v8Mb4OybfZ0Dk4vZbZnLQAxAEAAO2DFiP5WBAAAABAAAAABAAAAAQAAAIICAAA=</a:base64Binary><a:base64Binary>UEYAAAUAAAD//v8YaABlAHgAIABuAHUAdAAgAHMAdAB5AGwAZQAgADEAXwBhAG0ALQAzAEAAO2DFiP5WBAAAABAAAAABAAAAAQAAAI8CAAA=</a:base64Binary><a:base64Binary>UEYAAAUAAAD//v8YaABlAHgAIABuAHUAdAAgAHMAdAB5AGwAZQAgADEAXwBhAG0ALQA0AEAAO2DFiP5WBAAAABAAAAABAAAAAQAAAJsCAAA=</a:base64Binary><a:base64Binary>UEYAAAUAAAD//v8YaABlAHgAIABuAHUAdAAgAHMAdAB5AGwAZQAgADEAXwBhAG0ALQA1AEAAO2DFiP5WBAAAABAAAAABAAAAAQAAAJwCAAA=</a:base64Binary><a:base64Binary>UEYAAAUAAAD//v8YaABlAHgAIABuAHUAdAAgAHMAdAB5AGwAZQAgADEAXwBhAG0ALQA2AEAAO2DFiP5WBAAAABAAAAABAAAAAQAAAJ0CAAA=</a:base64Binary><a:base64Binary>UEYAAAUAAAD//v8vaABlAHgAIABsAG8AYgB1AGwAYQByACAAcwBvAGMAawBlAHQAIABoAGUAYQBkACAAYwBhAHAAIABzAGMAcgBlAHcAcwAtADgALgA4ACAAZwBiAC0ANgBAADtgxYj+VgQAAAAQAAAAAQAAAAEAAADLAgAA</a:base64Binary><a:base64Binary>UEYAAAUAAAD//v8vaABlAHgAIABsAG8AYgB1AGwAYQByACAAcwBvAGMAawBlAHQAIABoAGUAYQBkACAAYwBhAHAAIABzAGMAcgBlAHcAcwAtADgALgA4ACAAZwBiAC0ANwBAADtgxYj+VgQAAAAQAAAAAQAAAAEAAADPAgAA</a:base64Binary><a:base64Binary>UEYAAAUAAAD//v8vaABlAHgAIABsAG8AYgB1AGwAYQByACAAcwBvAGMAawBlAHQAIABoAGUAYQBkACAAYwBhAHAAIABzAGMAcgBlAHcAcwAtADgALgA4ACAAZwBiAC0AOABAADtgxYj+VgQAAAAQAAAAAQAAAAEAAADQAgAA</a:base64Binary><a:base64Binary>UEYAAAUAAAD//v8vaABlAHgAIABsAG8AYgB1AGwAYQByACAAcwBvAGMAawBlAHQAIABoAGUAYQBkACAAYwBhAHAAIABzAGMAcgBlAHcAcwAtADgALgA4ACAAZwBiAC0AOQBAADtgxYj+VgQAAAAQAAAAAQAAAAEAAADTAgAA</a:base64Binary><a:base64Binary>UEYAAAUAAAD//v8qaABlAHgAIAB0AGgAaQBuACAAbgB1AHQAcwAtAGcAcgBhAGQAZQBzACAAYQBiAC0AYwBoAGEAbQBmAGUAcgBlAGQAIABnAGIALQAxAEAAO2DFiP5WBAAAABAAAAABAAAAAQAAACoDAAA=</a:base64Binary><a:base64Binary>UEYAAAUAAAD//v8qaABlAHgAIAB0AGgAaQBuACAAbgB1AHQAcwAtAGcAcgBhAGQAZQBzACAAYQBiAC0AYwBoAGEAbQBmAGUAcgBlAGQAIABnAGIALQAyAEAAO2DFiP5WBAAAABAAAAABAAAAAQAAACwDAAA=</a:base64Binary><a:base64Binary>UEYAAAUAAAD//v8qaABlAHgAIAB0AGgAaQBuACAAbgB1AHQAcwAtAGcAcgBhAGQAZQBzACAAYQBiAC0AYwBoAGEAbQBmAGUAcgBlAGQAIABnAGIALQAzAEAAO2DFiP5WBAAAABAAAAABAAAAAQAAAC0DAAA=</a:base64Binary><a:base64Binary>UEYAAAUAAAD//v8qaABlAHgAIAB0AGgAaQBuACAAbgB1AHQAcwAtAGcAcgBhAGQAZQBzACAAYQBiAC0AYwBoAGEAbQBmAGUAcgBlAGQAIABnAGIALQA0AEAAO2DFiP5WBAAAABAAAAABAAAAAQAAAC4DAAA=</a:base64Binary><a:base64Binary>UEYAAAUAAAD//v8qaABlAHgAIAB0AGgAaQBuACAAbgB1AHQAcwAtAGcAcgBhAGQAZQBzACAAYQBiAC0AYwBoAGEAbQBmAGUAcgBlAGQAIABnAGIALQA3AEAAO2DFiP5WBAAAABAAAAABAAAAAQAAAFkDAAA=</a:base64Binary><a:base64Binary>UEYAAAUAAAD//v8qaABlAHgAIAB0AGgAaQBuACAAbgB1AHQAcwAtAGcAcgBhAGQAZQBzACAAYQBiAC0AYwBoAGEAbQBmAGUAcgBlAGQAIABnAGIALQA4AEAAO2DFiP5WBAAAABAAAAABAAAAAQAAAKcDAAA=</a:base64Binary><a:base64Binary>UEYAAAUAAAD//v8qaABlAHgAYQBnAG8AbgAgAHMAbwBjAGsAZQB0ACAAYgB1AHQAdABvAG4AIABoAGUAYQBkACAAcwBjAHIAZQB3AHMAIABnAGIALQAyAEAAO2DFiP5WBAAAABAAAAABAAAAAQAAAP8DAAA=</a:base64Binary><a:base64Binary>UEYAAAUAAAD//v8qaABlAHgAYQBnAG8AbgAgAHMAbwBjAGsAZQB0ACAAYgB1AHQAdABvAG4AIABoAGUAYQBkACAAcwBjAHIAZQB3AHMAIABnAGIALQAzAEAAO2DFiP5WBAAAABAAAAABAAAAAQAAAF0EAAA=</a:base64Binary></SWComponentPIDs><SWMainComponentPID i:nil="true"/><Visual z:Ref="i16"/><isFixedFrame>false</isFixedFrame><isIncomplete>false</isIncomplete></Link>
2026-04-02 12:48:13,959 INFO  AssemblyExportForm.cs: 309 - Saving URDF package to E:\桌面替身\第五章5.4节\environment
2026-04-02 12:48:13,972 INFO  ExportHelper.cs: 147 - Beginning the export process
2026-04-02 12:48:14,002 INFO  ExportHelper.cs: 153 - Creating package directories with name environment and save path E:\桌面替身\第五章5.4节
2026-04-02 12:48:15,135 INFO  ExportHelper.cs: 162 - Creating CMakeLists.txt at E:\桌面替身\第五章5.4节\environment\CMakeLists.txt
2026-04-02 12:48:15,136 INFO  ExportHelper.cs: 166 - Creating joint names config at E:\桌面替身\第五章5.4节\environment\config\joint_names_environment.yaml
2026-04-02 12:48:15,137 INFO  ExportHelper.cs: 170 - Creating package.xml at E:\桌面替身\第五章5.4节\environment\package.xml
2026-04-02 12:48:15,137 INFO  PackageXMLWriter.cs: 21 - Creating package.xml at E:\桌面替身\第五章5.4节\environment\package.xml
2026-04-02 12:48:15,139 INFO  ExportHelper.cs: 177 - Creating RVIZ launch file in E:\桌面替身\第五章5.4节\environment\launch\
2026-04-02 12:48:15,141 INFO  ExportHelper.cs: 182 - Creating Gazebo launch file in E:\桌面替身\第五章5.4节\environment\launch\
2026-04-02 12:48:15,142 INFO  ExportHelper.cs: 187 - Saving existing STL preferences
2026-04-02 12:48:15,142 INFO  ExportHelper.cs: 450 - Saving users preferences
2026-04-02 12:48:15,144 INFO  ExportHelper.cs: 190 - Modifying STL preferences
2026-04-02 12:48:15,145 INFO  ExportHelper.cs: 464 - Setting STL preferences
2026-04-02 12:48:15,160 INFO  ExportHelper.cs: 196 - Found 1 hidden components Assem1-1
2026-04-02 12:48:15,161 INFO  ExportHelper.cs: 197 - Hiding all components
2026-04-02 12:48:15,577 INFO  ExportHelper.cs: 204 - Beginning individual files export
2026-04-02 12:48:15,579 INFO  ExportHelper.cs: 270 - Exporting link: environment_link
2026-04-02 12:48:15,580 INFO  ExportHelper.cs: 272 - Link environment_link has 0 children
2026-04-02 12:48:15,580 INFO  ExportHelper.cs: 317 - environment_link: Exporting STL with coordinate frame 坐标系1
2026-04-02 12:48:15,581 INFO  ExportHelper.cs: 322 - environment_link: Reference geometry name 
2026-04-02 12:48:16,012 INFO  ExportHelper.cs: 330 - Saving STL to E:\桌面替身\第五章5.4节\environment\meshes\environment_link.STL
2026-04-02 12:48:36,058 INFO  ExportHelper.cs: 405 - Removing SW header in STL file
2026-04-02 12:48:36,059 INFO  ExportHelper.cs: 145 - Showing all components except previously hidden components
2026-04-02 12:49:03,997 INFO  ExportHelper.cs: 145 - Resetting STL preferences
2026-04-02 12:49:03,998 INFO  ExportHelper.cs: 478 - Returning STL preferences to user preferences
2026-04-02 12:49:03,998 INFO  ExportHelper.cs: 228 - Writing URDF file to E:\桌面替身\第五章5.4节\environment\urdf\environment.urdf
2026-04-02 12:49:04,081 INFO  CSVImportExport.cs: 32 - Writing CSV file E:\桌面替身\第五章5.4节\environment\urdf\environment.csv
2026-04-02 12:49:04,100 ERROR CSVImportExport.cs: 130 - The following columns were not written to the CSV: Link.Joint.ChildLink.link,
2026-04-02 12:49:04,100 INFO  ExportHelper.cs: 234 - Copying log file
2026-04-02 12:49:04,103 INFO  ExportHelper.cs: 439 - Copying C:\Users\85032\sw2urdf_logs\sw2urdf.log to E:\桌面替身\第五章5.4节\environment\export.log
