[0.010s] Invoking command in '/home/lcy/ros2_ws/build/only_robot_arm': CMAKE_PREFIX_PATH=${CMAKE_PREFIX_PATH}:/opt/ros/jazzy DEBUGINFOD_URLS=https://debuginfod.ubuntu.com /usr/bin/cmake --build /home/lcy/ros2_ws/build/only_robot_arm -- -j16 -l16
[0.083s] [ 50%] [32mBuilding CXX object CMakeFiles/pollination_cycle_node.dir/src/pollination_cycle_node.cpp.o[0m
[15.297s] [100%] [32m[1mLinking CXX executable pollination_cycle_node[0m
[16.128s] [100%] Built target pollination_cycle_node
[16.141s] Invoked command in '/home/lcy/ros2_ws/build/only_robot_arm' returned '0': CMAKE_PREFIX_PATH=${CMAKE_PREFIX_PATH}:/opt/ros/jazzy DEBUGINFOD_URLS=https://debuginfod.ubuntu.com /usr/bin/cmake --build /home/lcy/ros2_ws/build/only_robot_arm -- -j16 -l16
[16.153s] Invoking command in '/home/lcy/ros2_ws/build/only_robot_arm': CMAKE_PREFIX_PATH=${CMAKE_PREFIX_PATH}:/opt/ros/jazzy DEBUGINFOD_URLS=https://debuginfod.ubuntu.com /usr/bin/cmake --install /home/lcy/ros2_ws/build/only_robot_arm
[16.160s] -- Install configuration: ""
[16.161s] -- Execute custom install script
[16.161s] -- Up-to-date symlink: /home/lcy/ros2_ws/install/only_robot_arm/share/only_robot_arm/launch/display.launch
[16.162s] -- Up-to-date symlink: /home/lcy/ros2_ws/install/only_robot_arm/share/only_robot_arm/launch/display_jazzy.launch.py
[16.162s] -- Up-to-date symlink: /home/lcy/ros2_ws/install/only_robot_arm/share/only_robot_arm/launch/gazebo.launch
[16.162s] -- Up-to-date symlink: /home/lcy/ros2_ws/install/only_robot_arm/share/only_robot_arm/urdf/only_robot_arm.csv
[16.162s] -- Up-to-date symlink: /home/lcy/ros2_ws/install/only_robot_arm/share/only_robot_arm/urdf/only_robot_arm.urdf
[16.162s] -- Up-to-date symlink: /home/lcy/ros2_ws/install/only_robot_arm/share/only_robot_arm/meshes/base_link.STL
[16.162s] -- Up-to-date symlink: /home/lcy/ros2_ws/install/only_robot_arm/share/only_robot_arm/meshes/camera_link.STL
[16.162s] -- Up-to-date symlink: /home/lcy/ros2_ws/install/only_robot_arm/share/only_robot_arm/meshes/environment/README.md
[16.162s] -- Up-to-date symlink: /home/lcy/ros2_ws/install/only_robot_arm/share/only_robot_arm/meshes/link_1.STL
[16.163s] -- Up-to-date symlink: /home/lcy/ros2_ws/install/only_robot_arm/share/only_robot_arm/meshes/link_2.STL
[16.163s] -- Up-to-date symlink: /home/lcy/ros2_ws/install/only_robot_arm/share/only_robot_arm/meshes/link_3.STL
[16.163s] -- Up-to-date symlink: /home/lcy/ros2_ws/install/only_robot_arm/share/only_robot_arm/meshes/link_4.STL
[16.163s] -- Up-to-date symlink: /home/lcy/ros2_ws/install/only_robot_arm/share/only_robot_arm/meshes/link_5.STL
[16.163s] -- Up-to-date symlink: /home/lcy/ros2_ws/install/only_robot_arm/share/only_robot_arm/meshes/link_6.STL
[16.163s] -- Up-to-date symlink: /home/lcy/ros2_ws/install/only_robot_arm/share/only_robot_arm/meshes/pollination_tip_link.STL
[16.163s] -- Up-to-date symlink: /home/lcy/ros2_ws/install/only_robot_arm/share/only_robot_arm/config/environment_visual.yaml
[16.163s] -- Up-to-date symlink: /home/lcy/ros2_ws/install/only_robot_arm/share/only_robot_arm/config/joint_names_only_robot_arm.yaml
[16.163s] -- Up-to-date symlink: /home/lcy/ros2_ws/install/only_robot_arm/share/only_robot_arm/config/only_robot_arm.rviz
[16.163s] -- Up-to-date symlink: /home/lcy/ros2_ws/install/only_robot_arm/lib/only_robot_arm/watermelon_flower_marker.py
[16.163s] -- Up-to-date symlink: /home/lcy/ros2_ws/install/only_robot_arm/lib/only_robot_arm/environment_visual_marker.py
[16.164s] -- Up-to-date symlink: /home/lcy/ros2_ws/install/only_robot_arm/lib/only_robot_arm/pollination_cycle_node
[16.164s] -- Up-to-date symlink: /home/lcy/ros2_ws/install/only_robot_arm/share/ament_index/resource_index/package_run_dependencies/only_robot_arm
[16.164s] -- Up-to-date symlink: /home/lcy/ros2_ws/install/only_robot_arm/share/ament_index/resource_index/parent_prefix_path/only_robot_arm
[16.164s] -- Up-to-date symlink: /home/lcy/ros2_ws/install/only_robot_arm/share/only_robot_arm/environment/ament_prefix_path.sh
[16.164s] -- Up-to-date symlink: /home/lcy/ros2_ws/install/only_robot_arm/share/only_robot_arm/environment/ament_prefix_path.dsv
[16.164s] -- Up-to-date symlink: /home/lcy/ros2_ws/install/only_robot_arm/share/only_robot_arm/environment/path.sh
[16.165s] -- Up-to-date symlink: /home/lcy/ros2_ws/install/only_robot_arm/share/only_robot_arm/environment/path.dsv
[16.165s] -- Up-to-date symlink: /home/lcy/ros2_ws/install/only_robot_arm/share/only_robot_arm/local_setup.bash
[16.165s] -- Up-to-date symlink: /home/lcy/ros2_ws/install/only_robot_arm/share/only_robot_arm/local_setup.sh
[16.165s] -- Up-to-date symlink: /home/lcy/ros2_ws/install/only_robot_arm/share/only_robot_arm/local_setup.zsh
[16.165s] -- Up-to-date symlink: /home/lcy/ros2_ws/install/only_robot_arm/share/only_robot_arm/local_setup.dsv
[16.165s] -- Symlinking: /home/lcy/ros2_ws/install/only_robot_arm/share/only_robot_arm/package.dsv
[16.176s] -- Up-to-date symlink: /home/lcy/ros2_ws/install/only_robot_arm/share/ament_index/resource_index/packages/only_robot_arm
[16.176s] -- Up-to-date symlink: /home/lcy/ros2_ws/install/only_robot_arm/share/only_robot_arm/cmake/only_robot_armConfig.cmake
[16.176s] -- Up-to-date symlink: /home/lcy/ros2_ws/install/only_robot_arm/share/only_robot_arm/cmake/only_robot_armConfig-version.cmake
[16.176s] -- Up-to-date symlink: /home/lcy/ros2_ws/install/only_robot_arm/share/only_robot_arm/package.xml
[16.178s] Invoked command in '/home/lcy/ros2_ws/build/only_robot_arm' returned '0': CMAKE_PREFIX_PATH=${CMAKE_PREFIX_PATH}:/opt/ros/jazzy DEBUGINFOD_URLS=https://debuginfod.ubuntu.com /usr/bin/cmake --install /home/lcy/ros2_ws/build/only_robot_arm
