[0.101s] DEBUG:colcon:Command line arguments: ['/usr/bin/colcon', 'build', '--packages-select', 'only_robot_arm', 'only_robot_arm_moveit_config', '--symlink-install']
[0.101s] DEBUG:colcon:Parsed command line arguments: Namespace(log_base=None, log_level=None, verb_name='build', build_base='build', install_base='install', merge_install=False, symlink_install=True, test_result_base=None, continue_on_error=False, executor='parallel', parallel_workers=16, event_handlers=None, ignore_user_meta=False, metas=['./colcon.meta'], base_paths=['.'], packages_ignore=None, packages_ignore_regex=None, paths=None, packages_up_to=None, packages_up_to_regex=None, packages_above=None, packages_above_and_dependencies=None, packages_above_depth=None, packages_select_by_dep=None, packages_skip_by_dep=None, packages_skip_up_to=None, packages_select_build_failed=False, packages_skip_build_finished=False, packages_select_test_failures=False, packages_skip_test_passed=False, packages_select=['only_robot_arm', 'only_robot_arm_moveit_config'], packages_skip=None, packages_select_regex=None, packages_skip_regex=None, packages_start=None, packages_end=None, allow_overriding=[], cmake_args=None, cmake_target=None, cmake_target_skip_unavailable=False, cmake_clean_cache=False, cmake_clean_first=False, cmake_force_configure=False, ament_cmake_args=None, catkin_cmake_args=None, catkin_skip_building_tests=False, mixin_files=None, mixin=None, verb_parser=<colcon_mixin.mixin.mixin_argument.MixinArgumentDecorator object at 0x7dd0bfdc2ae0>, verb_extension=<colcon_core.verb.build.BuildVerb object at 0x7dd0bfdc2930>, main=<bound method BuildVerb.main of <colcon_core.verb.build.BuildVerb object at 0x7dd0bfdc2930>>, mixin_verb=('build',))
[0.139s] Level 1:colcon.colcon_core.package_discovery:discover_packages(colcon_meta) check parameters
[0.140s] Level 1:colcon.colcon_core.package_discovery:discover_packages(recursive) check parameters
[0.140s] Level 1:colcon.colcon_core.package_discovery:discover_packages(ignore) check parameters
[0.140s] Level 1:colcon.colcon_core.package_discovery:discover_packages(path) check parameters
[0.140s] Level 1:colcon.colcon_core.package_discovery:discover_packages(colcon_meta) discover
[0.140s] Level 1:colcon.colcon_core.package_discovery:discover_packages(recursive) discover
[0.140s] INFO:colcon.colcon_core.package_discovery:Crawling recursively for packages in '/home/lcy/ros2_ws'
[0.140s] Level 1:colcon.colcon_core.package_identification:_identify(.) by extensions ['ignore', 'ignore_ament_install']
[0.140s] Level 1:colcon.colcon_core.package_identification:_identify(.) by extension 'ignore'
[0.140s] Level 1:colcon.colcon_core.package_identification:_identify(.) by extension 'ignore_ament_install'
[0.140s] Level 1:colcon.colcon_core.package_identification:_identify(.) by extensions ['colcon_pkg']
[0.140s] Level 1:colcon.colcon_core.package_identification:_identify(.) by extension 'colcon_pkg'
[0.140s] Level 1:colcon.colcon_core.package_identification:_identify(.) by extensions ['colcon_meta']
[0.140s] Level 1:colcon.colcon_core.package_identification:_identify(.) by extension 'colcon_meta'
[0.140s] Level 1:colcon.colcon_core.package_identification:_identify(.) by extensions ['ros']
[0.140s] Level 1:colcon.colcon_core.package_identification:_identify(.) by extension 'ros'
[0.161s] Level 1:colcon.colcon_core.package_identification:_identify(.) by extensions ['cmake', 'python']
[0.161s] Level 1:colcon.colcon_core.package_identification:_identify(.) by extension 'cmake'
[0.161s] Level 1:colcon.colcon_core.package_identification:_identify(.) by extension 'python'
[0.161s] Level 1:colcon.colcon_core.package_identification:_identify(.) by extensions ['python_setup_py']
[0.161s] Level 1:colcon.colcon_core.package_identification:_identify(.) by extension 'python_setup_py'
[0.161s] Level 1:colcon.colcon_core.package_identification:_identify(build) by extensions ['ignore', 'ignore_ament_install']
[0.161s] Level 1:colcon.colcon_core.package_identification:_identify(build) by extension 'ignore'
[0.162s] Level 1:colcon.colcon_core.package_identification:_identify(build) ignored
[0.162s] Level 1:colcon.colcon_core.package_identification:_identify(install) by extensions ['ignore', 'ignore_ament_install']
[0.162s] Level 1:colcon.colcon_core.package_identification:_identify(install) by extension 'ignore'
[0.162s] Level 1:colcon.colcon_core.package_identification:_identify(install) ignored
[0.162s] Level 1:colcon.colcon_core.package_identification:_identify(log) by extensions ['ignore', 'ignore_ament_install']
[0.162s] Level 1:colcon.colcon_core.package_identification:_identify(log) by extension 'ignore'
[0.162s] Level 1:colcon.colcon_core.package_identification:_identify(log) ignored
[0.162s] Level 1:colcon.colcon_core.package_identification:_identify(src) by extensions ['ignore', 'ignore_ament_install']
[0.162s] Level 1:colcon.colcon_core.package_identification:_identify(src) by extension 'ignore'
[0.162s] Level 1:colcon.colcon_core.package_identification:_identify(src) by extension 'ignore_ament_install'
[0.162s] Level 1:colcon.colcon_core.package_identification:_identify(src) by extensions ['colcon_pkg']
[0.162s] Level 1:colcon.colcon_core.package_identification:_identify(src) by extension 'colcon_pkg'
[0.162s] Level 1:colcon.colcon_core.package_identification:_identify(src) by extensions ['colcon_meta']
[0.162s] Level 1:colcon.colcon_core.package_identification:_identify(src) by extension 'colcon_meta'
[0.162s] Level 1:colcon.colcon_core.package_identification:_identify(src) by extensions ['ros']
[0.162s] Level 1:colcon.colcon_core.package_identification:_identify(src) by extension 'ros'
[0.163s] Level 1:colcon.colcon_core.package_identification:_identify(src) by extensions ['cmake', 'python']
[0.163s] Level 1:colcon.colcon_core.package_identification:_identify(src) by extension 'cmake'
[0.163s] Level 1:colcon.colcon_core.package_identification:_identify(src) by extension 'python'
[0.163s] Level 1:colcon.colcon_core.package_identification:_identify(src) by extensions ['python_setup_py']
[0.163s] Level 1:colcon.colcon_core.package_identification:_identify(src) by extension 'python_setup_py'
[0.163s] Level 1:colcon.colcon_core.package_identification:_identify(src/environment) by extensions ['ignore', 'ignore_ament_install']
[0.163s] Level 1:colcon.colcon_core.package_identification:_identify(src/environment) by extension 'ignore'
[0.163s] Level 1:colcon.colcon_core.package_identification:_identify(src/environment) by extension 'ignore_ament_install'
[0.163s] Level 1:colcon.colcon_core.package_identification:_identify(src/environment) by extensions ['colcon_pkg']
[0.163s] Level 1:colcon.colcon_core.package_identification:_identify(src/environment) by extension 'colcon_pkg'
[0.163s] Level 1:colcon.colcon_core.package_identification:_identify(src/environment) by extensions ['colcon_meta']
[0.163s] Level 1:colcon.colcon_core.package_identification:_identify(src/environment) by extension 'colcon_meta'
[0.163s] Level 1:colcon.colcon_core.package_identification:_identify(src/environment) by extensions ['ros']
[0.163s] Level 1:colcon.colcon_core.package_identification:_identify(src/environment) by extension 'ros'
[0.165s] DEBUG:colcon.colcon_core.package_identification:Package 'src/environment' with type 'ros.ament_cmake' and name 'environment'
[0.165s] Level 1:colcon.colcon_core.package_identification:_identify(src/only_robot_arm) by extensions ['ignore', 'ignore_ament_install']
[0.166s] Level 1:colcon.colcon_core.package_identification:_identify(src/only_robot_arm) by extension 'ignore'
[0.166s] Level 1:colcon.colcon_core.package_identification:_identify(src/only_robot_arm) by extension 'ignore_ament_install'
[0.166s] Level 1:colcon.colcon_core.package_identification:_identify(src/only_robot_arm) by extensions ['colcon_pkg']
[0.166s] Level 1:colcon.colcon_core.package_identification:_identify(src/only_robot_arm) by extension 'colcon_pkg'
[0.166s] Level 1:colcon.colcon_core.package_identification:_identify(src/only_robot_arm) by extensions ['colcon_meta']
[0.166s] Level 1:colcon.colcon_core.package_identification:_identify(src/only_robot_arm) by extension 'colcon_meta'
[0.166s] Level 1:colcon.colcon_core.package_identification:_identify(src/only_robot_arm) by extensions ['ros']
[0.166s] Level 1:colcon.colcon_core.package_identification:_identify(src/only_robot_arm) by extension 'ros'
[0.167s] DEBUG:colcon.colcon_core.package_identification:Package 'src/only_robot_arm' with type 'ros.ament_cmake' and name 'only_robot_arm'
[0.167s] Level 1:colcon.colcon_core.package_identification:_identify(src/only_robot_arm_moveit_config) by extensions ['ignore', 'ignore_ament_install']
[0.167s] Level 1:colcon.colcon_core.package_identification:_identify(src/only_robot_arm_moveit_config) by extension 'ignore'
[0.167s] Level 1:colcon.colcon_core.package_identification:_identify(src/only_robot_arm_moveit_config) by extension 'ignore_ament_install'
[0.167s] Level 1:colcon.colcon_core.package_identification:_identify(src/only_robot_arm_moveit_config) by extensions ['colcon_pkg']
[0.167s] Level 1:colcon.colcon_core.package_identification:_identify(src/only_robot_arm_moveit_config) by extension 'colcon_pkg'
[0.167s] Level 1:colcon.colcon_core.package_identification:_identify(src/only_robot_arm_moveit_config) by extensions ['colcon_meta']
[0.167s] Level 1:colcon.colcon_core.package_identification:_identify(src/only_robot_arm_moveit_config) by extension 'colcon_meta'
[0.167s] Level 1:colcon.colcon_core.package_identification:_identify(src/only_robot_arm_moveit_config) by extensions ['ros']
[0.167s] Level 1:colcon.colcon_core.package_identification:_identify(src/only_robot_arm_moveit_config) by extension 'ros'
[0.167s] DEBUG:colcon.colcon_core.package_identification:Package 'src/only_robot_arm_moveit_config' with type 'ros.ament_cmake' and name 'only_robot_arm_moveit_config'
[0.167s] Level 1:colcon.colcon_core.package_identification:_identify(录屏) by extensions ['ignore', 'ignore_ament_install']
[0.167s] Level 1:colcon.colcon_core.package_identification:_identify(录屏) by extension 'ignore'
[0.167s] Level 1:colcon.colcon_core.package_identification:_identify(录屏) by extension 'ignore_ament_install'
[0.168s] Level 1:colcon.colcon_core.package_identification:_identify(录屏) by extensions ['colcon_pkg']
[0.168s] Level 1:colcon.colcon_core.package_identification:_identify(录屏) by extension 'colcon_pkg'
[0.168s] Level 1:colcon.colcon_core.package_identification:_identify(录屏) by extensions ['colcon_meta']
[0.168s] Level 1:colcon.colcon_core.package_identification:_identify(录屏) by extension 'colcon_meta'
[0.168s] Level 1:colcon.colcon_core.package_identification:_identify(录屏) by extensions ['ros']
[0.168s] Level 1:colcon.colcon_core.package_identification:_identify(录屏) by extension 'ros'
[0.168s] Level 1:colcon.colcon_core.package_identification:_identify(录屏) by extensions ['cmake', 'python']
[0.168s] Level 1:colcon.colcon_core.package_identification:_identify(录屏) by extension 'cmake'
[0.168s] Level 1:colcon.colcon_core.package_identification:_identify(录屏) by extension 'python'
[0.168s] Level 1:colcon.colcon_core.package_identification:_identify(录屏) by extensions ['python_setup_py']
[0.168s] Level 1:colcon.colcon_core.package_identification:_identify(录屏) by extension 'python_setup_py'
[0.168s] Level 1:colcon.colcon_core.package_identification:_identify(截图) by extensions ['ignore', 'ignore_ament_install']
[0.168s] Level 1:colcon.colcon_core.package_identification:_identify(截图) by extension 'ignore'
[0.168s] Level 1:colcon.colcon_core.package_identification:_identify(截图) by extension 'ignore_ament_install'
[0.168s] Level 1:colcon.colcon_core.package_identification:_identify(截图) by extensions ['colcon_pkg']
[0.168s] Level 1:colcon.colcon_core.package_identification:_identify(截图) by extension 'colcon_pkg'
[0.168s] Level 1:colcon.colcon_core.package_identification:_identify(截图) by extensions ['colcon_meta']
[0.168s] Level 1:colcon.colcon_core.package_identification:_identify(截图) by extension 'colcon_meta'
[0.168s] Level 1:colcon.colcon_core.package_identification:_identify(截图) by extensions ['ros']
[0.168s] Level 1:colcon.colcon_core.package_identification:_identify(截图) by extension 'ros'
[0.168s] Level 1:colcon.colcon_core.package_identification:_identify(截图) by extensions ['cmake', 'python']
[0.168s] Level 1:colcon.colcon_core.package_identification:_identify(截图) by extension 'cmake'
[0.168s] Level 1:colcon.colcon_core.package_identification:_identify(截图) by extension 'python'
[0.168s] Level 1:colcon.colcon_core.package_identification:_identify(截图) by extensions ['python_setup_py']
[0.168s] Level 1:colcon.colcon_core.package_identification:_identify(截图) by extension 'python_setup_py'
[0.168s] Level 1:colcon.colcon_core.package_discovery:discover_packages(recursive) using defaults
[0.168s] Level 1:colcon.colcon_core.package_discovery:discover_packages(ignore) discover
[0.168s] Level 1:colcon.colcon_core.package_discovery:discover_packages(ignore) using defaults
[0.168s] Level 1:colcon.colcon_core.package_discovery:discover_packages(path) discover
[0.169s] Level 1:colcon.colcon_core.package_discovery:discover_packages(path) using defaults
[0.182s] INFO:colcon.colcon_core.package_selection:Skipping not selected package 'environment' in 'src/environment'
[0.183s] Level 1:colcon.colcon_core.package_discovery:discover_packages(prefix_path) check parameters
[0.183s] Level 1:colcon.colcon_core.package_discovery:discover_packages(prefix_path) discover
[0.185s] DEBUG:colcon.colcon_installed_package_information.package_discovery:Found 357 installed packages in /opt/ros/jazzy
[0.187s] Level 1:colcon.colcon_core.package_discovery:discover_packages(prefix_path) using defaults
[0.228s] Level 5:colcon.colcon_core.verb:set package 'only_robot_arm' build argument 'cmake_args' from command line to 'None'
[0.228s] Level 5:colcon.colcon_core.verb:set package 'only_robot_arm' build argument 'cmake_target' from command line to 'None'
[0.228s] Level 5:colcon.colcon_core.verb:set package 'only_robot_arm' build argument 'cmake_target_skip_unavailable' from command line to 'False'
[0.228s] Level 5:colcon.colcon_core.verb:set package 'only_robot_arm' build argument 'cmake_clean_cache' from command line to 'False'
[0.228s] Level 5:colcon.colcon_core.verb:set package 'only_robot_arm' build argument 'cmake_clean_first' from command line to 'False'
[0.228s] Level 5:colcon.colcon_core.verb:set package 'only_robot_arm' build argument 'cmake_force_configure' from command line to 'False'
[0.228s] Level 5:colcon.colcon_core.verb:set package 'only_robot_arm' build argument 'ament_cmake_args' from command line to 'None'
[0.228s] Level 5:colcon.colcon_core.verb:set package 'only_robot_arm' build argument 'catkin_cmake_args' from command line to 'None'
[0.228s] Level 5:colcon.colcon_core.verb:set package 'only_robot_arm' build argument 'catkin_skip_building_tests' from command line to 'False'
[0.228s] DEBUG:colcon.colcon_core.verb:Building package 'only_robot_arm' with the following arguments: {'ament_cmake_args': None, 'build_base': '/home/lcy/ros2_ws/build/only_robot_arm', 'catkin_cmake_args': None, 'catkin_skip_building_tests': False, 'cmake_args': None, 'cmake_clean_cache': False, 'cmake_clean_first': False, 'cmake_force_configure': False, 'cmake_target': None, 'cmake_target_skip_unavailable': False, 'install_base': '/home/lcy/ros2_ws/install/only_robot_arm', 'merge_install': False, 'path': '/home/lcy/ros2_ws/src/only_robot_arm', 'symlink_install': True, 'test_result_base': None}
[0.229s] Level 5:colcon.colcon_core.verb:set package 'only_robot_arm_moveit_config' build argument 'cmake_args' from command line to 'None'
[0.229s] Level 5:colcon.colcon_core.verb:set package 'only_robot_arm_moveit_config' build argument 'cmake_target' from command line to 'None'
[0.229s] Level 5:colcon.colcon_core.verb:set package 'only_robot_arm_moveit_config' build argument 'cmake_target_skip_unavailable' from command line to 'False'
[0.229s] Level 5:colcon.colcon_core.verb:set package 'only_robot_arm_moveit_config' build argument 'cmake_clean_cache' from command line to 'False'
[0.229s] Level 5:colcon.colcon_core.verb:set package 'only_robot_arm_moveit_config' build argument 'cmake_clean_first' from command line to 'False'
[0.229s] Level 5:colcon.colcon_core.verb:set package 'only_robot_arm_moveit_config' build argument 'cmake_force_configure' from command line to 'False'
[0.229s] Level 5:colcon.colcon_core.verb:set package 'only_robot_arm_moveit_config' build argument 'ament_cmake_args' from command line to 'None'
[0.229s] Level 5:colcon.colcon_core.verb:set package 'only_robot_arm_moveit_config' build argument 'catkin_cmake_args' from command line to 'None'
[0.229s] Level 5:colcon.colcon_core.verb:set package 'only_robot_arm_moveit_config' build argument 'catkin_skip_building_tests' from command line to 'False'
[0.229s] DEBUG:colcon.colcon_core.verb:Building package 'only_robot_arm_moveit_config' with the following arguments: {'ament_cmake_args': None, 'build_base': '/home/lcy/ros2_ws/build/only_robot_arm_moveit_config', 'catkin_cmake_args': None, 'catkin_skip_building_tests': False, 'cmake_args': None, 'cmake_clean_cache': False, 'cmake_clean_first': False, 'cmake_force_configure': False, 'cmake_target': None, 'cmake_target_skip_unavailable': False, 'install_base': '/home/lcy/ros2_ws/install/only_robot_arm_moveit_config', 'merge_install': False, 'path': '/home/lcy/ros2_ws/src/only_robot_arm_moveit_config', 'symlink_install': True, 'test_result_base': None}
[0.229s] INFO:colcon.colcon_core.executor:Executing jobs using 'parallel' executor
[0.230s] DEBUG:colcon.colcon_parallel_executor.executor.parallel:run_until_complete
[0.230s] INFO:colcon.colcon_ros.task.ament_cmake.build:Building ROS package in '/home/lcy/ros2_ws/src/only_robot_arm' with build type 'ament_cmake'
[0.230s] INFO:colcon.colcon_cmake.task.cmake.build:Building CMake package in '/home/lcy/ros2_ws/src/only_robot_arm'
[0.231s] INFO:colcon.colcon_core.plugin_system:Skipping extension 'colcon_core.shell.bat': Not used on non-Windows systems
[0.232s] INFO:colcon.colcon_core.shell:Skip shell extension 'powershell' for command environment: Not usable outside of PowerShell
[0.232s] DEBUG:colcon.colcon_core.shell:Skip shell extension 'dsv' for command environment
[0.239s] DEBUG:colcon.colcon_core.event_handler.log_command:Invoking command in '/home/lcy/ros2_ws/build/only_robot_arm': CMAKE_PREFIX_PATH=${CMAKE_PREFIX_PATH}:/opt/ros/jazzy DEBUGINFOD_URLS=https://debuginfod.ubuntu.com /usr/bin/cmake --build /home/lcy/ros2_ws/build/only_robot_arm -- -j16 -l16
[0.328s] DEBUG:colcon.colcon_core.event_handler.log_command:Invoked command in '/home/lcy/ros2_ws/build/only_robot_arm' returned '0': CMAKE_PREFIX_PATH=${CMAKE_PREFIX_PATH}:/opt/ros/jazzy DEBUGINFOD_URLS=https://debuginfod.ubuntu.com /usr/bin/cmake --build /home/lcy/ros2_ws/build/only_robot_arm -- -j16 -l16
[0.339s] DEBUG:colcon.colcon_core.event_handler.log_command:Invoking command in '/home/lcy/ros2_ws/build/only_robot_arm': CMAKE_PREFIX_PATH=${CMAKE_PREFIX_PATH}:/opt/ros/jazzy DEBUGINFOD_URLS=https://debuginfod.ubuntu.com /usr/bin/cmake --install /home/lcy/ros2_ws/build/only_robot_arm
[0.364s] Level 1:colcon.colcon_core.environment:create_environment_scripts_only(only_robot_arm)
[0.364s] DEBUG:colcon.colcon_core.event_handler.log_command:Invoked command in '/home/lcy/ros2_ws/build/only_robot_arm' returned '0': CMAKE_PREFIX_PATH=${CMAKE_PREFIX_PATH}:/opt/ros/jazzy DEBUGINFOD_URLS=https://debuginfod.ubuntu.com /usr/bin/cmake --install /home/lcy/ros2_ws/build/only_robot_arm
[0.366s] Level 1:colcon.colcon_core.environment:checking '/home/lcy/ros2_ws/install/only_robot_arm' for CMake module files
[0.366s] Level 1:colcon.colcon_core.environment:checking '/home/lcy/ros2_ws/install/only_robot_arm' for CMake config files
[0.366s] Level 1:colcon.colcon_core.shell:create_environment_hook('only_robot_arm', 'cmake_prefix_path')
[0.366s] INFO:colcon.colcon_core.shell:Creating environment hook '/home/lcy/ros2_ws/install/only_robot_arm/share/only_robot_arm/hook/cmake_prefix_path.ps1'
[0.367s] INFO:colcon.colcon_core.shell:Creating environment descriptor '/home/lcy/ros2_ws/install/only_robot_arm/share/only_robot_arm/hook/cmake_prefix_path.dsv'
[0.367s] INFO:colcon.colcon_core.shell:Creating environment hook '/home/lcy/ros2_ws/install/only_robot_arm/share/only_robot_arm/hook/cmake_prefix_path.sh'
[0.368s] Level 1:colcon.colcon_core.environment:checking '/home/lcy/ros2_ws/install/only_robot_arm/lib'
[0.368s] Level 1:colcon.colcon_core.environment:checking '/home/lcy/ros2_ws/install/only_robot_arm/bin'
[0.368s] Level 1:colcon.colcon_core.environment:checking '/home/lcy/ros2_ws/install/only_robot_arm/lib/pkgconfig/only_robot_arm.pc'
[0.368s] Level 1:colcon.colcon_core.environment:checking '/home/lcy/ros2_ws/install/only_robot_arm/lib/python3.12/site-packages'
[0.369s] Level 1:colcon.colcon_core.environment:checking '/home/lcy/ros2_ws/install/only_robot_arm/bin'
[0.369s] INFO:colcon.colcon_core.shell:Creating package script '/home/lcy/ros2_ws/install/only_robot_arm/share/only_robot_arm/package.ps1'
[0.369s] INFO:colcon.colcon_core.shell:Creating package descriptor '/home/lcy/ros2_ws/install/only_robot_arm/share/only_robot_arm/package.dsv'
[0.370s] INFO:colcon.colcon_core.shell:Creating package script '/home/lcy/ros2_ws/install/only_robot_arm/share/only_robot_arm/package.sh'
[0.370s] INFO:colcon.colcon_core.shell:Creating package script '/home/lcy/ros2_ws/install/only_robot_arm/share/only_robot_arm/package.bash'
[0.371s] INFO:colcon.colcon_core.shell:Creating package script '/home/lcy/ros2_ws/install/only_robot_arm/share/only_robot_arm/package.zsh'
[0.371s] Level 1:colcon.colcon_core.environment:create_file_with_runtime_dependencies(/home/lcy/ros2_ws/install/only_robot_arm/share/colcon-core/packages/only_robot_arm)
[0.371s] Level 1:colcon.colcon_core.environment:create_environment_scripts_only(only_robot_arm)
[0.372s] Level 1:colcon.colcon_core.environment:checking '/home/lcy/ros2_ws/install/only_robot_arm' for CMake module files
[0.372s] Level 1:colcon.colcon_core.environment:checking '/home/lcy/ros2_ws/install/only_robot_arm' for CMake config files
[0.372s] Level 1:colcon.colcon_core.shell:create_environment_hook('only_robot_arm', 'cmake_prefix_path')
[0.372s] INFO:colcon.colcon_core.shell:Creating environment hook '/home/lcy/ros2_ws/install/only_robot_arm/share/only_robot_arm/hook/cmake_prefix_path.ps1'
[0.373s] INFO:colcon.colcon_core.shell:Creating environment descriptor '/home/lcy/ros2_ws/install/only_robot_arm/share/only_robot_arm/hook/cmake_prefix_path.dsv'
[0.373s] INFO:colcon.colcon_core.shell:Creating environment hook '/home/lcy/ros2_ws/install/only_robot_arm/share/only_robot_arm/hook/cmake_prefix_path.sh'
[0.373s] Level 1:colcon.colcon_core.environment:checking '/home/lcy/ros2_ws/install/only_robot_arm/lib'
[0.374s] Level 1:colcon.colcon_core.environment:checking '/home/lcy/ros2_ws/install/only_robot_arm/bin'
[0.374s] Level 1:colcon.colcon_core.environment:checking '/home/lcy/ros2_ws/install/only_robot_arm/lib/pkgconfig/only_robot_arm.pc'
[0.374s] Level 1:colcon.colcon_core.environment:checking '/home/lcy/ros2_ws/install/only_robot_arm/lib/python3.12/site-packages'
[0.374s] Level 1:colcon.colcon_core.environment:checking '/home/lcy/ros2_ws/install/only_robot_arm/bin'
[0.374s] INFO:colcon.colcon_core.shell:Creating package script '/home/lcy/ros2_ws/install/only_robot_arm/share/only_robot_arm/package.ps1'
[0.375s] INFO:colcon.colcon_core.shell:Creating package descriptor '/home/lcy/ros2_ws/install/only_robot_arm/share/only_robot_arm/package.dsv'
[0.375s] INFO:colcon.colcon_core.shell:Creating package script '/home/lcy/ros2_ws/install/only_robot_arm/share/only_robot_arm/package.sh'
[0.376s] INFO:colcon.colcon_core.shell:Creating package script '/home/lcy/ros2_ws/install/only_robot_arm/share/only_robot_arm/package.bash'
[0.376s] INFO:colcon.colcon_core.shell:Creating package script '/home/lcy/ros2_ws/install/only_robot_arm/share/only_robot_arm/package.zsh'
[0.376s] Level 1:colcon.colcon_core.environment:create_file_with_runtime_dependencies(/home/lcy/ros2_ws/install/only_robot_arm/share/colcon-core/packages/only_robot_arm)
[0.377s] INFO:colcon.colcon_ros.task.ament_cmake.build:Building ROS package in '/home/lcy/ros2_ws/src/only_robot_arm_moveit_config' with build type 'ament_cmake'
[0.377s] INFO:colcon.colcon_cmake.task.cmake.build:Building CMake package in '/home/lcy/ros2_ws/src/only_robot_arm_moveit_config'
[0.377s] INFO:colcon.colcon_core.shell:Skip shell extension 'powershell' for command environment: Not usable outside of PowerShell
[0.377s] DEBUG:colcon.colcon_core.shell:Skip shell extension 'dsv' for command environment
[0.385s] DEBUG:colcon.colcon_core.event_handler.log_command:Invoking command in '/home/lcy/ros2_ws/build/only_robot_arm_moveit_config': AMENT_PREFIX_PATH=/home/lcy/ros2_ws/install/only_robot_arm:${AMENT_PREFIX_PATH} CMAKE_PREFIX_PATH=/home/lcy/ros2_ws/install/only_robot_arm:/opt/ros/jazzy/opt/sdformat_vendor:/opt/ros/jazzy/opt/gz_math_vendor:/opt/ros/jazzy/opt/gz_utils_vendor:/opt/ros/jazzy/opt/gz_tools_vendor:/opt/ros/jazzy/opt/gz_cmake_vendor:/opt/ros/jazzy DEBUGINFOD_URLS=https://debuginfod.ubuntu.com /usr/bin/cmake --build /home/lcy/ros2_ws/build/only_robot_arm_moveit_config -- -j16 -l16
[0.426s] DEBUG:colcon.colcon_core.event_handler.log_command:Invoked command in '/home/lcy/ros2_ws/build/only_robot_arm_moveit_config' returned '0': AMENT_PREFIX_PATH=/home/lcy/ros2_ws/install/only_robot_arm:${AMENT_PREFIX_PATH} CMAKE_PREFIX_PATH=/home/lcy/ros2_ws/install/only_robot_arm:/opt/ros/jazzy/opt/sdformat_vendor:/opt/ros/jazzy/opt/gz_math_vendor:/opt/ros/jazzy/opt/gz_utils_vendor:/opt/ros/jazzy/opt/gz_tools_vendor:/opt/ros/jazzy/opt/gz_cmake_vendor:/opt/ros/jazzy DEBUGINFOD_URLS=https://debuginfod.ubuntu.com /usr/bin/cmake --build /home/lcy/ros2_ws/build/only_robot_arm_moveit_config -- -j16 -l16
[0.427s] DEBUG:colcon.colcon_core.event_handler.log_command:Invoking command in '/home/lcy/ros2_ws/build/only_robot_arm_moveit_config': AMENT_PREFIX_PATH=/home/lcy/ros2_ws/install/only_robot_arm:${AMENT_PREFIX_PATH} CMAKE_PREFIX_PATH=/home/lcy/ros2_ws/install/only_robot_arm:/opt/ros/jazzy/opt/sdformat_vendor:/opt/ros/jazzy/opt/gz_math_vendor:/opt/ros/jazzy/opt/gz_utils_vendor:/opt/ros/jazzy/opt/gz_tools_vendor:/opt/ros/jazzy/opt/gz_cmake_vendor:/opt/ros/jazzy DEBUGINFOD_URLS=https://debuginfod.ubuntu.com /usr/bin/cmake --install /home/lcy/ros2_ws/build/only_robot_arm_moveit_config
[0.460s] Level 1:colcon.colcon_core.environment:create_environment_scripts_only(only_robot_arm_moveit_config)
[0.461s] Level 1:colcon.colcon_core.environment:checking '/home/lcy/ros2_ws/install/only_robot_arm_moveit_config' for CMake module files
[0.461s] DEBUG:colcon.colcon_core.event_handler.log_command:Invoked command in '/home/lcy/ros2_ws/build/only_robot_arm_moveit_config' returned '0': AMENT_PREFIX_PATH=/home/lcy/ros2_ws/install/only_robot_arm:${AMENT_PREFIX_PATH} CMAKE_PREFIX_PATH=/home/lcy/ros2_ws/install/only_robot_arm:/opt/ros/jazzy/opt/sdformat_vendor:/opt/ros/jazzy/opt/gz_math_vendor:/opt/ros/jazzy/opt/gz_utils_vendor:/opt/ros/jazzy/opt/gz_tools_vendor:/opt/ros/jazzy/opt/gz_cmake_vendor:/opt/ros/jazzy DEBUGINFOD_URLS=https://debuginfod.ubuntu.com /usr/bin/cmake --install /home/lcy/ros2_ws/build/only_robot_arm_moveit_config
[0.462s] Level 1:colcon.colcon_core.environment:checking '/home/lcy/ros2_ws/install/only_robot_arm_moveit_config' for CMake config files
[0.462s] Level 1:colcon.colcon_core.shell:create_environment_hook('only_robot_arm_moveit_config', 'cmake_prefix_path')
[0.462s] INFO:colcon.colcon_core.shell:Creating environment hook '/home/lcy/ros2_ws/install/only_robot_arm_moveit_config/share/only_robot_arm_moveit_config/hook/cmake_prefix_path.ps1'
[0.463s] INFO:colcon.colcon_core.shell:Creating environment descriptor '/home/lcy/ros2_ws/install/only_robot_arm_moveit_config/share/only_robot_arm_moveit_config/hook/cmake_prefix_path.dsv'
[0.463s] INFO:colcon.colcon_core.shell:Creating environment hook '/home/lcy/ros2_ws/install/only_robot_arm_moveit_config/share/only_robot_arm_moveit_config/hook/cmake_prefix_path.sh'
[0.464s] Level 1:colcon.colcon_core.environment:checking '/home/lcy/ros2_ws/install/only_robot_arm_moveit_config/bin'
[0.464s] Level 1:colcon.colcon_core.environment:checking '/home/lcy/ros2_ws/install/only_robot_arm_moveit_config/lib/pkgconfig/only_robot_arm_moveit_config.pc'
[0.464s] Level 1:colcon.colcon_core.environment:checking '/home/lcy/ros2_ws/install/only_robot_arm_moveit_config/lib/python3.12/site-packages'
[0.464s] Level 1:colcon.colcon_core.environment:checking '/home/lcy/ros2_ws/install/only_robot_arm_moveit_config/bin'
[0.465s] INFO:colcon.colcon_core.shell:Creating package script '/home/lcy/ros2_ws/install/only_robot_arm_moveit_config/share/only_robot_arm_moveit_config/package.ps1'
[0.465s] INFO:colcon.colcon_core.shell:Creating package descriptor '/home/lcy/ros2_ws/install/only_robot_arm_moveit_config/share/only_robot_arm_moveit_config/package.dsv'
[0.466s] INFO:colcon.colcon_core.shell:Creating package script '/home/lcy/ros2_ws/install/only_robot_arm_moveit_config/share/only_robot_arm_moveit_config/package.sh'
[0.466s] INFO:colcon.colcon_core.shell:Creating package script '/home/lcy/ros2_ws/install/only_robot_arm_moveit_config/share/only_robot_arm_moveit_config/package.bash'
[0.466s] INFO:colcon.colcon_core.shell:Creating package script '/home/lcy/ros2_ws/install/only_robot_arm_moveit_config/share/only_robot_arm_moveit_config/package.zsh'
[0.467s] Level 1:colcon.colcon_core.environment:create_file_with_runtime_dependencies(/home/lcy/ros2_ws/install/only_robot_arm_moveit_config/share/colcon-core/packages/only_robot_arm_moveit_config)
[0.467s] Level 1:colcon.colcon_core.environment:create_environment_scripts_only(only_robot_arm_moveit_config)
[0.467s] Level 1:colcon.colcon_core.environment:checking '/home/lcy/ros2_ws/install/only_robot_arm_moveit_config' for CMake module files
[0.468s] Level 1:colcon.colcon_core.environment:checking '/home/lcy/ros2_ws/install/only_robot_arm_moveit_config' for CMake config files
[0.468s] Level 1:colcon.colcon_core.shell:create_environment_hook('only_robot_arm_moveit_config', 'cmake_prefix_path')
[0.468s] INFO:colcon.colcon_core.shell:Creating environment hook '/home/lcy/ros2_ws/install/only_robot_arm_moveit_config/share/only_robot_arm_moveit_config/hook/cmake_prefix_path.ps1'
[0.469s] INFO:colcon.colcon_core.shell:Creating environment descriptor '/home/lcy/ros2_ws/install/only_robot_arm_moveit_config/share/only_robot_arm_moveit_config/hook/cmake_prefix_path.dsv'
[0.469s] INFO:colcon.colcon_core.shell:Creating environment hook '/home/lcy/ros2_ws/install/only_robot_arm_moveit_config/share/only_robot_arm_moveit_config/hook/cmake_prefix_path.sh'
[0.470s] Level 1:colcon.colcon_core.environment:checking '/home/lcy/ros2_ws/install/only_robot_arm_moveit_config/bin'
[0.470s] Level 1:colcon.colcon_core.environment:checking '/home/lcy/ros2_ws/install/only_robot_arm_moveit_config/lib/pkgconfig/only_robot_arm_moveit_config.pc'
[0.470s] Level 1:colcon.colcon_core.environment:checking '/home/lcy/ros2_ws/install/only_robot_arm_moveit_config/lib/python3.12/site-packages'
[0.470s] Level 1:colcon.colcon_core.environment:checking '/home/lcy/ros2_ws/install/only_robot_arm_moveit_config/bin'
[0.470s] INFO:colcon.colcon_core.shell:Creating package script '/home/lcy/ros2_ws/install/only_robot_arm_moveit_config/share/only_robot_arm_moveit_config/package.ps1'
[0.471s] INFO:colcon.colcon_core.shell:Creating package descriptor '/home/lcy/ros2_ws/install/only_robot_arm_moveit_config/share/only_robot_arm_moveit_config/package.dsv'
[0.471s] INFO:colcon.colcon_core.shell:Creating package script '/home/lcy/ros2_ws/install/only_robot_arm_moveit_config/share/only_robot_arm_moveit_config/package.sh'
[0.471s] INFO:colcon.colcon_core.shell:Creating package script '/home/lcy/ros2_ws/install/only_robot_arm_moveit_config/share/only_robot_arm_moveit_config/package.bash'
[0.472s] INFO:colcon.colcon_core.shell:Creating package script '/home/lcy/ros2_ws/install/only_robot_arm_moveit_config/share/only_robot_arm_moveit_config/package.zsh'
[0.472s] Level 1:colcon.colcon_core.environment:create_file_with_runtime_dependencies(/home/lcy/ros2_ws/install/only_robot_arm_moveit_config/share/colcon-core/packages/only_robot_arm_moveit_config)
[0.472s] DEBUG:colcon.colcon_parallel_executor.executor.parallel:closing loop
[0.473s] DEBUG:colcon.colcon_parallel_executor.executor.parallel:loop closed
[0.473s] DEBUG:colcon.colcon_parallel_executor.executor.parallel:run_until_complete finished with '0'
[0.473s] DEBUG:colcon.colcon_core.event_reactor:joining thread
[0.478s] INFO:colcon.colcon_core.plugin_system:Skipping extension 'colcon_notification.desktop_notification.terminal_notifier': Not used on non-Darwin systems
[0.478s] INFO:colcon.colcon_core.plugin_system:Skipping extension 'colcon_notification.desktop_notification.win32': Not used on non-Windows systems
[0.479s] INFO:colcon.colcon_notification.desktop_notification:Sending desktop notification using 'notify2'
[0.489s] DEBUG:colcon.colcon_core.event_reactor:joined thread
[0.490s] INFO:colcon.colcon_core.shell:Creating prefix script '/home/lcy/ros2_ws/install/local_setup.ps1'
[0.490s] INFO:colcon.colcon_core.shell:Creating prefix util module '/home/lcy/ros2_ws/install/_local_setup_util_ps1.py'
[0.491s] INFO:colcon.colcon_core.shell:Creating prefix chain script '/home/lcy/ros2_ws/install/setup.ps1'
[0.492s] INFO:colcon.colcon_core.shell:Creating prefix script '/home/lcy/ros2_ws/install/local_setup.sh'
[0.492s] INFO:colcon.colcon_core.shell:Creating prefix util module '/home/lcy/ros2_ws/install/_local_setup_util_sh.py'
[0.493s] INFO:colcon.colcon_core.shell:Creating prefix chain script '/home/lcy/ros2_ws/install/setup.sh'
[0.494s] INFO:colcon.colcon_core.shell:Creating prefix script '/home/lcy/ros2_ws/install/local_setup.bash'
[0.494s] INFO:colcon.colcon_core.shell:Creating prefix chain script '/home/lcy/ros2_ws/install/setup.bash'
[0.495s] INFO:colcon.colcon_core.shell:Creating prefix script '/home/lcy/ros2_ws/install/local_setup.zsh'
[0.495s] INFO:colcon.colcon_core.shell:Creating prefix chain script '/home/lcy/ros2_ws/install/setup.zsh'
