[0.089s] DEBUG:colcon:Command line arguments: ['/usr/bin/colcon', 'build', '--packages-select', 'only_robot_arm', '--event-handlers', 'console_direct+']
[0.089s] DEBUG:colcon:Parsed command line arguments: Namespace(log_base=None, log_level=None, verb_name='build', build_base='build', install_base='install', merge_install=False, symlink_install=False, test_result_base=None, continue_on_error=False, executor='parallel', parallel_workers=16, event_handlers=['console_direct+'], ignore_user_meta=False, metas=['./colcon.meta'], base_paths=['.'], packages_ignore=None, packages_ignore_regex=None, paths=None, packages_up_to=None, packages_up_to_regex=None, packages_above=None, packages_above_and_dependencies=None, packages_above_depth=None, packages_select_by_dep=None, packages_skip_by_dep=None, packages_skip_up_to=None, packages_select_build_failed=False, packages_skip_build_finished=False, packages_select_test_failures=False, packages_skip_test_passed=False, packages_select=['only_robot_arm'], packages_skip=None, packages_select_regex=None, packages_skip_regex=None, packages_start=None, packages_end=None, allow_overriding=[], cmake_args=None, cmake_target=None, cmake_target_skip_unavailable=False, cmake_clean_cache=False, cmake_clean_first=False, cmake_force_configure=False, ament_cmake_args=None, catkin_cmake_args=None, catkin_skip_building_tests=False, mixin_files=None, mixin=None, verb_parser=<colcon_mixin.mixin.mixin_argument.MixinArgumentDecorator object at 0x76df9a6ab680>, verb_extension=<colcon_core.verb.build.BuildVerb object at 0x76df9a6ab410>, main=<bound method BuildVerb.main of <colcon_core.verb.build.BuildVerb object at 0x76df9a6ab410>>, mixin_verb=('build',))
[0.119s] Level 1:colcon.colcon_core.package_discovery:discover_packages(colcon_meta) check parameters
[0.119s] Level 1:colcon.colcon_core.package_discovery:discover_packages(recursive) check parameters
[0.119s] Level 1:colcon.colcon_core.package_discovery:discover_packages(ignore) check parameters
[0.119s] Level 1:colcon.colcon_core.package_discovery:discover_packages(path) check parameters
[0.119s] Level 1:colcon.colcon_core.package_discovery:discover_packages(colcon_meta) discover
[0.119s] Level 1:colcon.colcon_core.package_discovery:discover_packages(recursive) discover
[0.119s] INFO:colcon.colcon_core.package_discovery:Crawling recursively for packages in '/home/lcy/ros2_ws'
[0.119s] Level 1:colcon.colcon_core.package_identification:_identify(.) by extensions ['ignore', 'ignore_ament_install']
[0.119s] Level 1:colcon.colcon_core.package_identification:_identify(.) by extension 'ignore'
[0.119s] Level 1:colcon.colcon_core.package_identification:_identify(.) by extension 'ignore_ament_install'
[0.119s] Level 1:colcon.colcon_core.package_identification:_identify(.) by extensions ['colcon_pkg']
[0.119s] Level 1:colcon.colcon_core.package_identification:_identify(.) by extension 'colcon_pkg'
[0.119s] Level 1:colcon.colcon_core.package_identification:_identify(.) by extensions ['colcon_meta']
[0.119s] Level 1:colcon.colcon_core.package_identification:_identify(.) by extension 'colcon_meta'
[0.119s] Level 1:colcon.colcon_core.package_identification:_identify(.) by extensions ['ros']
[0.119s] Level 1:colcon.colcon_core.package_identification:_identify(.) by extension 'ros'
[0.138s] Level 1:colcon.colcon_core.package_identification:_identify(.) by extensions ['cmake', 'python']
[0.138s] Level 1:colcon.colcon_core.package_identification:_identify(.) by extension 'cmake'
[0.138s] Level 1:colcon.colcon_core.package_identification:_identify(.) by extension 'python'
[0.138s] Level 1:colcon.colcon_core.package_identification:_identify(.) by extensions ['python_setup_py']
[0.138s] Level 1:colcon.colcon_core.package_identification:_identify(.) by extension 'python_setup_py'
[0.139s] Level 1:colcon.colcon_core.package_identification:_identify(build) by extensions ['ignore', 'ignore_ament_install']
[0.139s] Level 1:colcon.colcon_core.package_identification:_identify(build) by extension 'ignore'
[0.139s] Level 1:colcon.colcon_core.package_identification:_identify(build) ignored
[0.139s] Level 1:colcon.colcon_core.package_identification:_identify(install) by extensions ['ignore', 'ignore_ament_install']
[0.139s] Level 1:colcon.colcon_core.package_identification:_identify(install) by extension 'ignore'
[0.139s] Level 1:colcon.colcon_core.package_identification:_identify(install) ignored
[0.139s] Level 1:colcon.colcon_core.package_identification:_identify(log) by extensions ['ignore', 'ignore_ament_install']
[0.139s] Level 1:colcon.colcon_core.package_identification:_identify(log) by extension 'ignore'
[0.139s] Level 1:colcon.colcon_core.package_identification:_identify(log) ignored
[0.139s] Level 1:colcon.colcon_core.package_identification:_identify(src) by extensions ['ignore', 'ignore_ament_install']
[0.139s] Level 1:colcon.colcon_core.package_identification:_identify(src) by extension 'ignore'
[0.139s] Level 1:colcon.colcon_core.package_identification:_identify(src) by extension 'ignore_ament_install'
[0.139s] Level 1:colcon.colcon_core.package_identification:_identify(src) by extensions ['colcon_pkg']
[0.139s] Level 1:colcon.colcon_core.package_identification:_identify(src) by extension 'colcon_pkg'
[0.139s] Level 1:colcon.colcon_core.package_identification:_identify(src) by extensions ['colcon_meta']
[0.139s] Level 1:colcon.colcon_core.package_identification:_identify(src) by extension 'colcon_meta'
[0.139s] Level 1:colcon.colcon_core.package_identification:_identify(src) by extensions ['ros']
[0.139s] Level 1:colcon.colcon_core.package_identification:_identify(src) by extension 'ros'
[0.139s] Level 1:colcon.colcon_core.package_identification:_identify(src) by extensions ['cmake', 'python']
[0.139s] Level 1:colcon.colcon_core.package_identification:_identify(src) by extension 'cmake'
[0.139s] Level 1:colcon.colcon_core.package_identification:_identify(src) by extension 'python'
[0.140s] Level 1:colcon.colcon_core.package_identification:_identify(src) by extensions ['python_setup_py']
[0.140s] Level 1:colcon.colcon_core.package_identification:_identify(src) by extension 'python_setup_py'
[0.140s] Level 1:colcon.colcon_core.package_identification:_identify(src/only_robot_arm) by extensions ['ignore', 'ignore_ament_install']
[0.140s] Level 1:colcon.colcon_core.package_identification:_identify(src/only_robot_arm) by extension 'ignore'
[0.140s] Level 1:colcon.colcon_core.package_identification:_identify(src/only_robot_arm) by extension 'ignore_ament_install'
[0.140s] Level 1:colcon.colcon_core.package_identification:_identify(src/only_robot_arm) by extensions ['colcon_pkg']
[0.140s] Level 1:colcon.colcon_core.package_identification:_identify(src/only_robot_arm) by extension 'colcon_pkg'
[0.140s] Level 1:colcon.colcon_core.package_identification:_identify(src/only_robot_arm) by extensions ['colcon_meta']
[0.140s] Level 1:colcon.colcon_core.package_identification:_identify(src/only_robot_arm) by extension 'colcon_meta'
[0.140s] Level 1:colcon.colcon_core.package_identification:_identify(src/only_robot_arm) by extensions ['ros']
[0.140s] Level 1:colcon.colcon_core.package_identification:_identify(src/only_robot_arm) by extension 'ros'
[0.142s] DEBUG:colcon.colcon_core.package_identification:Package 'src/only_robot_arm' with type 'ros.ament_cmake' and name 'only_robot_arm'
[0.142s] Level 1:colcon.colcon_core.package_identification:_identify(src/only_robot_arm_moveit_config) by extensions ['ignore', 'ignore_ament_install']
[0.142s] Level 1:colcon.colcon_core.package_identification:_identify(src/only_robot_arm_moveit_config) by extension 'ignore'
[0.142s] Level 1:colcon.colcon_core.package_identification:_identify(src/only_robot_arm_moveit_config) by extension 'ignore_ament_install'
[0.142s] Level 1:colcon.colcon_core.package_identification:_identify(src/only_robot_arm_moveit_config) by extensions ['colcon_pkg']
[0.142s] Level 1:colcon.colcon_core.package_identification:_identify(src/only_robot_arm_moveit_config) by extension 'colcon_pkg'
[0.142s] Level 1:colcon.colcon_core.package_identification:_identify(src/only_robot_arm_moveit_config) by extensions ['colcon_meta']
[0.142s] Level 1:colcon.colcon_core.package_identification:_identify(src/only_robot_arm_moveit_config) by extension 'colcon_meta'
[0.142s] Level 1:colcon.colcon_core.package_identification:_identify(src/only_robot_arm_moveit_config) by extensions ['ros']
[0.142s] Level 1:colcon.colcon_core.package_identification:_identify(src/only_robot_arm_moveit_config) by extension 'ros'
[0.143s] DEBUG:colcon.colcon_core.package_identification:Package 'src/only_robot_arm_moveit_config' with type 'ros.ament_cmake' and name 'only_robot_arm_moveit_config'
[0.143s] Level 1:colcon.colcon_core.package_discovery:discover_packages(recursive) using defaults
[0.143s] Level 1:colcon.colcon_core.package_discovery:discover_packages(ignore) discover
[0.143s] Level 1:colcon.colcon_core.package_discovery:discover_packages(ignore) using defaults
[0.143s] Level 1:colcon.colcon_core.package_discovery:discover_packages(path) discover
[0.143s] Level 1:colcon.colcon_core.package_discovery:discover_packages(path) using defaults
[0.158s] INFO:colcon.colcon_core.package_selection:Skipping not selected package 'only_robot_arm_moveit_config' in 'src/only_robot_arm_moveit_config'
[0.159s] Level 1:colcon.colcon_core.package_discovery:discover_packages(prefix_path) check parameters
[0.159s] Level 1:colcon.colcon_core.package_discovery:discover_packages(prefix_path) discover
[0.163s] DEBUG:colcon.colcon_installed_package_information.package_discovery:Found 357 installed packages in /opt/ros/jazzy
[0.165s] Level 1:colcon.colcon_core.package_discovery:discover_packages(prefix_path) using defaults
[0.203s] Level 5:colcon.colcon_core.verb:set package 'only_robot_arm' build argument 'cmake_args' from command line to 'None'
[0.203s] Level 5:colcon.colcon_core.verb:set package 'only_robot_arm' build argument 'cmake_target' from command line to 'None'
[0.203s] Level 5:colcon.colcon_core.verb:set package 'only_robot_arm' build argument 'cmake_target_skip_unavailable' from command line to 'False'
[0.203s] Level 5:colcon.colcon_core.verb:set package 'only_robot_arm' build argument 'cmake_clean_cache' from command line to 'False'
[0.203s] Level 5:colcon.colcon_core.verb:set package 'only_robot_arm' build argument 'cmake_clean_first' from command line to 'False'
[0.203s] Level 5:colcon.colcon_core.verb:set package 'only_robot_arm' build argument 'cmake_force_configure' from command line to 'False'
[0.203s] Level 5:colcon.colcon_core.verb:set package 'only_robot_arm' build argument 'ament_cmake_args' from command line to 'None'
[0.203s] Level 5:colcon.colcon_core.verb:set package 'only_robot_arm' build argument 'catkin_cmake_args' from command line to 'None'
[0.203s] Level 5:colcon.colcon_core.verb:set package 'only_robot_arm' build argument 'catkin_skip_building_tests' from command line to 'False'
[0.203s] DEBUG:colcon.colcon_core.verb:Building package 'only_robot_arm' with the following arguments: {'ament_cmake_args': None, 'build_base': '/home/lcy/ros2_ws/build/only_robot_arm', 'catkin_cmake_args': None, 'catkin_skip_building_tests': False, 'cmake_args': None, 'cmake_clean_cache': False, 'cmake_clean_first': False, 'cmake_force_configure': False, 'cmake_target': None, 'cmake_target_skip_unavailable': False, 'install_base': '/home/lcy/ros2_ws/install/only_robot_arm', 'merge_install': False, 'path': '/home/lcy/ros2_ws/src/only_robot_arm', 'symlink_install': False, 'test_result_base': None}
[0.203s] INFO:colcon.colcon_core.executor:Executing jobs using 'parallel' executor
[0.204s] DEBUG:colcon.colcon_parallel_executor.executor.parallel:run_until_complete
[0.204s] INFO:colcon.colcon_ros.task.ament_cmake.build:Building ROS package in '/home/lcy/ros2_ws/src/only_robot_arm' with build type 'ament_cmake'
[0.204s] INFO:colcon.colcon_cmake.task.cmake.build:Building CMake package in '/home/lcy/ros2_ws/src/only_robot_arm'
[0.206s] INFO:colcon.colcon_core.plugin_system:Skipping extension 'colcon_core.shell.bat': Not used on non-Windows systems
[0.206s] INFO:colcon.colcon_core.shell:Skip shell extension 'powershell' for command environment: Not usable outside of PowerShell
[0.206s] DEBUG:colcon.colcon_core.shell:Skip shell extension 'dsv' for command environment
[0.213s] DEBUG:colcon.colcon_core.event_handler.log_command:Invoking command in '/home/lcy/ros2_ws/build/only_robot_arm': CMAKE_PREFIX_PATH=${CMAKE_PREFIX_PATH}:/opt/ros/jazzy DEBUGINFOD_URLS=https://debuginfod.ubuntu.com /usr/bin/cmake --build /home/lcy/ros2_ws/build/only_robot_arm -- -j16 -l16
[14.022s] DEBUG:colcon.colcon_core.event_handler.log_command:Invoked command in '/home/lcy/ros2_ws/build/only_robot_arm' returned '0': CMAKE_PREFIX_PATH=${CMAKE_PREFIX_PATH}:/opt/ros/jazzy DEBUGINFOD_URLS=https://debuginfod.ubuntu.com /usr/bin/cmake --build /home/lcy/ros2_ws/build/only_robot_arm -- -j16 -l16
[14.031s] DEBUG:colcon.colcon_core.event_handler.log_command:Invoking command in '/home/lcy/ros2_ws/build/only_robot_arm': CMAKE_PREFIX_PATH=${CMAKE_PREFIX_PATH}:/opt/ros/jazzy DEBUGINFOD_URLS=https://debuginfod.ubuntu.com /usr/bin/cmake --install /home/lcy/ros2_ws/build/only_robot_arm
[14.054s] Level 1:colcon.colcon_core.environment:create_environment_scripts_only(only_robot_arm)
[14.054s] DEBUG:colcon.colcon_core.event_handler.log_command:Invoked command in '/home/lcy/ros2_ws/build/only_robot_arm' returned '0': CMAKE_PREFIX_PATH=${CMAKE_PREFIX_PATH}:/opt/ros/jazzy DEBUGINFOD_URLS=https://debuginfod.ubuntu.com /usr/bin/cmake --install /home/lcy/ros2_ws/build/only_robot_arm
[14.056s] Level 1:colcon.colcon_core.environment:checking '/home/lcy/ros2_ws/install/only_robot_arm' for CMake module files
[14.056s] Level 1:colcon.colcon_core.environment:checking '/home/lcy/ros2_ws/install/only_robot_arm' for CMake config files
[14.056s] Level 1:colcon.colcon_core.shell:create_environment_hook('only_robot_arm', 'cmake_prefix_path')
[14.056s] INFO:colcon.colcon_core.shell:Creating environment hook '/home/lcy/ros2_ws/install/only_robot_arm/share/only_robot_arm/hook/cmake_prefix_path.ps1'
[14.057s] INFO:colcon.colcon_core.shell:Creating environment descriptor '/home/lcy/ros2_ws/install/only_robot_arm/share/only_robot_arm/hook/cmake_prefix_path.dsv'
[14.057s] INFO:colcon.colcon_core.shell:Creating environment hook '/home/lcy/ros2_ws/install/only_robot_arm/share/only_robot_arm/hook/cmake_prefix_path.sh'
[14.058s] Level 1:colcon.colcon_core.environment:checking '/home/lcy/ros2_ws/install/only_robot_arm/lib'
[14.058s] Level 1:colcon.colcon_core.environment:checking '/home/lcy/ros2_ws/install/only_robot_arm/bin'
[14.058s] Level 1:colcon.colcon_core.environment:checking '/home/lcy/ros2_ws/install/only_robot_arm/lib/pkgconfig/only_robot_arm.pc'
[14.058s] Level 1:colcon.colcon_core.environment:checking '/home/lcy/ros2_ws/install/only_robot_arm/lib/python3.12/site-packages'
[14.058s] Level 1:colcon.colcon_core.environment:checking '/home/lcy/ros2_ws/install/only_robot_arm/bin'
[14.058s] INFO:colcon.colcon_core.shell:Creating package script '/home/lcy/ros2_ws/install/only_robot_arm/share/only_robot_arm/package.ps1'
[14.059s] INFO:colcon.colcon_core.shell:Creating package descriptor '/home/lcy/ros2_ws/install/only_robot_arm/share/only_robot_arm/package.dsv'
[14.059s] INFO:colcon.colcon_core.shell:Creating package script '/home/lcy/ros2_ws/install/only_robot_arm/share/only_robot_arm/package.sh'
[14.060s] INFO:colcon.colcon_core.shell:Creating package script '/home/lcy/ros2_ws/install/only_robot_arm/share/only_robot_arm/package.bash'
[14.060s] INFO:colcon.colcon_core.shell:Creating package script '/home/lcy/ros2_ws/install/only_robot_arm/share/only_robot_arm/package.zsh'
[14.060s] Level 1:colcon.colcon_core.environment:create_file_with_runtime_dependencies(/home/lcy/ros2_ws/install/only_robot_arm/share/colcon-core/packages/only_robot_arm)
[14.061s] Level 1:colcon.colcon_core.environment:create_environment_scripts_only(only_robot_arm)
[14.061s] Level 1:colcon.colcon_core.environment:checking '/home/lcy/ros2_ws/install/only_robot_arm' for CMake module files
[14.061s] Level 1:colcon.colcon_core.environment:checking '/home/lcy/ros2_ws/install/only_robot_arm' for CMake config files
[14.062s] Level 1:colcon.colcon_core.shell:create_environment_hook('only_robot_arm', 'cmake_prefix_path')
[14.062s] INFO:colcon.colcon_core.shell:Creating environment hook '/home/lcy/ros2_ws/install/only_robot_arm/share/only_robot_arm/hook/cmake_prefix_path.ps1'
[14.062s] INFO:colcon.colcon_core.shell:Creating environment descriptor '/home/lcy/ros2_ws/install/only_robot_arm/share/only_robot_arm/hook/cmake_prefix_path.dsv'
[14.062s] INFO:colcon.colcon_core.shell:Creating environment hook '/home/lcy/ros2_ws/install/only_robot_arm/share/only_robot_arm/hook/cmake_prefix_path.sh'
[14.062s] Level 1:colcon.colcon_core.environment:checking '/home/lcy/ros2_ws/install/only_robot_arm/lib'
[14.063s] Level 1:colcon.colcon_core.environment:checking '/home/lcy/ros2_ws/install/only_robot_arm/bin'
[14.063s] Level 1:colcon.colcon_core.environment:checking '/home/lcy/ros2_ws/install/only_robot_arm/lib/pkgconfig/only_robot_arm.pc'
[14.063s] Level 1:colcon.colcon_core.environment:checking '/home/lcy/ros2_ws/install/only_robot_arm/lib/python3.12/site-packages'
[14.063s] Level 1:colcon.colcon_core.environment:checking '/home/lcy/ros2_ws/install/only_robot_arm/bin'
[14.063s] INFO:colcon.colcon_core.shell:Creating package script '/home/lcy/ros2_ws/install/only_robot_arm/share/only_robot_arm/package.ps1'
[14.063s] INFO:colcon.colcon_core.shell:Creating package descriptor '/home/lcy/ros2_ws/install/only_robot_arm/share/only_robot_arm/package.dsv'
[14.064s] INFO:colcon.colcon_core.shell:Creating package script '/home/lcy/ros2_ws/install/only_robot_arm/share/only_robot_arm/package.sh'
[14.064s] INFO:colcon.colcon_core.shell:Creating package script '/home/lcy/ros2_ws/install/only_robot_arm/share/only_robot_arm/package.bash'
[14.064s] INFO:colcon.colcon_core.shell:Creating package script '/home/lcy/ros2_ws/install/only_robot_arm/share/only_robot_arm/package.zsh'
[14.064s] Level 1:colcon.colcon_core.environment:create_file_with_runtime_dependencies(/home/lcy/ros2_ws/install/only_robot_arm/share/colcon-core/packages/only_robot_arm)
[14.065s] DEBUG:colcon.colcon_parallel_executor.executor.parallel:closing loop
[14.065s] DEBUG:colcon.colcon_parallel_executor.executor.parallel:loop closed
[14.065s] DEBUG:colcon.colcon_parallel_executor.executor.parallel:run_until_complete finished with '0'
[14.065s] DEBUG:colcon.colcon_core.event_reactor:joining thread
[14.069s] INFO:colcon.colcon_core.plugin_system:Skipping extension 'colcon_notification.desktop_notification.terminal_notifier': Not used on non-Darwin systems
[14.069s] INFO:colcon.colcon_core.plugin_system:Skipping extension 'colcon_notification.desktop_notification.win32': Not used on non-Windows systems
[14.069s] INFO:colcon.colcon_notification.desktop_notification:Sending desktop notification using 'notify2'
[14.077s] DEBUG:colcon.colcon_core.event_reactor:joined thread
[14.077s] INFO:colcon.colcon_core.shell:Creating prefix script '/home/lcy/ros2_ws/install/local_setup.ps1'
[14.078s] INFO:colcon.colcon_core.shell:Creating prefix util module '/home/lcy/ros2_ws/install/_local_setup_util_ps1.py'
[14.079s] INFO:colcon.colcon_core.shell:Creating prefix chain script '/home/lcy/ros2_ws/install/setup.ps1'
[14.080s] INFO:colcon.colcon_core.shell:Creating prefix script '/home/lcy/ros2_ws/install/local_setup.sh'
[14.080s] INFO:colcon.colcon_core.shell:Creating prefix util module '/home/lcy/ros2_ws/install/_local_setup_util_sh.py'
[14.081s] INFO:colcon.colcon_core.shell:Creating prefix chain script '/home/lcy/ros2_ws/install/setup.sh'
[14.081s] INFO:colcon.colcon_core.shell:Creating prefix script '/home/lcy/ros2_ws/install/local_setup.bash'
[14.082s] INFO:colcon.colcon_core.shell:Creating prefix chain script '/home/lcy/ros2_ws/install/setup.bash'
[14.082s] INFO:colcon.colcon_core.shell:Creating prefix script '/home/lcy/ros2_ws/install/local_setup.zsh'
[14.082s] INFO:colcon.colcon_core.shell:Creating prefix chain script '/home/lcy/ros2_ws/install/setup.zsh'
