[0.010s] Invoking command in '/home/lcy/ros2_ws/build/only_robot_arm': CMAKE_PREFIX_PATH=${CMAKE_PREFIX_PATH}:/opt/ros/jazzy DEBUGINFOD_URLS=https://debuginfod.ubuntu.com /usr/bin/cmake --build /home/lcy/ros2_ws/build/only_robot_arm -- -j16 -l16
[0.052s] Invoked command in '/home/lcy/ros2_ws/build/only_robot_arm' returned '0': CMAKE_PREFIX_PATH=${CMAKE_PREFIX_PATH}:/opt/ros/jazzy DEBUGINFOD_URLS=https://debuginfod.ubuntu.com /usr/bin/cmake --build /home/lcy/ros2_ws/build/only_robot_arm -- -j16 -l16
[0.062s] Invoking command in '/home/lcy/ros2_ws/build/only_robot_arm': CMAKE_PREFIX_PATH=${CMAKE_PREFIX_PATH}:/opt/ros/jazzy DEBUGINFOD_URLS=https://debuginfod.ubuntu.com /usr/bin/cmake --install /home/lcy/ros2_ws/build/only_robot_arm
[0.069s] -- Install configuration: ""
[0.069s] -- Execute custom install script
[0.070s] -- Up-to-date symlink: /home/lcy/ros2_ws/install/only_robot_arm/share/only_robot_arm/launch/display.launch
[0.070s] -- Up-to-date symlink: /home/lcy/ros2_ws/install/only_robot_arm/share/only_robot_arm/launch/display_jazzy.launch.py
[0.070s] -- Up-to-date symlink: /home/lcy/ros2_ws/install/only_robot_arm/share/only_robot_arm/launch/gazebo.launch
[0.070s] -- Up-to-date symlink: /home/lcy/ros2_ws/install/only_robot_arm/share/only_robot_arm/urdf/only_robot_arm.csv
[0.071s] -- Up-to-date symlink: /home/lcy/ros2_ws/install/only_robot_arm/share/only_robot_arm/urdf/only_robot_arm.urdf
[0.071s] -- Up-to-date symlink: /home/lcy/ros2_ws/install/only_robot_arm/share/only_robot_arm/meshes/base_link.STL
[0.071s] -- Up-to-date symlink: /home/lcy/ros2_ws/install/only_robot_arm/share/only_robot_arm/meshes/camera_link.STL
[0.071s] -- Up-to-date symlink: /home/lcy/ros2_ws/install/only_robot_arm/share/only_robot_arm/meshes/link_1.STL
[0.071s] -- Up-to-date symlink: /home/lcy/ros2_ws/install/only_robot_arm/share/only_robot_arm/meshes/link_2.STL
[0.071s] -- Up-to-date symlink: /home/lcy/ros2_ws/install/only_robot_arm/share/only_robot_arm/meshes/link_3.STL
[0.071s] -- Up-to-date symlink: /home/lcy/ros2_ws/install/only_robot_arm/share/only_robot_arm/meshes/link_4.STL
[0.072s] -- Up-to-date symlink: /home/lcy/ros2_ws/install/only_robot_arm/share/only_robot_arm/meshes/link_5.STL
[0.072s] -- Up-to-date symlink: /home/lcy/ros2_ws/install/only_robot_arm/share/only_robot_arm/meshes/link_6.STL
[0.072s] -- Up-to-date symlink: /home/lcy/ros2_ws/install/only_robot_arm/share/only_robot_arm/meshes/pollination_tip_link.STL
[0.072s] -- Up-to-date symlink: /home/lcy/ros2_ws/install/only_robot_arm/share/only_robot_arm/config/joint_names_only_robot_arm.yaml
[0.072s] -- Up-to-date symlink: /home/lcy/ros2_ws/install/only_robot_arm/share/only_robot_arm/config/only_robot_arm.rviz
[0.072s] [31mCMake Error at ament_cmake_symlink_install/ament_cmake_symlink_install.cmake:105 (message):
[0.072s]   ament_cmake_symlink_install_directory() can't find
[0.073s]   '/home/lcy/ros2_ws/src/only_robot_arm/textures'
[0.073s] Call Stack (most recent call first):
[0.073s]   ament_cmake_symlink_install/ament_cmake_symlink_install.cmake:319 (ament_cmake_symlink_install_directory)
[0.073s]   cmake_install.cmake:46 (include)
[0.073s] 
[0.073s] [0m
[0.074s] Invoked command in '/home/lcy/ros2_ws/build/only_robot_arm' returned '1': CMAKE_PREFIX_PATH=${CMAKE_PREFIX_PATH}:/opt/ros/jazzy DEBUGINFOD_URLS=https://debuginfod.ubuntu.com /usr/bin/cmake --install /home/lcy/ros2_ws/build/only_robot_arm
