[0.009s] Invoking command in '/home/lcy/ros2_ws/build/only_robot_arm_pollination': CMAKE_PREFIX_PATH=${CMAKE_PREFIX_PATH}:/opt/ros/jazzy DEBUGINFOD_URLS=https://debuginfod.ubuntu.com /usr/bin/cmake --build /home/lcy/ros2_ws/build/only_robot_arm_pollination -- -j16 -l16
[0.037s] -- Found ament_cmake: 2.5.5 (/opt/ros/jazzy/share/ament_cmake/cmake)
[0.229s] -- Found geometry_msgs: 5.3.6 (/opt/ros/jazzy/share/geometry_msgs/cmake)
[0.251s] -- Found rosidl_generator_c: 4.6.7 (/opt/ros/jazzy/share/rosidl_generator_c/cmake)
[0.258s] -- Found rosidl_generator_cpp: 4.6.7 (/opt/ros/jazzy/share/rosidl_generator_cpp/cmake)
[0.267s] -- Using all available rosidl_typesupport_c: rosidl_typesupport_fastrtps_c;rosidl_typesupport_introspection_c
[0.277s] -- Using all available rosidl_typesupport_cpp: rosidl_typesupport_fastrtps_cpp;rosidl_typesupport_introspection_cpp
[0.311s] -- Found moveit_core: 2.12.4 (/opt/ros/jazzy/share/moveit_core/cmake)
[0.324s] -- Found Boost: /usr/lib/x86_64-linux-gnu/cmake/Boost-1.83.0/BoostConfig.cmake (found version "1.83.0") found components: chrono date_time filesystem iostreams program_options regex serialization system thread 
[0.352s] -- Found parameter_traits: 0.6.0 (/opt/ros/jazzy/share/parameter_traits/cmake)
[0.397s] -- Found rmw_implementation_cmake: 7.3.3 (/opt/ros/jazzy/share/rmw_implementation_cmake/cmake)
[0.398s] -- Found rmw_fastrtps_cpp: 8.4.3 (/opt/ros/jazzy/share/rmw_fastrtps_cpp/cmake)
[0.460s] -- Using RMW implementation 'rmw_fastrtps_cpp' as default
[0.520s] -- Found rclcpp_lifecycle: 28.1.16 (/opt/ros/jazzy/share/rclcpp_lifecycle/cmake)
[0.547s] -- Found Boost: /usr/lib/x86_64-linux-gnu/cmake/Boost-1.83.0/BoostConfig.cmake (found version "1.83.0") found components: filesystem 
[0.620s] -- Ensuring Eigen3 include directory is part of orocos-kdl CMake target
[0.877s] -- Found moveit_ros_planning_interface: 2.12.4 (/opt/ros/jazzy/share/moveit_ros_planning_interface/cmake)
[0.880s] -- Found Boost: /usr/lib/x86_64-linux-gnu/cmake/Boost-1.83.0/BoostConfig.cmake (found version "1.83.0") found components: date_time filesystem program_options system thread 
[0.891s] -- Found Boost: /usr/lib/x86_64-linux-gnu/cmake/Boost-1.83.0/BoostConfig.cmake (found version "1.83.0") found components: system filesystem date_time program_options thread chrono 
[0.937s] -- Found Boost: /usr/lib/x86_64-linux-gnu/cmake/Boost-1.83.0/BoostConfig.cmake (found version "1.83.0") found components: thread system filesystem regex date_time program_options 
[0.959s] -- Found Boost: /usr/lib/x86_64-linux-gnu/cmake/Boost-1.83.0/BoostConfig.cmake (found version "1.83.0") found components: system filesystem date_time program_options thread 
[1.074s] -- Configuring done (1.0s)
[1.099s] -- Generating done (0.0s)
[1.105s] -- Build files have been written to: /home/lcy/ros2_ws/build/only_robot_arm_pollination
[1.173s] [ 50%] Building CXX object CMakeFiles/pollination_cycle_node.dir/src/pollination_cycle_node.cpp.o
[5.190s] /home/lcy/ros2_ws/src/only_robot_arm_pollination/src/pollination_cycle_node.cpp: In member function ‘bool PollinationCycleNode::executeCartesianSegment(const std::vector<geometry_msgs::msg::Pose_<std::allocator<void> > >&, const std::string&)’:
[5.190s] /home/lcy/ros2_ws/src/only_robot_arm_pollination/src/pollination_cycle_node.cpp:347:62: warning: ‘double moveit::planning_interface::MoveGroupInterface::computeCartesianPath(const std::vector<geometry_msgs::msg::Pose_<std::allocator<void> > >&, double, double, moveit_msgs::msg::RobotTrajectory&, bool, moveit_msgs::msg::MoveItErrorCodes*)’ is deprecated: Drop jump_threshold [-Wdeprecated-declarations]
[5.190s]   347 |     const double fraction = move_group_->computeCartesianPath(
[5.190s]       |                             ~~~~~~~~~~~~~~~~~~~~~~~~~~~~~~~~~^
[5.191s]   348 |       waypoints,
[5.191s]       |       ~~~~~~~~~~                                              
[5.191s]   349 |       cartesian_step_m_,
[5.191s]       |       ~~~~~~~~~~~~~~~~~~                                      
[5.191s]   350 |       cartesian_jump_threshold_,
[5.191s]       |       ~~~~~~~~~~~~~~~~~~~~~~~~~~                              
[5.191s]   351 |       trajectory,
[5.191s]       |       ~~~~~~~~~~~                                             
[5.191s]   352 |       true);
[5.191s]       |       ~~~~~                                                   
[5.191s] In file included from /home/lcy/ros2_ws/src/only_robot_arm_pollination/src/pollination_cycle_node.cpp:15:
[5.191s] /opt/ros/jazzy/include/moveit_ros_planning_interface/moveit/move_group_interface/move_group_interface.hpp:765:3: note: declared here
[5.192s]   765 |   computeCartesianPath(const std::vector<geometry_msgs::msg::Pose>& waypoints, double eef_step,
[5.192s]       |   ^~~~~~~~~~~~~~~~~~~~
[12.250s] [100%] Linking CXX executable pollination_cycle_node
[12.851s] [100%] Built target pollination_cycle_node
[12.865s] Invoked command in '/home/lcy/ros2_ws/build/only_robot_arm_pollination' returned '0': CMAKE_PREFIX_PATH=${CMAKE_PREFIX_PATH}:/opt/ros/jazzy DEBUGINFOD_URLS=https://debuginfod.ubuntu.com /usr/bin/cmake --build /home/lcy/ros2_ws/build/only_robot_arm_pollination -- -j16 -l16
[12.875s] Invoking command in '/home/lcy/ros2_ws/build/only_robot_arm_pollination': CMAKE_PREFIX_PATH=${CMAKE_PREFIX_PATH}:/opt/ros/jazzy DEBUGINFOD_URLS=https://debuginfod.ubuntu.com /usr/bin/cmake --install /home/lcy/ros2_ws/build/only_robot_arm_pollination
[12.883s] -- Install configuration: ""
[12.883s] -- Installing: /home/lcy/ros2_ws/install/only_robot_arm_pollination/lib/only_robot_arm_pollination/pollination_cycle_node
[12.889s] -- Set non-toolchain portion of runtime path of "/home/lcy/ros2_ws/install/only_robot_arm_pollination/lib/only_robot_arm_pollination/pollination_cycle_node" to ""
[12.889s] -- Installing: /home/lcy/ros2_ws/install/only_robot_arm_pollination/share/only_robot_arm_pollination/config
[12.889s] -- Installing: /home/lcy/ros2_ws/install/only_robot_arm_pollination/share/only_robot_arm_pollination/config/pollination.yaml
[12.889s] -- Installing: /home/lcy/ros2_ws/install/only_robot_arm_pollination/share/ament_index/resource_index/package_run_dependencies/only_robot_arm_pollination
[12.889s] -- Installing: /home/lcy/ros2_ws/install/only_robot_arm_pollination/share/ament_index/resource_index/parent_prefix_path/only_robot_arm_pollination
[12.889s] -- Installing: /home/lcy/ros2_ws/install/only_robot_arm_pollination/share/only_robot_arm_pollination/environment/ament_prefix_path.sh
[12.890s] -- Installing: /home/lcy/ros2_ws/install/only_robot_arm_pollination/share/only_robot_arm_pollination/environment/ament_prefix_path.dsv
[12.890s] -- Installing: /home/lcy/ros2_ws/install/only_robot_arm_pollination/share/only_robot_arm_pollination/environment/path.sh
[12.890s] -- Installing: /home/lcy/ros2_ws/install/only_robot_arm_pollination/share/only_robot_arm_pollination/environment/path.dsv
[12.890s] -- Installing: /home/lcy/ros2_ws/install/only_robot_arm_pollination/share/only_robot_arm_pollination/local_setup.bash
[12.890s] -- Installing: /home/lcy/ros2_ws/install/only_robot_arm_pollination/share/only_robot_arm_pollination/local_setup.sh
[12.891s] -- Installing: /home/lcy/ros2_ws/install/only_robot_arm_pollination/share/only_robot_arm_pollination/local_setup.zsh
[12.891s] -- Installing: /home/lcy/ros2_ws/install/only_robot_arm_pollination/share/only_robot_arm_pollination/local_setup.dsv
[12.891s] -- Installing: /home/lcy/ros2_ws/install/only_robot_arm_pollination/share/only_robot_arm_pollination/package.dsv
[12.891s] -- Installing: /home/lcy/ros2_ws/install/only_robot_arm_pollination/share/ament_index/resource_index/packages/only_robot_arm_pollination
[12.891s] -- Installing: /home/lcy/ros2_ws/install/only_robot_arm_pollination/share/only_robot_arm_pollination/cmake/only_robot_arm_pollinationConfig.cmake
[12.891s] -- Installing: /home/lcy/ros2_ws/install/only_robot_arm_pollination/share/only_robot_arm_pollination/cmake/only_robot_arm_pollinationConfig-version.cmake
[12.891s] -- Installing: /home/lcy/ros2_ws/install/only_robot_arm_pollination/share/only_robot_arm_pollination/package.xml
[12.894s] Invoked command in '/home/lcy/ros2_ws/build/only_robot_arm_pollination' returned '0': CMAKE_PREFIX_PATH=${CMAKE_PREFIX_PATH}:/opt/ros/jazzy DEBUGINFOD_URLS=https://debuginfod.ubuntu.com /usr/bin/cmake --install /home/lcy/ros2_ws/build/only_robot_arm_pollination
