/home/lcy/ros2_ws/src/only_robot_arm_pollination/src/pollination_cycle_node.cpp: In member function ‘bool PollinationCycleNode::executeCartesianSegment(const std::vector<geometry_msgs::msg::Pose_<std::allocator<void> > >&, const std::string&)’:
/home/lcy/ros2_ws/src/only_robot_arm_pollination/src/pollination_cycle_node.cpp:972:62: warning: ‘double moveit::planning_interface::MoveGroupInterface::computeCartesianPath(const std::vector<geometry_msgs::msg::Pose_<std::allocator<void> > >&, double, double, moveit_msgs::msg::RobotTrajectory&, bool, moveit_msgs::msg::MoveItErrorCodes*)’ is deprecated: Drop jump_threshold [-Wdeprecated-declarations]
  972 |     const double fraction = move_group_->computeCartesianPath(
      |                             ~~~~~~~~~~~~~~~~~~~~~~~~~~~~~~~~~^
  973 |       waypoints,
      |       ~~~~~~~~~~                                              
  974 |       cartesian_step_m_,
      |       ~~~~~~~~~~~~~~~~~~                                      
  975 |       cartesian_jump_threshold_,
      |       ~~~~~~~~~~~~~~~~~~~~~~~~~~                              
  976 |       trajectory,
      |       ~~~~~~~~~~~                                             
  977 |       true);
      |       ~~~~~                                                   
In file included from /home/lcy/ros2_ws/src/only_robot_arm_pollination/src/pollination_cycle_node.cpp:18:
/opt/ros/jazzy/include/moveit_ros_planning_interface/moveit/move_group_interface/move_group_interface.hpp:765:3: note: declared here
  765 |   computeCartesianPath(const std::vector<geometry_msgs::msg::Pose>& waypoints, double eef_step,
      |   ^~~~~~~~~~~~~~~~~~~~
In file included from /home/lcy/ros2_ws/src/only_robot_arm_pollination/src/pollination_cycle_node.cpp:7:
/usr/include/c++/13/mutex: In instantiation of ‘std::scoped_lock<_Mutex>::scoped_lock(mutex_type&) [with _Mutex = const std::mutex; mutex_type = const std::mutex]’:
/home/lcy/ros2_ws/src/only_robot_arm_pollination/src/pollination_cycle_node.cpp:386:47:   required from here
/usr/include/c++/13/mutex:779:23: error: passing ‘std::scoped_lock<const std::mutex>::mutex_type’ {aka ‘const std::mutex’} as ‘this’ argument discards qualifiers [-fpermissive]
  779 |       { _M_device.lock(); }
      |         ~~~~~~~~~~~~~~^~
In file included from /usr/include/c++/13/mutex:45:
/usr/include/c++/13/bits/std_mutex.h:111:5: note:   in call to ‘void std::mutex::lock()’
  111 |     lock()
      |     ^~~~
/usr/include/c++/13/mutex: In instantiation of ‘std::scoped_lock<_Mutex>::~scoped_lock() [with _Mutex = const std::mutex]’:
/home/lcy/ros2_ws/src/only_robot_arm_pollination/src/pollination_cycle_node.cpp:386:47:   required from here
/usr/include/c++/13/mutex:786:25: error: passing ‘std::scoped_lock<const std::mutex>::mutex_type’ {aka ‘const std::mutex’} as ‘this’ argument discards qualifiers [-fpermissive]
  786 |       { _M_device.unlock(); }
      |         ~~~~~~~~~~~~~~~~^~
/usr/include/c++/13/bits/std_mutex.h:129:5: note:   in call to ‘void std::mutex::unlock()’
  129 |     unlock()
      |     ^~~~~~
gmake[2]: *** [CMakeFiles/pollination_cycle_node.dir/build.make:76: CMakeFiles/pollination_cycle_node.dir/src/pollination_cycle_node.cpp.o] Error 1
gmake[1]: *** [CMakeFiles/Makefile2:137: CMakeFiles/pollination_cycle_node.dir/all] Error 2
gmake: *** [Makefile:146: all] Error 2
