[0.010s] Invoking command in '/home/lcy/ros2_ws/build/only_robot_arm_pollination': CMAKE_PREFIX_PATH=${CMAKE_PREFIX_PATH}:/opt/ros/jazzy DEBUGINFOD_URLS=https://debuginfod.ubuntu.com /usr/bin/cmake --build /home/lcy/ros2_ws/build/only_robot_arm_pollination -- -j16 -l16
[0.094s] [ 50%] Building CXX object CMakeFiles/pollination_cycle_node.dir/src/pollination_cycle_node.cpp.o
[4.814s] /home/lcy/ros2_ws/src/only_robot_arm_pollination/src/pollination_cycle_node.cpp: In member function ‘PollinationCycleNode::ApproachTargets PollinationCycleNode::selectApproachTargets(const geometry_msgs::msg::Point&, const geometry_msgs::msg::Point&)’:
[4.814s] /home/lcy/ros2_ws/src/only_robot_arm_pollination/src/pollination_cycle_node.cpp:505:30: warning: converting to ‘geometry_msgs::msg::Pose’ {aka ‘geometry_msgs::msg::Pose_<std::allocator<void> >’} from initializer list would use explicit constructor ‘geometry_msgs::msg::Pose_<ContainerAllocator>::Pose_(rosidl_runtime_cpp::MessageInitialization) [with ContainerAllocator = std::allocator<void>]’
[4.814s]   505 |       return ApproachTargets{};
[4.814s]       |                              ^
[4.814s] /home/lcy/ros2_ws/src/only_robot_arm_pollination/src/pollination_cycle_node.cpp:505:30: note: in C++11 and above a default constructor can be explicit
[4.814s] /home/lcy/ros2_ws/src/only_robot_arm_pollination/src/pollination_cycle_node.cpp:505:30: warning: converting to ‘geometry_msgs::msg::Pose’ {aka ‘geometry_msgs::msg::Pose_<std::allocator<void> >’} from initializer list would use explicit constructor ‘geometry_msgs::msg::Pose_<ContainerAllocator>::Pose_(rosidl_runtime_cpp::MessageInitialization) [with ContainerAllocator = std::allocator<void>]’
[4.814s] /home/lcy/ros2_ws/src/only_robot_arm_pollination/src/pollination_cycle_node.cpp:505:30: note: in C++11 and above a default constructor can be explicit
[4.815s] /home/lcy/ros2_ws/src/only_robot_arm_pollination/src/pollination_cycle_node.cpp:513:30: warning: converting to ‘geometry_msgs::msg::Pose’ {aka ‘geometry_msgs::msg::Pose_<std::allocator<void> >’} from initializer list would use explicit constructor ‘geometry_msgs::msg::Pose_<ContainerAllocator>::Pose_(rosidl_runtime_cpp::MessageInitialization) [with ContainerAllocator = std::allocator<void>]’
[4.815s]   513 |       return ApproachTargets{};
[4.815s]       |                              ^
[4.815s] /home/lcy/ros2_ws/src/only_robot_arm_pollination/src/pollination_cycle_node.cpp:513:30: note: in C++11 and above a default constructor can be explicit
[4.815s] /home/lcy/ros2_ws/src/only_robot_arm_pollination/src/pollination_cycle_node.cpp:513:30: warning: converting to ‘geometry_msgs::msg::Pose’ {aka ‘geometry_msgs::msg::Pose_<std::allocator<void> >’} from initializer list would use explicit constructor ‘geometry_msgs::msg::Pose_<ContainerAllocator>::Pose_(rosidl_runtime_cpp::MessageInitialization) [with ContainerAllocator = std::allocator<void>]’
[4.815s] /home/lcy/ros2_ws/src/only_robot_arm_pollination/src/pollination_cycle_node.cpp:513:30: note: in C++11 and above a default constructor can be explicit
[4.845s] /home/lcy/ros2_ws/src/only_robot_arm_pollination/src/pollination_cycle_node.cpp: In member function ‘bool PollinationCycleNode::executeCartesianSegment(const std::vector<geometry_msgs::msg::Pose_<std::allocator<void> > >&, const std::string&)’:
[4.845s] /home/lcy/ros2_ws/src/only_robot_arm_pollination/src/pollination_cycle_node.cpp:889:62: warning: ‘double moveit::planning_interface::MoveGroupInterface::computeCartesianPath(const std::vector<geometry_msgs::msg::Pose_<std::allocator<void> > >&, double, double, moveit_msgs::msg::RobotTrajectory&, bool, moveit_msgs::msg::MoveItErrorCodes*)’ is deprecated: Drop jump_threshold [-Wdeprecated-declarations]
[4.845s]   889 |     const double fraction = move_group_->computeCartesianPath(
[4.845s]       |                             ~~~~~~~~~~~~~~~~~~~~~~~~~~~~~~~~~^
[4.845s]   890 |       waypoints,
[4.845s]       |       ~~~~~~~~~~                                              
[4.845s]   891 |       cartesian_step_m_,
[4.845s]       |       ~~~~~~~~~~~~~~~~~~                                      
[4.845s]   892 |       cartesian_jump_threshold_,
[4.845s]       |       ~~~~~~~~~~~~~~~~~~~~~~~~~~                              
[4.845s]   893 |       trajectory,
[4.845s]       |       ~~~~~~~~~~~                                             
[4.845s]   894 |       true);
[4.845s]       |       ~~~~~                                                   
[4.845s] In file included from /home/lcy/ros2_ws/src/only_robot_arm_pollination/src/pollination_cycle_node.cpp:18:
[4.845s] /opt/ros/jazzy/include/moveit_ros_planning_interface/moveit/move_group_interface/move_group_interface.hpp:765:3: note: declared here
[4.846s]   765 |   computeCartesianPath(const std::vector<geometry_msgs::msg::Pose>& waypoints, double eef_step,
[4.846s]       |   ^~~~~~~~~~~~~~~~~~~~
[15.240s] [100%] Linking CXX executable pollination_cycle_node
[16.098s] [100%] Built target pollination_cycle_node
[16.110s] Invoked command in '/home/lcy/ros2_ws/build/only_robot_arm_pollination' returned '0': CMAKE_PREFIX_PATH=${CMAKE_PREFIX_PATH}:/opt/ros/jazzy DEBUGINFOD_URLS=https://debuginfod.ubuntu.com /usr/bin/cmake --build /home/lcy/ros2_ws/build/only_robot_arm_pollination -- -j16 -l16
[16.121s] Invoking command in '/home/lcy/ros2_ws/build/only_robot_arm_pollination': CMAKE_PREFIX_PATH=${CMAKE_PREFIX_PATH}:/opt/ros/jazzy DEBUGINFOD_URLS=https://debuginfod.ubuntu.com /usr/bin/cmake --install /home/lcy/ros2_ws/build/only_robot_arm_pollination
[16.128s] -- Install configuration: ""
[16.129s] -- Execute custom install script
[16.129s] -- Up-to-date symlink: /home/lcy/ros2_ws/install/only_robot_arm_pollination/lib/only_robot_arm_pollination/pollination_cycle_node
[16.129s] -- Up-to-date symlink: /home/lcy/ros2_ws/install/only_robot_arm_pollination/share/only_robot_arm_pollination/config/pollination.yaml
[16.129s] -- Up-to-date symlink: /home/lcy/ros2_ws/install/only_robot_arm_pollination/share/ament_index/resource_index/package_run_dependencies/only_robot_arm_pollination
[16.129s] -- Up-to-date symlink: /home/lcy/ros2_ws/install/only_robot_arm_pollination/share/ament_index/resource_index/parent_prefix_path/only_robot_arm_pollination
[16.130s] -- Up-to-date symlink: /home/lcy/ros2_ws/install/only_robot_arm_pollination/share/only_robot_arm_pollination/environment/ament_prefix_path.sh
[16.130s] -- Up-to-date symlink: /home/lcy/ros2_ws/install/only_robot_arm_pollination/share/only_robot_arm_pollination/environment/ament_prefix_path.dsv
[16.130s] -- Up-to-date symlink: /home/lcy/ros2_ws/install/only_robot_arm_pollination/share/only_robot_arm_pollination/environment/path.sh
[16.130s] -- Up-to-date symlink: /home/lcy/ros2_ws/install/only_robot_arm_pollination/share/only_robot_arm_pollination/environment/path.dsv
[16.130s] -- Up-to-date symlink: /home/lcy/ros2_ws/install/only_robot_arm_pollination/share/only_robot_arm_pollination/local_setup.bash
[16.130s] -- Up-to-date symlink: /home/lcy/ros2_ws/install/only_robot_arm_pollination/share/only_robot_arm_pollination/local_setup.sh
[16.130s] -- Up-to-date symlink: /home/lcy/ros2_ws/install/only_robot_arm_pollination/share/only_robot_arm_pollination/local_setup.zsh
[16.130s] -- Up-to-date symlink: /home/lcy/ros2_ws/install/only_robot_arm_pollination/share/only_robot_arm_pollination/local_setup.dsv
[16.131s] -- Symlinking: /home/lcy/ros2_ws/install/only_robot_arm_pollination/share/only_robot_arm_pollination/package.dsv
[16.141s] -- Up-to-date symlink: /home/lcy/ros2_ws/install/only_robot_arm_pollination/share/ament_index/resource_index/packages/only_robot_arm_pollination
[16.141s] -- Up-to-date symlink: /home/lcy/ros2_ws/install/only_robot_arm_pollination/share/only_robot_arm_pollination/cmake/only_robot_arm_pollinationConfig.cmake
[16.142s] -- Up-to-date symlink: /home/lcy/ros2_ws/install/only_robot_arm_pollination/share/only_robot_arm_pollination/cmake/only_robot_arm_pollinationConfig-version.cmake
[16.142s] -- Up-to-date symlink: /home/lcy/ros2_ws/install/only_robot_arm_pollination/share/only_robot_arm_pollination/package.xml
[16.144s] Invoked command in '/home/lcy/ros2_ws/build/only_robot_arm_pollination' returned '0': CMAKE_PREFIX_PATH=${CMAKE_PREFIX_PATH}:/opt/ros/jazzy DEBUGINFOD_URLS=https://debuginfod.ubuntu.com /usr/bin/cmake --install /home/lcy/ros2_ws/build/only_robot_arm_pollination
