In file included from /home/lcy/ros2_ws/src/only_robot_arm_pollination/src/pollination_cycle_node.cpp:16:
/opt/ros/jazzy/include/moveit_core/moveit/robot_state/conversions.h:50:77: note: ‘#pragma message: .h header is obsolete. Please use the .hpp header instead.’
   50 | a message(".h header is obsolete. Please use the .hpp header instead.")
      |                                                                       ^

/home/lcy/ros2_ws/src/only_robot_arm_pollination/src/pollination_cycle_node.cpp: In member function ‘bool PollinationCycleNode::executeCartesianSegment(const std::vector<geometry_msgs::msg::Pose_<std::allocator<void> > >&, const std::string&)’:
/home/lcy/ros2_ws/src/only_robot_arm_pollination/src/pollination_cycle_node.cpp:367:62: warning: ‘double moveit::planning_interface::MoveGroupInterface::computeCartesianPath(const std::vector<geometry_msgs::msg::Pose_<std::allocator<void> > >&, double, double, moveit_msgs::msg::RobotTrajectory&, bool, moveit_msgs::msg::MoveItErrorCodes*)’ is deprecated: Drop jump_threshold [-Wdeprecated-declarations]
  367 |     const double fraction = move_group_->computeCartesianPath(
      |                             ~~~~~~~~~~~~~~~~~~~~~~~~~~~~~~~~~^
  368 |       waypoints,
      |       ~~~~~~~~~~                                              
  369 |       cartesian_step_m_,
      |       ~~~~~~~~~~~~~~~~~~                                      
  370 |       cartesian_jump_threshold_,
      |       ~~~~~~~~~~~~~~~~~~~~~~~~~~                              
  371 |       trajectory,
      |       ~~~~~~~~~~~                                             
  372 |       true);
      |       ~~~~~                                                   
In file included from /home/lcy/ros2_ws/src/only_robot_arm_pollination/src/pollination_cycle_node.cpp:17:
/opt/ros/jazzy/include/moveit_ros_planning_interface/moveit/move_group_interface/move_group_interface.hpp:765:3: note: declared here
  765 |   computeCartesianPath(const std::vector<geometry_msgs::msg::Pose>& waypoints, double eef_step,
      |   ^~~~~~~~~~~~~~~~~~~~
