[0.113s] DEBUG:colcon:Command line arguments: ['/usr/bin/colcon', 'build', '--packages-select', 'only_robot_arm_pollination', '--symlink-install']
[0.114s] DEBUG:colcon:Parsed command line arguments: Namespace(log_base=None, log_level=None, verb_name='build', build_base='build', install_base='install', merge_install=False, symlink_install=True, test_result_base=None, continue_on_error=False, executor='parallel', parallel_workers=16, event_handlers=None, ignore_user_meta=False, metas=['./colcon.meta'], base_paths=['.'], packages_ignore=None, packages_ignore_regex=None, paths=None, packages_up_to=None, packages_up_to_regex=None, packages_above=None, packages_above_and_dependencies=None, packages_above_depth=None, packages_select_by_dep=None, packages_skip_by_dep=None, packages_skip_up_to=None, packages_select_build_failed=False, packages_skip_build_finished=False, packages_select_test_failures=False, packages_skip_test_passed=False, packages_select=['only_robot_arm_pollination'], packages_skip=None, packages_select_regex=None, packages_skip_regex=None, packages_start=None, packages_end=None, allow_overriding=[], cmake_args=None, cmake_target=None, cmake_target_skip_unavailable=False, cmake_clean_cache=False, cmake_clean_first=False, cmake_force_configure=False, ament_cmake_args=None, catkin_cmake_args=None, catkin_skip_building_tests=False, mixin_files=None, mixin=None, verb_parser=<colcon_mixin.mixin.mixin_argument.MixinArgumentDecorator object at 0x7be5ccecb860>, verb_extension=<colcon_core.verb.build.BuildVerb object at 0x7be5cd8be570>, main=<bound method BuildVerb.main of <colcon_core.verb.build.BuildVerb object at 0x7be5cd8be570>>, mixin_verb=('build',))
[0.150s] Level 1:colcon.colcon_core.package_discovery:discover_packages(colcon_meta) check parameters
[0.150s] Level 1:colcon.colcon_core.package_discovery:discover_packages(recursive) check parameters
[0.150s] Level 1:colcon.colcon_core.package_discovery:discover_packages(ignore) check parameters
[0.150s] Level 1:colcon.colcon_core.package_discovery:discover_packages(path) check parameters
[0.150s] Level 1:colcon.colcon_core.package_discovery:discover_packages(colcon_meta) discover
[0.150s] Level 1:colcon.colcon_core.package_discovery:discover_packages(recursive) discover
[0.150s] INFO:colcon.colcon_core.package_discovery:Crawling recursively for packages in '/home/lcy/ros2_ws'
[0.150s] Level 1:colcon.colcon_core.package_identification:_identify(.) by extensions ['ignore', 'ignore_ament_install']
[0.150s] Level 1:colcon.colcon_core.package_identification:_identify(.) by extension 'ignore'
[0.151s] Level 1:colcon.colcon_core.package_identification:_identify(.) by extension 'ignore_ament_install'
[0.151s] Level 1:colcon.colcon_core.package_identification:_identify(.) by extensions ['colcon_pkg']
[0.151s] Level 1:colcon.colcon_core.package_identification:_identify(.) by extension 'colcon_pkg'
[0.151s] Level 1:colcon.colcon_core.package_identification:_identify(.) by extensions ['colcon_meta']
[0.151s] Level 1:colcon.colcon_core.package_identification:_identify(.) by extension 'colcon_meta'
[0.151s] Level 1:colcon.colcon_core.package_identification:_identify(.) by extensions ['ros']
[0.151s] Level 1:colcon.colcon_core.package_identification:_identify(.) by extension 'ros'
[0.175s] Level 1:colcon.colcon_core.package_identification:_identify(.) by extensions ['cmake', 'python']
[0.175s] Level 1:colcon.colcon_core.package_identification:_identify(.) by extension 'cmake'
[0.175s] Level 1:colcon.colcon_core.package_identification:_identify(.) by extension 'python'
[0.175s] Level 1:colcon.colcon_core.package_identification:_identify(.) by extensions ['python_setup_py']
[0.175s] Level 1:colcon.colcon_core.package_identification:_identify(.) by extension 'python_setup_py'
[0.176s] Level 1:colcon.colcon_core.package_identification:_identify(build) by extensions ['ignore', 'ignore_ament_install']
[0.176s] Level 1:colcon.colcon_core.package_identification:_identify(build) by extension 'ignore'
[0.176s] Level 1:colcon.colcon_core.package_identification:_identify(build) ignored
[0.176s] Level 1:colcon.colcon_core.package_identification:_identify(install) by extensions ['ignore', 'ignore_ament_install']
[0.176s] Level 1:colcon.colcon_core.package_identification:_identify(install) by extension 'ignore'
[0.176s] Level 1:colcon.colcon_core.package_identification:_identify(install) ignored
[0.176s] Level 1:colcon.colcon_core.package_identification:_identify(log) by extensions ['ignore', 'ignore_ament_install']
[0.176s] Level 1:colcon.colcon_core.package_identification:_identify(log) by extension 'ignore'
[0.176s] Level 1:colcon.colcon_core.package_identification:_identify(log) ignored
[0.176s] Level 1:colcon.colcon_core.package_identification:_identify(src) by extensions ['ignore', 'ignore_ament_install']
[0.176s] Level 1:colcon.colcon_core.package_identification:_identify(src) by extension 'ignore'
[0.176s] Level 1:colcon.colcon_core.package_identification:_identify(src) by extension 'ignore_ament_install'
[0.176s] Level 1:colcon.colcon_core.package_identification:_identify(src) by extensions ['colcon_pkg']
[0.176s] Level 1:colcon.colcon_core.package_identification:_identify(src) by extension 'colcon_pkg'
[0.176s] Level 1:colcon.colcon_core.package_identification:_identify(src) by extensions ['colcon_meta']
[0.176s] Level 1:colcon.colcon_core.package_identification:_identify(src) by extension 'colcon_meta'
[0.176s] Level 1:colcon.colcon_core.package_identification:_identify(src) by extensions ['ros']
[0.176s] Level 1:colcon.colcon_core.package_identification:_identify(src) by extension 'ros'
[0.176s] Level 1:colcon.colcon_core.package_identification:_identify(src) by extensions ['cmake', 'python']
[0.177s] Level 1:colcon.colcon_core.package_identification:_identify(src) by extension 'cmake'
[0.177s] Level 1:colcon.colcon_core.package_identification:_identify(src) by extension 'python'
[0.177s] Level 1:colcon.colcon_core.package_identification:_identify(src) by extensions ['python_setup_py']
[0.177s] Level 1:colcon.colcon_core.package_identification:_identify(src) by extension 'python_setup_py'
[0.177s] Level 1:colcon.colcon_core.package_identification:_identify(src/only_robot_arm) by extensions ['ignore', 'ignore_ament_install']
[0.177s] Level 1:colcon.colcon_core.package_identification:_identify(src/only_robot_arm) by extension 'ignore'
[0.177s] Level 1:colcon.colcon_core.package_identification:_identify(src/only_robot_arm) by extension 'ignore_ament_install'
[0.177s] Level 1:colcon.colcon_core.package_identification:_identify(src/only_robot_arm) by extensions ['colcon_pkg']
[0.177s] Level 1:colcon.colcon_core.package_identification:_identify(src/only_robot_arm) by extension 'colcon_pkg'
[0.177s] Level 1:colcon.colcon_core.package_identification:_identify(src/only_robot_arm) by extensions ['colcon_meta']
[0.177s] Level 1:colcon.colcon_core.package_identification:_identify(src/only_robot_arm) by extension 'colcon_meta'
[0.177s] Level 1:colcon.colcon_core.package_identification:_identify(src/only_robot_arm) by extensions ['ros']
[0.177s] Level 1:colcon.colcon_core.package_identification:_identify(src/only_robot_arm) by extension 'ros'
[0.179s] DEBUG:colcon.colcon_core.package_identification:Package 'src/only_robot_arm' with type 'ros.ament_cmake' and name 'only_robot_arm'
[0.179s] Level 1:colcon.colcon_core.package_identification:_identify(src/only_robot_arm_moveit_config) by extensions ['ignore', 'ignore_ament_install']
[0.179s] Level 1:colcon.colcon_core.package_identification:_identify(src/only_robot_arm_moveit_config) by extension 'ignore'
[0.179s] Level 1:colcon.colcon_core.package_identification:_identify(src/only_robot_arm_moveit_config) by extension 'ignore_ament_install'
[0.179s] Level 1:colcon.colcon_core.package_identification:_identify(src/only_robot_arm_moveit_config) by extensions ['colcon_pkg']
[0.179s] Level 1:colcon.colcon_core.package_identification:_identify(src/only_robot_arm_moveit_config) by extension 'colcon_pkg'
[0.179s] Level 1:colcon.colcon_core.package_identification:_identify(src/only_robot_arm_moveit_config) by extensions ['colcon_meta']
[0.179s] Level 1:colcon.colcon_core.package_identification:_identify(src/only_robot_arm_moveit_config) by extension 'colcon_meta'
[0.179s] Level 1:colcon.colcon_core.package_identification:_identify(src/only_robot_arm_moveit_config) by extensions ['ros']
[0.179s] Level 1:colcon.colcon_core.package_identification:_identify(src/only_robot_arm_moveit_config) by extension 'ros'
[0.180s] DEBUG:colcon.colcon_core.package_identification:Package 'src/only_robot_arm_moveit_config' with type 'ros.ament_cmake' and name 'only_robot_arm_moveit_config'
[0.180s] Level 1:colcon.colcon_core.package_identification:_identify(src/only_robot_arm_pollination) by extensions ['ignore', 'ignore_ament_install']
[0.180s] Level 1:colcon.colcon_core.package_identification:_identify(src/only_robot_arm_pollination) by extension 'ignore'
[0.180s] Level 1:colcon.colcon_core.package_identification:_identify(src/only_robot_arm_pollination) by extension 'ignore_ament_install'
[0.180s] Level 1:colcon.colcon_core.package_identification:_identify(src/only_robot_arm_pollination) by extensions ['colcon_pkg']
[0.180s] Level 1:colcon.colcon_core.package_identification:_identify(src/only_robot_arm_pollination) by extension 'colcon_pkg'
[0.180s] Level 1:colcon.colcon_core.package_identification:_identify(src/only_robot_arm_pollination) by extensions ['colcon_meta']
[0.180s] Level 1:colcon.colcon_core.package_identification:_identify(src/only_robot_arm_pollination) by extension 'colcon_meta'
[0.180s] Level 1:colcon.colcon_core.package_identification:_identify(src/only_robot_arm_pollination) by extensions ['ros']
[0.180s] Level 1:colcon.colcon_core.package_identification:_identify(src/only_robot_arm_pollination) by extension 'ros'
[0.181s] DEBUG:colcon.colcon_core.package_identification:Package 'src/only_robot_arm_pollination' with type 'ros.ament_cmake' and name 'only_robot_arm_pollination'
[0.181s] Level 1:colcon.colcon_core.package_discovery:discover_packages(recursive) using defaults
[0.181s] Level 1:colcon.colcon_core.package_discovery:discover_packages(ignore) discover
[0.181s] Level 1:colcon.colcon_core.package_discovery:discover_packages(ignore) using defaults
[0.181s] Level 1:colcon.colcon_core.package_discovery:discover_packages(path) discover
[0.181s] Level 1:colcon.colcon_core.package_discovery:discover_packages(path) using defaults
[0.198s] INFO:colcon.colcon_core.package_selection:Skipping not selected package 'only_robot_arm' in 'src/only_robot_arm'
[0.198s] INFO:colcon.colcon_core.package_selection:Skipping not selected package 'only_robot_arm_moveit_config' in 'src/only_robot_arm_moveit_config'
[0.198s] Level 1:colcon.colcon_core.package_discovery:discover_packages(prefix_path) check parameters
[0.199s] Level 1:colcon.colcon_core.package_discovery:discover_packages(prefix_path) discover
[0.201s] DEBUG:colcon.colcon_installed_package_information.package_discovery:Found 357 installed packages in /opt/ros/jazzy
[0.203s] Level 1:colcon.colcon_core.package_discovery:discover_packages(prefix_path) using defaults
[0.247s] Level 5:colcon.colcon_core.verb:set package 'only_robot_arm_pollination' build argument 'cmake_args' from command line to 'None'
[0.247s] Level 5:colcon.colcon_core.verb:set package 'only_robot_arm_pollination' build argument 'cmake_target' from command line to 'None'
[0.247s] Level 5:colcon.colcon_core.verb:set package 'only_robot_arm_pollination' build argument 'cmake_target_skip_unavailable' from command line to 'False'
[0.247s] Level 5:colcon.colcon_core.verb:set package 'only_robot_arm_pollination' build argument 'cmake_clean_cache' from command line to 'False'
[0.247s] Level 5:colcon.colcon_core.verb:set package 'only_robot_arm_pollination' build argument 'cmake_clean_first' from command line to 'False'
[0.247s] Level 5:colcon.colcon_core.verb:set package 'only_robot_arm_pollination' build argument 'cmake_force_configure' from command line to 'False'
[0.247s] Level 5:colcon.colcon_core.verb:set package 'only_robot_arm_pollination' build argument 'ament_cmake_args' from command line to 'None'
[0.247s] Level 5:colcon.colcon_core.verb:set package 'only_robot_arm_pollination' build argument 'catkin_cmake_args' from command line to 'None'
[0.247s] Level 5:colcon.colcon_core.verb:set package 'only_robot_arm_pollination' build argument 'catkin_skip_building_tests' from command line to 'False'
[0.247s] DEBUG:colcon.colcon_core.verb:Building package 'only_robot_arm_pollination' with the following arguments: {'ament_cmake_args': None, 'build_base': '/home/lcy/ros2_ws/build/only_robot_arm_pollination', 'catkin_cmake_args': None, 'catkin_skip_building_tests': False, 'cmake_args': None, 'cmake_clean_cache': False, 'cmake_clean_first': False, 'cmake_force_configure': False, 'cmake_target': None, 'cmake_target_skip_unavailable': False, 'install_base': '/home/lcy/ros2_ws/install/only_robot_arm_pollination', 'merge_install': False, 'path': '/home/lcy/ros2_ws/src/only_robot_arm_pollination', 'symlink_install': True, 'test_result_base': None}
[0.247s] INFO:colcon.colcon_core.executor:Executing jobs using 'parallel' executor
[0.248s] DEBUG:colcon.colcon_parallel_executor.executor.parallel:run_until_complete
[0.248s] INFO:colcon.colcon_ros.task.ament_cmake.build:Building ROS package in '/home/lcy/ros2_ws/src/only_robot_arm_pollination' with build type 'ament_cmake'
[0.248s] INFO:colcon.colcon_cmake.task.cmake.build:Building CMake package in '/home/lcy/ros2_ws/src/only_robot_arm_pollination'
[0.250s] INFO:colcon.colcon_core.plugin_system:Skipping extension 'colcon_core.shell.bat': Not used on non-Windows systems
[0.250s] INFO:colcon.colcon_core.shell:Skip shell extension 'powershell' for command environment: Not usable outside of PowerShell
[0.250s] DEBUG:colcon.colcon_core.shell:Skip shell extension 'dsv' for command environment
[0.258s] DEBUG:colcon.colcon_core.event_handler.log_command:Invoking command in '/home/lcy/ros2_ws/build/only_robot_arm_pollination': CMAKE_PREFIX_PATH=${CMAKE_PREFIX_PATH}:/opt/ros/jazzy DEBUGINFOD_URLS=https://debuginfod.ubuntu.com /usr/bin/cmake --build /home/lcy/ros2_ws/build/only_robot_arm_pollination -- -j16 -l16
[16.038s] DEBUG:colcon.colcon_core.event_handler.log_command:Invoked command in '/home/lcy/ros2_ws/build/only_robot_arm_pollination' returned '0': CMAKE_PREFIX_PATH=${CMAKE_PREFIX_PATH}:/opt/ros/jazzy DEBUGINFOD_URLS=https://debuginfod.ubuntu.com /usr/bin/cmake --build /home/lcy/ros2_ws/build/only_robot_arm_pollination -- -j16 -l16
[16.049s] DEBUG:colcon.colcon_core.event_handler.log_command:Invoking command in '/home/lcy/ros2_ws/build/only_robot_arm_pollination': CMAKE_PREFIX_PATH=${CMAKE_PREFIX_PATH}:/opt/ros/jazzy DEBUGINFOD_URLS=https://debuginfod.ubuntu.com /usr/bin/cmake --install /home/lcy/ros2_ws/build/only_robot_arm_pollination
[16.074s] Level 1:colcon.colcon_core.environment:create_environment_scripts_only(only_robot_arm_pollination)
[16.074s] DEBUG:colcon.colcon_core.event_handler.log_command:Invoked command in '/home/lcy/ros2_ws/build/only_robot_arm_pollination' returned '0': CMAKE_PREFIX_PATH=${CMAKE_PREFIX_PATH}:/opt/ros/jazzy DEBUGINFOD_URLS=https://debuginfod.ubuntu.com /usr/bin/cmake --install /home/lcy/ros2_ws/build/only_robot_arm_pollination
[16.076s] Level 1:colcon.colcon_core.environment:checking '/home/lcy/ros2_ws/install/only_robot_arm_pollination' for CMake module files
[16.077s] Level 1:colcon.colcon_core.environment:checking '/home/lcy/ros2_ws/install/only_robot_arm_pollination' for CMake config files
[16.077s] Level 1:colcon.colcon_core.shell:create_environment_hook('only_robot_arm_pollination', 'cmake_prefix_path')
[16.077s] INFO:colcon.colcon_core.shell:Creating environment hook '/home/lcy/ros2_ws/install/only_robot_arm_pollination/share/only_robot_arm_pollination/hook/cmake_prefix_path.ps1'
[16.078s] INFO:colcon.colcon_core.shell:Creating environment descriptor '/home/lcy/ros2_ws/install/only_robot_arm_pollination/share/only_robot_arm_pollination/hook/cmake_prefix_path.dsv'
[16.078s] INFO:colcon.colcon_core.shell:Creating environment hook '/home/lcy/ros2_ws/install/only_robot_arm_pollination/share/only_robot_arm_pollination/hook/cmake_prefix_path.sh'
[16.079s] Level 1:colcon.colcon_core.environment:checking '/home/lcy/ros2_ws/install/only_robot_arm_pollination/lib'
[16.079s] Level 1:colcon.colcon_core.environment:checking '/home/lcy/ros2_ws/install/only_robot_arm_pollination/bin'
[16.079s] Level 1:colcon.colcon_core.environment:checking '/home/lcy/ros2_ws/install/only_robot_arm_pollination/lib/pkgconfig/only_robot_arm_pollination.pc'
[16.080s] Level 1:colcon.colcon_core.environment:checking '/home/lcy/ros2_ws/install/only_robot_arm_pollination/lib/python3.12/site-packages'
[16.080s] Level 1:colcon.colcon_core.environment:checking '/home/lcy/ros2_ws/install/only_robot_arm_pollination/bin'
[16.080s] INFO:colcon.colcon_core.shell:Creating package script '/home/lcy/ros2_ws/install/only_robot_arm_pollination/share/only_robot_arm_pollination/package.ps1'
[16.081s] INFO:colcon.colcon_core.shell:Creating package descriptor '/home/lcy/ros2_ws/install/only_robot_arm_pollination/share/only_robot_arm_pollination/package.dsv'
[16.081s] INFO:colcon.colcon_core.shell:Creating package script '/home/lcy/ros2_ws/install/only_robot_arm_pollination/share/only_robot_arm_pollination/package.sh'
[16.082s] INFO:colcon.colcon_core.shell:Creating package script '/home/lcy/ros2_ws/install/only_robot_arm_pollination/share/only_robot_arm_pollination/package.bash'
[16.082s] INFO:colcon.colcon_core.shell:Creating package script '/home/lcy/ros2_ws/install/only_robot_arm_pollination/share/only_robot_arm_pollination/package.zsh'
[16.083s] Level 1:colcon.colcon_core.environment:create_file_with_runtime_dependencies(/home/lcy/ros2_ws/install/only_robot_arm_pollination/share/colcon-core/packages/only_robot_arm_pollination)
[16.083s] Level 1:colcon.colcon_core.environment:create_environment_scripts_only(only_robot_arm_pollination)
[16.083s] Level 1:colcon.colcon_core.environment:checking '/home/lcy/ros2_ws/install/only_robot_arm_pollination' for CMake module files
[16.084s] Level 1:colcon.colcon_core.environment:checking '/home/lcy/ros2_ws/install/only_robot_arm_pollination' for CMake config files
[16.084s] Level 1:colcon.colcon_core.shell:create_environment_hook('only_robot_arm_pollination', 'cmake_prefix_path')
[16.084s] INFO:colcon.colcon_core.shell:Creating environment hook '/home/lcy/ros2_ws/install/only_robot_arm_pollination/share/only_robot_arm_pollination/hook/cmake_prefix_path.ps1'
[16.085s] INFO:colcon.colcon_core.shell:Creating environment descriptor '/home/lcy/ros2_ws/install/only_robot_arm_pollination/share/only_robot_arm_pollination/hook/cmake_prefix_path.dsv'
[16.085s] INFO:colcon.colcon_core.shell:Creating environment hook '/home/lcy/ros2_ws/install/only_robot_arm_pollination/share/only_robot_arm_pollination/hook/cmake_prefix_path.sh'
[16.085s] Level 1:colcon.colcon_core.environment:checking '/home/lcy/ros2_ws/install/only_robot_arm_pollination/lib'
[16.085s] Level 1:colcon.colcon_core.environment:checking '/home/lcy/ros2_ws/install/only_robot_arm_pollination/bin'
[16.085s] Level 1:colcon.colcon_core.environment:checking '/home/lcy/ros2_ws/install/only_robot_arm_pollination/lib/pkgconfig/only_robot_arm_pollination.pc'
[16.086s] Level 1:colcon.colcon_core.environment:checking '/home/lcy/ros2_ws/install/only_robot_arm_pollination/lib/python3.12/site-packages'
[16.086s] Level 1:colcon.colcon_core.environment:checking '/home/lcy/ros2_ws/install/only_robot_arm_pollination/bin'
[16.086s] INFO:colcon.colcon_core.shell:Creating package script '/home/lcy/ros2_ws/install/only_robot_arm_pollination/share/only_robot_arm_pollination/package.ps1'
[16.086s] INFO:colcon.colcon_core.shell:Creating package descriptor '/home/lcy/ros2_ws/install/only_robot_arm_pollination/share/only_robot_arm_pollination/package.dsv'
[16.087s] INFO:colcon.colcon_core.shell:Creating package script '/home/lcy/ros2_ws/install/only_robot_arm_pollination/share/only_robot_arm_pollination/package.sh'
[16.087s] INFO:colcon.colcon_core.shell:Creating package script '/home/lcy/ros2_ws/install/only_robot_arm_pollination/share/only_robot_arm_pollination/package.bash'
[16.087s] INFO:colcon.colcon_core.shell:Creating package script '/home/lcy/ros2_ws/install/only_robot_arm_pollination/share/only_robot_arm_pollination/package.zsh'
[16.088s] Level 1:colcon.colcon_core.environment:create_file_with_runtime_dependencies(/home/lcy/ros2_ws/install/only_robot_arm_pollination/share/colcon-core/packages/only_robot_arm_pollination)
[16.088s] DEBUG:colcon.colcon_parallel_executor.executor.parallel:closing loop
[16.088s] DEBUG:colcon.colcon_parallel_executor.executor.parallel:loop closed
[16.088s] DEBUG:colcon.colcon_parallel_executor.executor.parallel:run_until_complete finished with '0'
[16.088s] DEBUG:colcon.colcon_core.event_reactor:joining thread
[16.093s] INFO:colcon.colcon_core.plugin_system:Skipping extension 'colcon_notification.desktop_notification.terminal_notifier': Not used on non-Darwin systems
[16.093s] INFO:colcon.colcon_core.plugin_system:Skipping extension 'colcon_notification.desktop_notification.win32': Not used on non-Windows systems
[16.093s] INFO:colcon.colcon_notification.desktop_notification:Sending desktop notification using 'notify2'
[16.093s] DEBUG:colcon.colcon_notification.desktop_notification.notify2:Failed to initialize notify2: org.freedesktop.DBus.Error.AccessDenied: Failed to connect to socket /run/user/1000/bus: Operation not permitted
[16.093s] DEBUG:colcon.colcon_core.event_reactor:joined thread
[16.093s] INFO:colcon.colcon_core.shell:Creating prefix script '/home/lcy/ros2_ws/install/local_setup.ps1'
[16.094s] INFO:colcon.colcon_core.shell:Creating prefix util module '/home/lcy/ros2_ws/install/_local_setup_util_ps1.py'
[16.095s] INFO:colcon.colcon_core.shell:Creating prefix chain script '/home/lcy/ros2_ws/install/setup.ps1'
[16.096s] INFO:colcon.colcon_core.shell:Creating prefix script '/home/lcy/ros2_ws/install/local_setup.sh'
[16.096s] INFO:colcon.colcon_core.shell:Creating prefix util module '/home/lcy/ros2_ws/install/_local_setup_util_sh.py'
[16.097s] INFO:colcon.colcon_core.shell:Creating prefix chain script '/home/lcy/ros2_ws/install/setup.sh'
[16.097s] INFO:colcon.colcon_core.shell:Creating prefix script '/home/lcy/ros2_ws/install/local_setup.bash'
[16.097s] INFO:colcon.colcon_core.shell:Creating prefix chain script '/home/lcy/ros2_ws/install/setup.bash'
[16.098s] INFO:colcon.colcon_core.shell:Creating prefix script '/home/lcy/ros2_ws/install/local_setup.zsh'
[16.098s] INFO:colcon.colcon_core.shell:Creating prefix chain script '/home/lcy/ros2_ws/install/setup.zsh'
