[0.009s] Invoking command in '/home/lcy/ros2_ws/build/environment': CMAKE_PREFIX_PATH=${CMAKE_PREFIX_PATH}:/opt/ros/jazzy DEBUGINFOD_URLS=https://debuginfod.ubuntu.com /usr/bin/cmake --build /home/lcy/ros2_ws/build/environment -- -j16 -l16
[0.045s] Invoked command in '/home/lcy/ros2_ws/build/environment' returned '0': CMAKE_PREFIX_PATH=${CMAKE_PREFIX_PATH}:/opt/ros/jazzy DEBUGINFOD_URLS=https://debuginfod.ubuntu.com /usr/bin/cmake --build /home/lcy/ros2_ws/build/environment -- -j16 -l16
[0.054s] Invoking command in '/home/lcy/ros2_ws/build/environment': CMAKE_PREFIX_PATH=${CMAKE_PREFIX_PATH}:/opt/ros/jazzy DEBUGINFOD_URLS=https://debuginfod.ubuntu.com /usr/bin/cmake --install /home/lcy/ros2_ws/build/environment
[0.062s] -- Install configuration: ""
[0.062s] -- Execute custom install script
[0.062s] -- Up-to-date symlink: /home/lcy/ros2_ws/install/environment/share/environment/config/joint_names_environment.yaml
[0.062s] -- Up-to-date symlink: /home/lcy/ros2_ws/install/environment/share/environment/launch/display.launch
[0.062s] -- Up-to-date symlink: /home/lcy/ros2_ws/install/environment/share/environment/launch/gazebo.launch
[0.063s] -- Up-to-date symlink: /home/lcy/ros2_ws/install/environment/share/environment/meshes/environment_link.STL
[0.063s] -- Up-to-date symlink: /home/lcy/ros2_ws/install/environment/share/environment/urdf/environment.csv
[0.063s] -- Up-to-date symlink: /home/lcy/ros2_ws/install/environment/share/environment/urdf/environment.urdf
[0.063s] -- Up-to-date symlink: /home/lcy/ros2_ws/install/environment/share/ament_index/resource_index/package_run_dependencies/environment
[0.063s] -- Up-to-date symlink: /home/lcy/ros2_ws/install/environment/share/ament_index/resource_index/parent_prefix_path/environment
[0.063s] -- Up-to-date symlink: /home/lcy/ros2_ws/install/environment/share/environment/environment/ament_prefix_path.sh
[0.063s] -- Up-to-date symlink: /home/lcy/ros2_ws/install/environment/share/environment/environment/ament_prefix_path.dsv
[0.064s] -- Up-to-date symlink: /home/lcy/ros2_ws/install/environment/share/environment/environment/path.sh
[0.064s] -- Up-to-date symlink: /home/lcy/ros2_ws/install/environment/share/environment/environment/path.dsv
[0.064s] -- Up-to-date symlink: /home/lcy/ros2_ws/install/environment/share/environment/local_setup.bash
[0.064s] -- Up-to-date symlink: /home/lcy/ros2_ws/install/environment/share/environment/local_setup.sh
[0.064s] -- Up-to-date symlink: /home/lcy/ros2_ws/install/environment/share/environment/local_setup.zsh
[0.064s] -- Up-to-date symlink: /home/lcy/ros2_ws/install/environment/share/environment/local_setup.dsv
[0.064s] -- Symlinking: /home/lcy/ros2_ws/install/environment/share/environment/package.dsv
[0.072s] -- Up-to-date symlink: /home/lcy/ros2_ws/install/environment/share/ament_index/resource_index/packages/environment
[0.072s] -- Up-to-date symlink: /home/lcy/ros2_ws/install/environment/share/environment/cmake/environmentConfig.cmake
[0.073s] -- Up-to-date symlink: /home/lcy/ros2_ws/install/environment/share/environment/cmake/environmentConfig-version.cmake
[0.073s] -- Up-to-date symlink: /home/lcy/ros2_ws/install/environment/share/environment/package.xml
[0.075s] Invoked command in '/home/lcy/ros2_ws/build/environment' returned '0': CMAKE_PREFIX_PATH=${CMAKE_PREFIX_PATH}:/opt/ros/jazzy DEBUGINFOD_URLS=https://debuginfod.ubuntu.com /usr/bin/cmake --install /home/lcy/ros2_ws/build/environment
