-- Found ament_cmake: 2.5.5 (/opt/ros/jazzy/share/ament_cmake/cmake)
-- Override CMake install command with custom implementation using symlinks instead of copying resources
-- Configuring done (0.3s)
-- Generating done (0.0s)
-- Build files have been written to: /home/lcy/ros2_ws/build/only_robot_arm_moveit_config
-- Install configuration: ""
-- Execute custom install script
-- Symlinking: /home/lcy/ros2_ws/install/only_robot_arm_moveit_config/share/only_robot_arm_moveit_config/config/joint_limits.yaml
-- Symlinking: /home/lcy/ros2_ws/install/only_robot_arm_moveit_config/share/only_robot_arm_moveit_config/config/kinematics.yaml
-- Symlinking: /home/lcy/ros2_ws/install/only_robot_arm_moveit_config/share/only_robot_arm_moveit_config/config/moveit_controllers.yaml
-- Symlinking: /home/lcy/ros2_ws/install/only_robot_arm_moveit_config/share/only_robot_arm_moveit_config/config/ompl_planning.yaml
-- Symlinking: /home/lcy/ros2_ws/install/only_robot_arm_moveit_config/share/only_robot_arm_moveit_config/config/only_robot_arm.srdf
-- Symlinking: /home/lcy/ros2_ws/install/only_robot_arm_moveit_config/share/only_robot_arm_moveit_config/config/ros2_controllers.yaml
-- Symlinking: /home/lcy/ros2_ws/install/only_robot_arm_moveit_config/share/only_robot_arm_moveit_config/launch/moveit.rviz
-- Symlinking: /home/lcy/ros2_ws/install/only_robot_arm_moveit_config/share/only_robot_arm_moveit_config/launch/moveit_demo.launch.py
-- Symlinking: /home/lcy/ros2_ws/install/only_robot_arm_moveit_config/share/only_robot_arm_moveit_config/launch/pollination_demo.launch.py
-- Symlinking: /home/lcy/ros2_ws/install/only_robot_arm_moveit_config/share/ament_index/resource_index/package_run_dependencies/only_robot_arm_moveit_config
-- Symlinking: /home/lcy/ros2_ws/install/only_robot_arm_moveit_config/share/ament_index/resource_index/parent_prefix_path/only_robot_arm_moveit_config
-- Symlinking: /home/lcy/ros2_ws/install/only_robot_arm_moveit_config/share/only_robot_arm_moveit_config/environment/ament_prefix_path.sh
-- Symlinking: /home/lcy/ros2_ws/install/only_robot_arm_moveit_config/share/only_robot_arm_moveit_config/environment/ament_prefix_path.dsv
-- Symlinking: /home/lcy/ros2_ws/install/only_robot_arm_moveit_config/share/only_robot_arm_moveit_config/environment/path.sh
-- Symlinking: /home/lcy/ros2_ws/install/only_robot_arm_moveit_config/share/only_robot_arm_moveit_config/environment/path.dsv
-- Symlinking: /home/lcy/ros2_ws/install/only_robot_arm_moveit_config/share/only_robot_arm_moveit_config/local_setup.bash
-- Symlinking: /home/lcy/ros2_ws/install/only_robot_arm_moveit_config/share/only_robot_arm_moveit_config/local_setup.sh
-- Symlinking: /home/lcy/ros2_ws/install/only_robot_arm_moveit_config/share/only_robot_arm_moveit_config/local_setup.zsh
-- Symlinking: /home/lcy/ros2_ws/install/only_robot_arm_moveit_config/share/only_robot_arm_moveit_config/local_setup.dsv
-- Symlinking: /home/lcy/ros2_ws/install/only_robot_arm_moveit_config/share/only_robot_arm_moveit_config/package.dsv
-- Symlinking: /home/lcy/ros2_ws/install/only_robot_arm_moveit_config/share/ament_index/resource_index/packages/only_robot_arm_moveit_config
-- Symlinking: /home/lcy/ros2_ws/install/only_robot_arm_moveit_config/share/only_robot_arm_moveit_config/cmake/only_robot_arm_moveit_configConfig.cmake
-- Symlinking: /home/lcy/ros2_ws/install/only_robot_arm_moveit_config/share/only_robot_arm_moveit_config/cmake/only_robot_arm_moveit_configConfig-version.cmake
-- Symlinking: /home/lcy/ros2_ws/install/only_robot_arm_moveit_config/share/only_robot_arm_moveit_config/package.xml
