[0.008s] Invoking command in '/home/lcy/ros2_ws/build/only_robot_arm_moveit_config': AMENT_PREFIX_PATH=/home/lcy/ros2_ws/install/only_robot_arm_pollination:/home/lcy/ros2_ws/install/only_robot_arm:${AMENT_PREFIX_PATH} CMAKE_PREFIX_PATH=/home/lcy/ros2_ws/install/only_robot_arm_pollination:/home/lcy/ros2_ws/install/only_robot_arm:/opt/ros/jazzy/opt/sdformat_vendor:/opt/ros/jazzy/opt/gz_math_vendor:/opt/ros/jazzy/opt/gz_utils_vendor:/opt/ros/jazzy/opt/gz_tools_vendor:/opt/ros/jazzy/opt/gz_cmake_vendor:/opt/ros/jazzy DEBUGINFOD_URLS=https://debuginfod.ubuntu.com /usr/bin/cmake /home/lcy/ros2_ws/src/only_robot_arm_moveit_config -DCMAKE_INSTALL_PREFIX=/home/lcy/ros2_ws/install/only_robot_arm_moveit_config
[0.063s] -- The C compiler identification is GNU 13.3.0
[0.119s] -- The CXX compiler identification is GNU 13.3.0
[0.139s] -- Detecting C compiler ABI info
[0.231s] -- Detecting C compiler ABI info - done
[0.238s] -- Check for working C compiler: /usr/bin/cc - skipped
[0.238s] -- Detecting C compile features
[0.239s] -- Detecting C compile features - done
[0.247s] -- Detecting CXX compiler ABI info
[0.348s] -- Detecting CXX compiler ABI info - done
[0.355s] -- Check for working CXX compiler: /usr/bin/c++ - skipped
[0.355s] -- Detecting CXX compile features
[0.355s] -- Detecting CXX compile features - done
[0.358s] -- Found ament_cmake: 2.5.5 (/opt/ros/jazzy/share/ament_cmake/cmake)
[0.491s] -- Found Python3: /usr/bin/python3 (found version "3.12.3") found components: Interpreter 
[0.657s] -- Configuring done (0.6s)
[0.660s] -- Generating done (0.0s)
[0.661s] -- Build files have been written to: /home/lcy/ros2_ws/build/only_robot_arm_moveit_config
[0.667s] Invoked command in '/home/lcy/ros2_ws/build/only_robot_arm_moveit_config' returned '0': AMENT_PREFIX_PATH=/home/lcy/ros2_ws/install/only_robot_arm_pollination:/home/lcy/ros2_ws/install/only_robot_arm:${AMENT_PREFIX_PATH} CMAKE_PREFIX_PATH=/home/lcy/ros2_ws/install/only_robot_arm_pollination:/home/lcy/ros2_ws/install/only_robot_arm:/opt/ros/jazzy/opt/sdformat_vendor:/opt/ros/jazzy/opt/gz_math_vendor:/opt/ros/jazzy/opt/gz_utils_vendor:/opt/ros/jazzy/opt/gz_tools_vendor:/opt/ros/jazzy/opt/gz_cmake_vendor:/opt/ros/jazzy DEBUGINFOD_URLS=https://debuginfod.ubuntu.com /usr/bin/cmake /home/lcy/ros2_ws/src/only_robot_arm_moveit_config -DCMAKE_INSTALL_PREFIX=/home/lcy/ros2_ws/install/only_robot_arm_moveit_config
[0.667s] Invoking command in '/home/lcy/ros2_ws/build/only_robot_arm_moveit_config': AMENT_PREFIX_PATH=/home/lcy/ros2_ws/install/only_robot_arm_pollination:/home/lcy/ros2_ws/install/only_robot_arm:${AMENT_PREFIX_PATH} CMAKE_PREFIX_PATH=/home/lcy/ros2_ws/install/only_robot_arm_pollination:/home/lcy/ros2_ws/install/only_robot_arm:/opt/ros/jazzy/opt/sdformat_vendor:/opt/ros/jazzy/opt/gz_math_vendor:/opt/ros/jazzy/opt/gz_utils_vendor:/opt/ros/jazzy/opt/gz_tools_vendor:/opt/ros/jazzy/opt/gz_cmake_vendor:/opt/ros/jazzy DEBUGINFOD_URLS=https://debuginfod.ubuntu.com /usr/bin/cmake --build /home/lcy/ros2_ws/build/only_robot_arm_moveit_config -- -j16 -l16
[0.708s] Invoked command in '/home/lcy/ros2_ws/build/only_robot_arm_moveit_config' returned '0': AMENT_PREFIX_PATH=/home/lcy/ros2_ws/install/only_robot_arm_pollination:/home/lcy/ros2_ws/install/only_robot_arm:${AMENT_PREFIX_PATH} CMAKE_PREFIX_PATH=/home/lcy/ros2_ws/install/only_robot_arm_pollination:/home/lcy/ros2_ws/install/only_robot_arm:/opt/ros/jazzy/opt/sdformat_vendor:/opt/ros/jazzy/opt/gz_math_vendor:/opt/ros/jazzy/opt/gz_utils_vendor:/opt/ros/jazzy/opt/gz_tools_vendor:/opt/ros/jazzy/opt/gz_cmake_vendor:/opt/ros/jazzy DEBUGINFOD_URLS=https://debuginfod.ubuntu.com /usr/bin/cmake --build /home/lcy/ros2_ws/build/only_robot_arm_moveit_config -- -j16 -l16
[0.709s] Invoking command in '/home/lcy/ros2_ws/build/only_robot_arm_moveit_config': AMENT_PREFIX_PATH=/home/lcy/ros2_ws/install/only_robot_arm_pollination:/home/lcy/ros2_ws/install/only_robot_arm:${AMENT_PREFIX_PATH} CMAKE_PREFIX_PATH=/home/lcy/ros2_ws/install/only_robot_arm_pollination:/home/lcy/ros2_ws/install/only_robot_arm:/opt/ros/jazzy/opt/sdformat_vendor:/opt/ros/jazzy/opt/gz_math_vendor:/opt/ros/jazzy/opt/gz_utils_vendor:/opt/ros/jazzy/opt/gz_tools_vendor:/opt/ros/jazzy/opt/gz_cmake_vendor:/opt/ros/jazzy DEBUGINFOD_URLS=https://debuginfod.ubuntu.com /usr/bin/cmake --install /home/lcy/ros2_ws/build/only_robot_arm_moveit_config
[0.716s] -- Install configuration: ""
[0.716s] -- Installing: /home/lcy/ros2_ws/install/only_robot_arm_moveit_config/share/only_robot_arm_moveit_config/config
[0.717s] -- Installing: /home/lcy/ros2_ws/install/only_robot_arm_moveit_config/share/only_robot_arm_moveit_config/config/only_robot_arm.srdf
[0.717s] -- Installing: /home/lcy/ros2_ws/install/only_robot_arm_moveit_config/share/only_robot_arm_moveit_config/config/kinematics.yaml
[0.717s] -- Installing: /home/lcy/ros2_ws/install/only_robot_arm_moveit_config/share/only_robot_arm_moveit_config/config/moveit_controllers.yaml
[0.717s] -- Installing: /home/lcy/ros2_ws/install/only_robot_arm_moveit_config/share/only_robot_arm_moveit_config/config/ros2_controllers.yaml
[0.717s] -- Installing: /home/lcy/ros2_ws/install/only_robot_arm_moveit_config/share/only_robot_arm_moveit_config/config/ompl_planning.yaml
[0.717s] -- Installing: /home/lcy/ros2_ws/install/only_robot_arm_moveit_config/share/only_robot_arm_moveit_config/config/joint_limits.yaml
[0.718s] -- Installing: /home/lcy/ros2_ws/install/only_robot_arm_moveit_config/share/only_robot_arm_moveit_config/launch
[0.718s] -- Installing: /home/lcy/ros2_ws/install/only_robot_arm_moveit_config/share/only_robot_arm_moveit_config/launch/pollination_demo.launch.py
[0.718s] -- Installing: /home/lcy/ros2_ws/install/only_robot_arm_moveit_config/share/only_robot_arm_moveit_config/launch/moveit.rviz
[0.718s] -- Installing: /home/lcy/ros2_ws/install/only_robot_arm_moveit_config/share/only_robot_arm_moveit_config/launch/moveit_demo.launch.py
[0.718s] -- Installing: /home/lcy/ros2_ws/install/only_robot_arm_moveit_config/share/ament_index/resource_index/package_run_dependencies/only_robot_arm_moveit_config
[0.719s] -- Installing: /home/lcy/ros2_ws/install/only_robot_arm_moveit_config/share/ament_index/resource_index/parent_prefix_path/only_robot_arm_moveit_config
[0.719s] -- Installing: /home/lcy/ros2_ws/install/only_robot_arm_moveit_config/share/only_robot_arm_moveit_config/environment/ament_prefix_path.sh
[0.719s] -- Installing: /home/lcy/ros2_ws/install/only_robot_arm_moveit_config/share/only_robot_arm_moveit_config/environment/ament_prefix_path.dsv
[0.719s] -- Installing: /home/lcy/ros2_ws/install/only_robot_arm_moveit_config/share/only_robot_arm_moveit_config/environment/path.sh
[0.719s] -- Installing: /home/lcy/ros2_ws/install/only_robot_arm_moveit_config/share/only_robot_arm_moveit_config/environment/path.dsv
[0.720s] -- Installing: /home/lcy/ros2_ws/install/only_robot_arm_moveit_config/share/only_robot_arm_moveit_config/local_setup.bash
[0.720s] -- Installing: /home/lcy/ros2_ws/install/only_robot_arm_moveit_config/share/only_robot_arm_moveit_config/local_setup.sh
[0.720s] -- Installing: /home/lcy/ros2_ws/install/only_robot_arm_moveit_config/share/only_robot_arm_moveit_config/local_setup.zsh
[0.720s] -- Installing: /home/lcy/ros2_ws/install/only_robot_arm_moveit_config/share/only_robot_arm_moveit_config/local_setup.dsv
[0.720s] -- Installing: /home/lcy/ros2_ws/install/only_robot_arm_moveit_config/share/only_robot_arm_moveit_config/package.dsv
[0.720s] -- Installing: /home/lcy/ros2_ws/install/only_robot_arm_moveit_config/share/ament_index/resource_index/packages/only_robot_arm_moveit_config
[0.720s] -- Installing: /home/lcy/ros2_ws/install/only_robot_arm_moveit_config/share/only_robot_arm_moveit_config/cmake/only_robot_arm_moveit_configConfig.cmake
[0.720s] -- Installing: /home/lcy/ros2_ws/install/only_robot_arm_moveit_config/share/only_robot_arm_moveit_config/cmake/only_robot_arm_moveit_configConfig-version.cmake
[0.720s] -- Installing: /home/lcy/ros2_ws/install/only_robot_arm_moveit_config/share/only_robot_arm_moveit_config/package.xml
[0.722s] Invoked command in '/home/lcy/ros2_ws/build/only_robot_arm_moveit_config' returned '0': AMENT_PREFIX_PATH=/home/lcy/ros2_ws/install/only_robot_arm_pollination:/home/lcy/ros2_ws/install/only_robot_arm:${AMENT_PREFIX_PATH} CMAKE_PREFIX_PATH=/home/lcy/ros2_ws/install/only_robot_arm_pollination:/home/lcy/ros2_ws/install/only_robot_arm:/opt/ros/jazzy/opt/sdformat_vendor:/opt/ros/jazzy/opt/gz_math_vendor:/opt/ros/jazzy/opt/gz_utils_vendor:/opt/ros/jazzy/opt/gz_tools_vendor:/opt/ros/jazzy/opt/gz_cmake_vendor:/opt/ros/jazzy DEBUGINFOD_URLS=https://debuginfod.ubuntu.com /usr/bin/cmake --install /home/lcy/ros2_ws/build/only_robot_arm_moveit_config
