[0.008s] Invoking command in '/home/lcy/ros2_ws/build/only_robot_arm': CMAKE_PREFIX_PATH=${CMAKE_PREFIX_PATH}:/opt/ros/jazzy DEBUGINFOD_URLS=https://debuginfod.ubuntu.com /usr/bin/cmake --build /home/lcy/ros2_ws/build/only_robot_arm -- -j16 -l16
[0.091s] [ 50%] Building CXX object CMakeFiles/pollination_cycle_node.dir/src/pollination_cycle_node.cpp.o
[13.729s] [100%] Linking CXX executable pollination_cycle_node
[14.459s] [100%] Built target pollination_cycle_node
[14.471s] Invoked command in '/home/lcy/ros2_ws/build/only_robot_arm' returned '0': CMAKE_PREFIX_PATH=${CMAKE_PREFIX_PATH}:/opt/ros/jazzy DEBUGINFOD_URLS=https://debuginfod.ubuntu.com /usr/bin/cmake --build /home/lcy/ros2_ws/build/only_robot_arm -- -j16 -l16
[14.481s] Invoking command in '/home/lcy/ros2_ws/build/only_robot_arm': CMAKE_PREFIX_PATH=${CMAKE_PREFIX_PATH}:/opt/ros/jazzy DEBUGINFOD_URLS=https://debuginfod.ubuntu.com /usr/bin/cmake --install /home/lcy/ros2_ws/build/only_robot_arm
[14.487s] -- Install configuration: ""
[14.488s] -- Execute custom install script
[14.488s] -- Up-to-date symlink: /home/lcy/ros2_ws/install/only_robot_arm/share/only_robot_arm/launch/display.launch
[14.488s] -- Up-to-date symlink: /home/lcy/ros2_ws/install/only_robot_arm/share/only_robot_arm/launch/display_jazzy.launch.py
[14.488s] -- Up-to-date symlink: /home/lcy/ros2_ws/install/only_robot_arm/share/only_robot_arm/launch/gazebo.launch
[14.489s] -- Up-to-date symlink: /home/lcy/ros2_ws/install/only_robot_arm/share/only_robot_arm/urdf/only_robot_arm.csv
[14.489s] -- Up-to-date symlink: /home/lcy/ros2_ws/install/only_robot_arm/share/only_robot_arm/urdf/only_robot_arm.urdf
[14.489s] -- Up-to-date symlink: /home/lcy/ros2_ws/install/only_robot_arm/share/only_robot_arm/meshes/base_link.STL
[14.489s] -- Up-to-date symlink: /home/lcy/ros2_ws/install/only_robot_arm/share/only_robot_arm/meshes/camera_link.STL
[14.489s] -- Up-to-date symlink: /home/lcy/ros2_ws/install/only_robot_arm/share/only_robot_arm/meshes/link_1.STL
[14.489s] -- Up-to-date symlink: /home/lcy/ros2_ws/install/only_robot_arm/share/only_robot_arm/meshes/link_2.STL
[14.489s] -- Up-to-date symlink: /home/lcy/ros2_ws/install/only_robot_arm/share/only_robot_arm/meshes/link_3.STL
[14.489s] -- Up-to-date symlink: /home/lcy/ros2_ws/install/only_robot_arm/share/only_robot_arm/meshes/link_4.STL
[14.489s] -- Up-to-date symlink: /home/lcy/ros2_ws/install/only_robot_arm/share/only_robot_arm/meshes/link_5.STL
[14.490s] -- Up-to-date symlink: /home/lcy/ros2_ws/install/only_robot_arm/share/only_robot_arm/meshes/link_6.STL
[14.490s] -- Up-to-date symlink: /home/lcy/ros2_ws/install/only_robot_arm/share/only_robot_arm/meshes/pollination_tip_link.STL
[14.490s] -- Up-to-date symlink: /home/lcy/ros2_ws/install/only_robot_arm/share/only_robot_arm/config/joint_names_only_robot_arm.yaml
[14.490s] -- Up-to-date symlink: /home/lcy/ros2_ws/install/only_robot_arm/share/only_robot_arm/config/only_robot_arm.rviz
[14.490s] -- Up-to-date symlink: /home/lcy/ros2_ws/install/only_robot_arm/lib/only_robot_arm/watermelon_flower_marker.py
[14.490s] -- Up-to-date symlink: /home/lcy/ros2_ws/install/only_robot_arm/lib/only_robot_arm/pollination_cycle_node
[14.490s] -- Up-to-date symlink: /home/lcy/ros2_ws/install/only_robot_arm/share/ament_index/resource_index/package_run_dependencies/only_robot_arm
[14.490s] -- Up-to-date symlink: /home/lcy/ros2_ws/install/only_robot_arm/share/ament_index/resource_index/parent_prefix_path/only_robot_arm
[14.490s] -- Up-to-date symlink: /home/lcy/ros2_ws/install/only_robot_arm/share/only_robot_arm/environment/ament_prefix_path.sh
[14.491s] -- Up-to-date symlink: /home/lcy/ros2_ws/install/only_robot_arm/share/only_robot_arm/environment/ament_prefix_path.dsv
[14.491s] -- Up-to-date symlink: /home/lcy/ros2_ws/install/only_robot_arm/share/only_robot_arm/environment/path.sh
[14.491s] -- Up-to-date symlink: /home/lcy/ros2_ws/install/only_robot_arm/share/only_robot_arm/environment/path.dsv
[14.491s] -- Up-to-date symlink: /home/lcy/ros2_ws/install/only_robot_arm/share/only_robot_arm/local_setup.bash
[14.491s] -- Up-to-date symlink: /home/lcy/ros2_ws/install/only_robot_arm/share/only_robot_arm/local_setup.sh
[14.491s] -- Up-to-date symlink: /home/lcy/ros2_ws/install/only_robot_arm/share/only_robot_arm/local_setup.zsh
[14.491s] -- Up-to-date symlink: /home/lcy/ros2_ws/install/only_robot_arm/share/only_robot_arm/local_setup.dsv
[14.491s] -- Symlinking: /home/lcy/ros2_ws/install/only_robot_arm/share/only_robot_arm/package.dsv
[14.501s] -- Up-to-date symlink: /home/lcy/ros2_ws/install/only_robot_arm/share/ament_index/resource_index/packages/only_robot_arm
[14.501s] -- Up-to-date symlink: /home/lcy/ros2_ws/install/only_robot_arm/share/only_robot_arm/cmake/only_robot_armConfig.cmake
[14.501s] -- Up-to-date symlink: /home/lcy/ros2_ws/install/only_robot_arm/share/only_robot_arm/cmake/only_robot_armConfig-version.cmake
[14.501s] -- Up-to-date symlink: /home/lcy/ros2_ws/install/only_robot_arm/share/only_robot_arm/package.xml
[14.503s] Invoked command in '/home/lcy/ros2_ws/build/only_robot_arm' returned '0': CMAKE_PREFIX_PATH=${CMAKE_PREFIX_PATH}:/opt/ros/jazzy DEBUGINFOD_URLS=https://debuginfod.ubuntu.com /usr/bin/cmake --install /home/lcy/ros2_ws/build/only_robot_arm
