[0.101s] DEBUG:colcon:Command line arguments: ['/usr/bin/colcon', 'build', '--packages-select', 'only_robot_arm', 'only_robot_arm_moveit_config', '--symlink-install']
[0.101s] DEBUG:colcon:Parsed command line arguments: Namespace(log_base=None, log_level=None, verb_name='build', build_base='build', install_base='install', merge_install=False, symlink_install=True, test_result_base=None, continue_on_error=False, executor='parallel', parallel_workers=16, event_handlers=None, ignore_user_meta=False, metas=['./colcon.meta'], base_paths=['.'], packages_ignore=None, packages_ignore_regex=None, paths=None, packages_up_to=None, packages_up_to_regex=None, packages_above=None, packages_above_and_dependencies=None, packages_above_depth=None, packages_select_by_dep=None, packages_skip_by_dep=None, packages_skip_up_to=None, packages_select_build_failed=False, packages_skip_build_finished=False, packages_select_test_failures=False, packages_skip_test_passed=False, packages_select=['only_robot_arm', 'only_robot_arm_moveit_config'], packages_skip=None, packages_select_regex=None, packages_skip_regex=None, packages_start=None, packages_end=None, allow_overriding=[], cmake_args=None, cmake_target=None, cmake_target_skip_unavailable=False, cmake_clean_cache=False, cmake_clean_first=False, cmake_force_configure=False, ament_cmake_args=None, catkin_cmake_args=None, catkin_skip_building_tests=False, mixin_files=None, mixin=None, verb_parser=<colcon_mixin.mixin.mixin_argument.MixinArgumentDecorator object at 0x708b693c7770>, verb_extension=<colcon_core.verb.build.BuildVerb object at 0x708b69b9e570>, main=<bound method BuildVerb.main of <colcon_core.verb.build.BuildVerb object at 0x708b69b9e570>>, mixin_verb=('build',))
[0.136s] Level 1:colcon.colcon_core.package_discovery:discover_packages(colcon_meta) check parameters
[0.136s] Level 1:colcon.colcon_core.package_discovery:discover_packages(recursive) check parameters
[0.137s] Level 1:colcon.colcon_core.package_discovery:discover_packages(ignore) check parameters
[0.137s] Level 1:colcon.colcon_core.package_discovery:discover_packages(path) check parameters
[0.137s] Level 1:colcon.colcon_core.package_discovery:discover_packages(colcon_meta) discover
[0.137s] Level 1:colcon.colcon_core.package_discovery:discover_packages(recursive) discover
[0.137s] INFO:colcon.colcon_core.package_discovery:Crawling recursively for packages in '/home/lcy/ros2_ws'
[0.137s] Level 1:colcon.colcon_core.package_identification:_identify(.) by extensions ['ignore', 'ignore_ament_install']
[0.137s] Level 1:colcon.colcon_core.package_identification:_identify(.) by extension 'ignore'
[0.137s] Level 1:colcon.colcon_core.package_identification:_identify(.) by extension 'ignore_ament_install'
[0.137s] Level 1:colcon.colcon_core.package_identification:_identify(.) by extensions ['colcon_pkg']
[0.137s] Level 1:colcon.colcon_core.package_identification:_identify(.) by extension 'colcon_pkg'
[0.137s] Level 1:colcon.colcon_core.package_identification:_identify(.) by extensions ['colcon_meta']
[0.137s] Level 1:colcon.colcon_core.package_identification:_identify(.) by extension 'colcon_meta'
[0.137s] Level 1:colcon.colcon_core.package_identification:_identify(.) by extensions ['ros']
[0.137s] Level 1:colcon.colcon_core.package_identification:_identify(.) by extension 'ros'
[0.161s] Level 1:colcon.colcon_core.package_identification:_identify(.) by extensions ['cmake', 'python']
[0.161s] Level 1:colcon.colcon_core.package_identification:_identify(.) by extension 'cmake'
[0.161s] Level 1:colcon.colcon_core.package_identification:_identify(.) by extension 'python'
[0.161s] Level 1:colcon.colcon_core.package_identification:_identify(.) by extensions ['python_setup_py']
[0.161s] Level 1:colcon.colcon_core.package_identification:_identify(.) by extension 'python_setup_py'
[0.161s] Level 1:colcon.colcon_core.package_identification:_identify(build) by extensions ['ignore', 'ignore_ament_install']
[0.161s] Level 1:colcon.colcon_core.package_identification:_identify(build) by extension 'ignore'
[0.161s] Level 1:colcon.colcon_core.package_identification:_identify(build) ignored
[0.162s] Level 1:colcon.colcon_core.package_identification:_identify(install) by extensions ['ignore', 'ignore_ament_install']
[0.162s] Level 1:colcon.colcon_core.package_identification:_identify(install) by extension 'ignore'
[0.162s] Level 1:colcon.colcon_core.package_identification:_identify(install) ignored
[0.162s] Level 1:colcon.colcon_core.package_identification:_identify(log) by extensions ['ignore', 'ignore_ament_install']
[0.162s] Level 1:colcon.colcon_core.package_identification:_identify(log) by extension 'ignore'
[0.162s] Level 1:colcon.colcon_core.package_identification:_identify(log) ignored
[0.162s] Level 1:colcon.colcon_core.package_identification:_identify(src) by extensions ['ignore', 'ignore_ament_install']
[0.162s] Level 1:colcon.colcon_core.package_identification:_identify(src) by extension 'ignore'
[0.162s] Level 1:colcon.colcon_core.package_identification:_identify(src) by extension 'ignore_ament_install'
[0.162s] Level 1:colcon.colcon_core.package_identification:_identify(src) by extensions ['colcon_pkg']
[0.162s] Level 1:colcon.colcon_core.package_identification:_identify(src) by extension 'colcon_pkg'
[0.162s] Level 1:colcon.colcon_core.package_identification:_identify(src) by extensions ['colcon_meta']
[0.162s] Level 1:colcon.colcon_core.package_identification:_identify(src) by extension 'colcon_meta'
[0.162s] Level 1:colcon.colcon_core.package_identification:_identify(src) by extensions ['ros']
[0.162s] Level 1:colcon.colcon_core.package_identification:_identify(src) by extension 'ros'
[0.162s] Level 1:colcon.colcon_core.package_identification:_identify(src) by extensions ['cmake', 'python']
[0.162s] Level 1:colcon.colcon_core.package_identification:_identify(src) by extension 'cmake'
[0.162s] Level 1:colcon.colcon_core.package_identification:_identify(src) by extension 'python'
[0.162s] Level 1:colcon.colcon_core.package_identification:_identify(src) by extensions ['python_setup_py']
[0.162s] Level 1:colcon.colcon_core.package_identification:_identify(src) by extension 'python_setup_py'
[0.162s] Level 1:colcon.colcon_core.package_identification:_identify(src/environment) by extensions ['ignore', 'ignore_ament_install']
[0.163s] Level 1:colcon.colcon_core.package_identification:_identify(src/environment) by extension 'ignore'
[0.163s] Level 1:colcon.colcon_core.package_identification:_identify(src/environment) by extension 'ignore_ament_install'
[0.163s] Level 1:colcon.colcon_core.package_identification:_identify(src/environment) by extensions ['colcon_pkg']
[0.163s] Level 1:colcon.colcon_core.package_identification:_identify(src/environment) by extension 'colcon_pkg'
[0.163s] Level 1:colcon.colcon_core.package_identification:_identify(src/environment) by extensions ['colcon_meta']
[0.163s] Level 1:colcon.colcon_core.package_identification:_identify(src/environment) by extension 'colcon_meta'
[0.163s] Level 1:colcon.colcon_core.package_identification:_identify(src/environment) by extensions ['ros']
[0.163s] Level 1:colcon.colcon_core.package_identification:_identify(src/environment) by extension 'ros'
[0.165s] DEBUG:colcon.colcon_core.package_identification:Package 'src/environment' with type 'ros.ament_cmake' and name 'environment'
[0.165s] Level 1:colcon.colcon_core.package_identification:_identify(src/only_robot_arm) by extensions ['ignore', 'ignore_ament_install']
[0.165s] Level 1:colcon.colcon_core.package_identification:_identify(src/only_robot_arm) by extension 'ignore'
[0.165s] Level 1:colcon.colcon_core.package_identification:_identify(src/only_robot_arm) by extension 'ignore_ament_install'
[0.165s] Level 1:colcon.colcon_core.package_identification:_identify(src/only_robot_arm) by extensions ['colcon_pkg']
[0.165s] Level 1:colcon.colcon_core.package_identification:_identify(src/only_robot_arm) by extension 'colcon_pkg'
[0.165s] Level 1:colcon.colcon_core.package_identification:_identify(src/only_robot_arm) by extensions ['colcon_meta']
[0.165s] Level 1:colcon.colcon_core.package_identification:_identify(src/only_robot_arm) by extension 'colcon_meta'
[0.165s] Level 1:colcon.colcon_core.package_identification:_identify(src/only_robot_arm) by extensions ['ros']
[0.165s] Level 1:colcon.colcon_core.package_identification:_identify(src/only_robot_arm) by extension 'ros'
[0.166s] DEBUG:colcon.colcon_core.package_identification:Package 'src/only_robot_arm' with type 'ros.ament_cmake' and name 'only_robot_arm'
[0.166s] Level 1:colcon.colcon_core.package_identification:_identify(src/only_robot_arm_moveit_config) by extensions ['ignore', 'ignore_ament_install']
[0.166s] Level 1:colcon.colcon_core.package_identification:_identify(src/only_robot_arm_moveit_config) by extension 'ignore'
[0.166s] Level 1:colcon.colcon_core.package_identification:_identify(src/only_robot_arm_moveit_config) by extension 'ignore_ament_install'
[0.166s] Level 1:colcon.colcon_core.package_identification:_identify(src/only_robot_arm_moveit_config) by extensions ['colcon_pkg']
[0.166s] Level 1:colcon.colcon_core.package_identification:_identify(src/only_robot_arm_moveit_config) by extension 'colcon_pkg'
[0.166s] Level 1:colcon.colcon_core.package_identification:_identify(src/only_robot_arm_moveit_config) by extensions ['colcon_meta']
[0.166s] Level 1:colcon.colcon_core.package_identification:_identify(src/only_robot_arm_moveit_config) by extension 'colcon_meta'
[0.166s] Level 1:colcon.colcon_core.package_identification:_identify(src/only_robot_arm_moveit_config) by extensions ['ros']
[0.166s] Level 1:colcon.colcon_core.package_identification:_identify(src/only_robot_arm_moveit_config) by extension 'ros'
[0.166s] DEBUG:colcon.colcon_core.package_identification:Package 'src/only_robot_arm_moveit_config' with type 'ros.ament_cmake' and name 'only_robot_arm_moveit_config'
[0.166s] Level 1:colcon.colcon_core.package_identification:_identify(录屏) by extensions ['ignore', 'ignore_ament_install']
[0.167s] Level 1:colcon.colcon_core.package_identification:_identify(录屏) by extension 'ignore'
[0.167s] Level 1:colcon.colcon_core.package_identification:_identify(录屏) by extension 'ignore_ament_install'
[0.167s] Level 1:colcon.colcon_core.package_identification:_identify(录屏) by extensions ['colcon_pkg']
[0.167s] Level 1:colcon.colcon_core.package_identification:_identify(录屏) by extension 'colcon_pkg'
[0.167s] Level 1:colcon.colcon_core.package_identification:_identify(录屏) by extensions ['colcon_meta']
[0.167s] Level 1:colcon.colcon_core.package_identification:_identify(录屏) by extension 'colcon_meta'
[0.167s] Level 1:colcon.colcon_core.package_identification:_identify(录屏) by extensions ['ros']
[0.167s] Level 1:colcon.colcon_core.package_identification:_identify(录屏) by extension 'ros'
[0.167s] Level 1:colcon.colcon_core.package_identification:_identify(录屏) by extensions ['cmake', 'python']
[0.167s] Level 1:colcon.colcon_core.package_identification:_identify(录屏) by extension 'cmake'
[0.167s] Level 1:colcon.colcon_core.package_identification:_identify(录屏) by extension 'python'
[0.167s] Level 1:colcon.colcon_core.package_identification:_identify(录屏) by extensions ['python_setup_py']
[0.167s] Level 1:colcon.colcon_core.package_identification:_identify(录屏) by extension 'python_setup_py'
[0.167s] Level 1:colcon.colcon_core.package_identification:_identify(截图) by extensions ['ignore', 'ignore_ament_install']
[0.167s] Level 1:colcon.colcon_core.package_identification:_identify(截图) by extension 'ignore'
[0.167s] Level 1:colcon.colcon_core.package_identification:_identify(截图) by extension 'ignore_ament_install'
[0.167s] Level 1:colcon.colcon_core.package_identification:_identify(截图) by extensions ['colcon_pkg']
[0.167s] Level 1:colcon.colcon_core.package_identification:_identify(截图) by extension 'colcon_pkg'
[0.168s] Level 1:colcon.colcon_core.package_identification:_identify(截图) by extensions ['colcon_meta']
[0.168s] Level 1:colcon.colcon_core.package_identification:_identify(截图) by extension 'colcon_meta'
[0.168s] Level 1:colcon.colcon_core.package_identification:_identify(截图) by extensions ['ros']
[0.168s] Level 1:colcon.colcon_core.package_identification:_identify(截图) by extension 'ros'
[0.168s] Level 1:colcon.colcon_core.package_identification:_identify(截图) by extensions ['cmake', 'python']
[0.168s] Level 1:colcon.colcon_core.package_identification:_identify(截图) by extension 'cmake'
[0.168s] Level 1:colcon.colcon_core.package_identification:_identify(截图) by extension 'python'
[0.168s] Level 1:colcon.colcon_core.package_identification:_identify(截图) by extensions ['python_setup_py']
[0.168s] Level 1:colcon.colcon_core.package_identification:_identify(截图) by extension 'python_setup_py'
[0.168s] Level 1:colcon.colcon_core.package_identification:_identify(毕设说明书md文档与图片) by extensions ['ignore', 'ignore_ament_install']
[0.168s] Level 1:colcon.colcon_core.package_identification:_identify(毕设说明书md文档与图片) by extension 'ignore'
[0.168s] Level 1:colcon.colcon_core.package_identification:_identify(毕设说明书md文档与图片) by extension 'ignore_ament_install'
[0.168s] Level 1:colcon.colcon_core.package_identification:_identify(毕设说明书md文档与图片) by extensions ['colcon_pkg']
[0.168s] Level 1:colcon.colcon_core.package_identification:_identify(毕设说明书md文档与图片) by extension 'colcon_pkg'
[0.168s] Level 1:colcon.colcon_core.package_identification:_identify(毕设说明书md文档与图片) by extensions ['colcon_meta']
[0.168s] Level 1:colcon.colcon_core.package_identification:_identify(毕设说明书md文档与图片) by extension 'colcon_meta'
[0.169s] Level 1:colcon.colcon_core.package_identification:_identify(毕设说明书md文档与图片) by extensions ['ros']
[0.169s] Level 1:colcon.colcon_core.package_identification:_identify(毕设说明书md文档与图片) by extension 'ros'
[0.169s] Level 1:colcon.colcon_core.package_identification:_identify(毕设说明书md文档与图片) by extensions ['cmake', 'python']
[0.169s] Level 1:colcon.colcon_core.package_identification:_identify(毕设说明书md文档与图片) by extension 'cmake'
[0.169s] Level 1:colcon.colcon_core.package_identification:_identify(毕设说明书md文档与图片) by extension 'python'
[0.169s] Level 1:colcon.colcon_core.package_identification:_identify(毕设说明书md文档与图片) by extensions ['python_setup_py']
[0.169s] Level 1:colcon.colcon_core.package_identification:_identify(毕设说明书md文档与图片) by extension 'python_setup_py'
[0.169s] Level 1:colcon.colcon_core.package_identification:_identify(毕设说明书md文档与图片/image) by extensions ['ignore', 'ignore_ament_install']
[0.169s] Level 1:colcon.colcon_core.package_identification:_identify(毕设说明书md文档与图片/image) by extension 'ignore'
[0.169s] Level 1:colcon.colcon_core.package_identification:_identify(毕设说明书md文档与图片/image) by extension 'ignore_ament_install'
[0.169s] Level 1:colcon.colcon_core.package_identification:_identify(毕设说明书md文档与图片/image) by extensions ['colcon_pkg']
[0.169s] Level 1:colcon.colcon_core.package_identification:_identify(毕设说明书md文档与图片/image) by extension 'colcon_pkg'
[0.169s] Level 1:colcon.colcon_core.package_identification:_identify(毕设说明书md文档与图片/image) by extensions ['colcon_meta']
[0.169s] Level 1:colcon.colcon_core.package_identification:_identify(毕设说明书md文档与图片/image) by extension 'colcon_meta'
[0.169s] Level 1:colcon.colcon_core.package_identification:_identify(毕设说明书md文档与图片/image) by extensions ['ros']
[0.169s] Level 1:colcon.colcon_core.package_identification:_identify(毕设说明书md文档与图片/image) by extension 'ros'
[0.169s] Level 1:colcon.colcon_core.package_identification:_identify(毕设说明书md文档与图片/image) by extensions ['cmake', 'python']
[0.169s] Level 1:colcon.colcon_core.package_identification:_identify(毕设说明书md文档与图片/image) by extension 'cmake'
[0.169s] Level 1:colcon.colcon_core.package_identification:_identify(毕设说明书md文档与图片/image) by extension 'python'
[0.169s] Level 1:colcon.colcon_core.package_identification:_identify(毕设说明书md文档与图片/image) by extensions ['python_setup_py']
[0.169s] Level 1:colcon.colcon_core.package_identification:_identify(毕设说明书md文档与图片/image) by extension 'python_setup_py'
[0.170s] Level 1:colcon.colcon_core.package_identification:_identify(毕设说明书md文档与图片/image/MinerU_markdown_202604091447684) by extensions ['ignore', 'ignore_ament_install']
[0.170s] Level 1:colcon.colcon_core.package_identification:_identify(毕设说明书md文档与图片/image/MinerU_markdown_202604091447684) by extension 'ignore'
[0.170s] Level 1:colcon.colcon_core.package_identification:_identify(毕设说明书md文档与图片/image/MinerU_markdown_202604091447684) by extension 'ignore_ament_install'
[0.170s] Level 1:colcon.colcon_core.package_identification:_identify(毕设说明书md文档与图片/image/MinerU_markdown_202604091447684) by extensions ['colcon_pkg']
[0.170s] Level 1:colcon.colcon_core.package_identification:_identify(毕设说明书md文档与图片/image/MinerU_markdown_202604091447684) by extension 'colcon_pkg'
[0.170s] Level 1:colcon.colcon_core.package_identification:_identify(毕设说明书md文档与图片/image/MinerU_markdown_202604091447684) by extensions ['colcon_meta']
[0.170s] Level 1:colcon.colcon_core.package_identification:_identify(毕设说明书md文档与图片/image/MinerU_markdown_202604091447684) by extension 'colcon_meta'
[0.170s] Level 1:colcon.colcon_core.package_identification:_identify(毕设说明书md文档与图片/image/MinerU_markdown_202604091447684) by extensions ['ros']
[0.170s] Level 1:colcon.colcon_core.package_identification:_identify(毕设说明书md文档与图片/image/MinerU_markdown_202604091447684) by extension 'ros'
[0.170s] Level 1:colcon.colcon_core.package_identification:_identify(毕设说明书md文档与图片/image/MinerU_markdown_202604091447684) by extensions ['cmake', 'python']
[0.170s] Level 1:colcon.colcon_core.package_identification:_identify(毕设说明书md文档与图片/image/MinerU_markdown_202604091447684) by extension 'cmake'
[0.170s] Level 1:colcon.colcon_core.package_identification:_identify(毕设说明书md文档与图片/image/MinerU_markdown_202604091447684) by extension 'python'
[0.170s] Level 1:colcon.colcon_core.package_identification:_identify(毕设说明书md文档与图片/image/MinerU_markdown_202604091447684) by extensions ['python_setup_py']
[0.170s] Level 1:colcon.colcon_core.package_identification:_identify(毕设说明书md文档与图片/image/MinerU_markdown_202604091447684) by extension 'python_setup_py'
[0.171s] Level 1:colcon.colcon_core.package_identification:_identify(毕设说明书md文档与图片/images) by extensions ['ignore', 'ignore_ament_install']
[0.171s] Level 1:colcon.colcon_core.package_identification:_identify(毕设说明书md文档与图片/images) by extension 'ignore'
[0.171s] Level 1:colcon.colcon_core.package_identification:_identify(毕设说明书md文档与图片/images) by extension 'ignore_ament_install'
[0.171s] Level 1:colcon.colcon_core.package_identification:_identify(毕设说明书md文档与图片/images) by extensions ['colcon_pkg']
[0.171s] Level 1:colcon.colcon_core.package_identification:_identify(毕设说明书md文档与图片/images) by extension 'colcon_pkg'
[0.171s] Level 1:colcon.colcon_core.package_identification:_identify(毕设说明书md文档与图片/images) by extensions ['colcon_meta']
[0.171s] Level 1:colcon.colcon_core.package_identification:_identify(毕设说明书md文档与图片/images) by extension 'colcon_meta'
[0.171s] Level 1:colcon.colcon_core.package_identification:_identify(毕设说明书md文档与图片/images) by extensions ['ros']
[0.171s] Level 1:colcon.colcon_core.package_identification:_identify(毕设说明书md文档与图片/images) by extension 'ros'
[0.171s] Level 1:colcon.colcon_core.package_identification:_identify(毕设说明书md文档与图片/images) by extensions ['cmake', 'python']
[0.171s] Level 1:colcon.colcon_core.package_identification:_identify(毕设说明书md文档与图片/images) by extension 'cmake'
[0.171s] Level 1:colcon.colcon_core.package_identification:_identify(毕设说明书md文档与图片/images) by extension 'python'
[0.171s] Level 1:colcon.colcon_core.package_identification:_identify(毕设说明书md文档与图片/images) by extensions ['python_setup_py']
[0.171s] Level 1:colcon.colcon_core.package_identification:_identify(毕设说明书md文档与图片/images) by extension 'python_setup_py'
[0.171s] Level 1:colcon.colcon_core.package_discovery:discover_packages(recursive) using defaults
[0.171s] Level 1:colcon.colcon_core.package_discovery:discover_packages(ignore) discover
[0.171s] Level 1:colcon.colcon_core.package_discovery:discover_packages(ignore) using defaults
[0.171s] Level 1:colcon.colcon_core.package_discovery:discover_packages(path) discover
[0.171s] Level 1:colcon.colcon_core.package_discovery:discover_packages(path) using defaults
[0.187s] INFO:colcon.colcon_core.package_selection:Skipping not selected package 'environment' in 'src/environment'
[0.187s] Level 1:colcon.colcon_core.package_discovery:discover_packages(prefix_path) check parameters
[0.187s] Level 1:colcon.colcon_core.package_discovery:discover_packages(prefix_path) discover
[0.190s] DEBUG:colcon.colcon_installed_package_information.package_discovery:Found 357 installed packages in /opt/ros/jazzy
[0.192s] Level 1:colcon.colcon_core.package_discovery:discover_packages(prefix_path) using defaults
[0.232s] Level 5:colcon.colcon_core.verb:set package 'only_robot_arm' build argument 'cmake_args' from command line to 'None'
[0.232s] Level 5:colcon.colcon_core.verb:set package 'only_robot_arm' build argument 'cmake_target' from command line to 'None'
[0.232s] Level 5:colcon.colcon_core.verb:set package 'only_robot_arm' build argument 'cmake_target_skip_unavailable' from command line to 'False'
[0.232s] Level 5:colcon.colcon_core.verb:set package 'only_robot_arm' build argument 'cmake_clean_cache' from command line to 'False'
[0.232s] Level 5:colcon.colcon_core.verb:set package 'only_robot_arm' build argument 'cmake_clean_first' from command line to 'False'
[0.232s] Level 5:colcon.colcon_core.verb:set package 'only_robot_arm' build argument 'cmake_force_configure' from command line to 'False'
[0.232s] Level 5:colcon.colcon_core.verb:set package 'only_robot_arm' build argument 'ament_cmake_args' from command line to 'None'
[0.232s] Level 5:colcon.colcon_core.verb:set package 'only_robot_arm' build argument 'catkin_cmake_args' from command line to 'None'
[0.232s] Level 5:colcon.colcon_core.verb:set package 'only_robot_arm' build argument 'catkin_skip_building_tests' from command line to 'False'
[0.232s] DEBUG:colcon.colcon_core.verb:Building package 'only_robot_arm' with the following arguments: {'ament_cmake_args': None, 'build_base': '/home/lcy/ros2_ws/build/only_robot_arm', 'catkin_cmake_args': None, 'catkin_skip_building_tests': False, 'cmake_args': None, 'cmake_clean_cache': False, 'cmake_clean_first': False, 'cmake_force_configure': False, 'cmake_target': None, 'cmake_target_skip_unavailable': False, 'install_base': '/home/lcy/ros2_ws/install/only_robot_arm', 'merge_install': False, 'path': '/home/lcy/ros2_ws/src/only_robot_arm', 'symlink_install': True, 'test_result_base': None}
[0.232s] Level 5:colcon.colcon_core.verb:set package 'only_robot_arm_moveit_config' build argument 'cmake_args' from command line to 'None'
[0.233s] Level 5:colcon.colcon_core.verb:set package 'only_robot_arm_moveit_config' build argument 'cmake_target' from command line to 'None'
[0.233s] Level 5:colcon.colcon_core.verb:set package 'only_robot_arm_moveit_config' build argument 'cmake_target_skip_unavailable' from command line to 'False'
[0.233s] Level 5:colcon.colcon_core.verb:set package 'only_robot_arm_moveit_config' build argument 'cmake_clean_cache' from command line to 'False'
[0.233s] Level 5:colcon.colcon_core.verb:set package 'only_robot_arm_moveit_config' build argument 'cmake_clean_first' from command line to 'False'
[0.233s] Level 5:colcon.colcon_core.verb:set package 'only_robot_arm_moveit_config' build argument 'cmake_force_configure' from command line to 'False'
[0.233s] Level 5:colcon.colcon_core.verb:set package 'only_robot_arm_moveit_config' build argument 'ament_cmake_args' from command line to 'None'
[0.233s] Level 5:colcon.colcon_core.verb:set package 'only_robot_arm_moveit_config' build argument 'catkin_cmake_args' from command line to 'None'
[0.233s] Level 5:colcon.colcon_core.verb:set package 'only_robot_arm_moveit_config' build argument 'catkin_skip_building_tests' from command line to 'False'
[0.233s] DEBUG:colcon.colcon_core.verb:Building package 'only_robot_arm_moveit_config' with the following arguments: {'ament_cmake_args': None, 'build_base': '/home/lcy/ros2_ws/build/only_robot_arm_moveit_config', 'catkin_cmake_args': None, 'catkin_skip_building_tests': False, 'cmake_args': None, 'cmake_clean_cache': False, 'cmake_clean_first': False, 'cmake_force_configure': False, 'cmake_target': None, 'cmake_target_skip_unavailable': False, 'install_base': '/home/lcy/ros2_ws/install/only_robot_arm_moveit_config', 'merge_install': False, 'path': '/home/lcy/ros2_ws/src/only_robot_arm_moveit_config', 'symlink_install': True, 'test_result_base': None}
[0.233s] INFO:colcon.colcon_core.executor:Executing jobs using 'parallel' executor
[0.234s] DEBUG:colcon.colcon_parallel_executor.executor.parallel:run_until_complete
[0.234s] INFO:colcon.colcon_ros.task.ament_cmake.build:Building ROS package in '/home/lcy/ros2_ws/src/only_robot_arm' with build type 'ament_cmake'
[0.234s] INFO:colcon.colcon_cmake.task.cmake.build:Building CMake package in '/home/lcy/ros2_ws/src/only_robot_arm'
[0.236s] INFO:colcon.colcon_core.plugin_system:Skipping extension 'colcon_core.shell.bat': Not used on non-Windows systems
[0.236s] INFO:colcon.colcon_core.shell:Skip shell extension 'powershell' for command environment: Not usable outside of PowerShell
[0.236s] DEBUG:colcon.colcon_core.shell:Skip shell extension 'dsv' for command environment
[0.244s] DEBUG:colcon.colcon_core.event_handler.log_command:Invoking command in '/home/lcy/ros2_ws/build/only_robot_arm': CMAKE_PREFIX_PATH=${CMAKE_PREFIX_PATH}:/opt/ros/jazzy DEBUGINFOD_URLS=https://debuginfod.ubuntu.com /usr/bin/cmake --build /home/lcy/ros2_ws/build/only_robot_arm -- -j16 -l16
[17.573s] DEBUG:colcon.colcon_core.event_handler.log_command:Invoked command in '/home/lcy/ros2_ws/build/only_robot_arm' returned '0': CMAKE_PREFIX_PATH=${CMAKE_PREFIX_PATH}:/opt/ros/jazzy DEBUGINFOD_URLS=https://debuginfod.ubuntu.com /usr/bin/cmake --build /home/lcy/ros2_ws/build/only_robot_arm -- -j16 -l16
[17.585s] DEBUG:colcon.colcon_core.event_handler.log_command:Invoking command in '/home/lcy/ros2_ws/build/only_robot_arm': CMAKE_PREFIX_PATH=${CMAKE_PREFIX_PATH}:/opt/ros/jazzy DEBUGINFOD_URLS=https://debuginfod.ubuntu.com /usr/bin/cmake --install /home/lcy/ros2_ws/build/only_robot_arm
[17.610s] Level 1:colcon.colcon_core.environment:create_environment_scripts_only(only_robot_arm)
[17.611s] DEBUG:colcon.colcon_core.event_handler.log_command:Invoked command in '/home/lcy/ros2_ws/build/only_robot_arm' returned '0': CMAKE_PREFIX_PATH=${CMAKE_PREFIX_PATH}:/opt/ros/jazzy DEBUGINFOD_URLS=https://debuginfod.ubuntu.com /usr/bin/cmake --install /home/lcy/ros2_ws/build/only_robot_arm
[17.612s] Level 1:colcon.colcon_core.environment:checking '/home/lcy/ros2_ws/install/only_robot_arm' for CMake module files
[17.613s] Level 1:colcon.colcon_core.environment:checking '/home/lcy/ros2_ws/install/only_robot_arm' for CMake config files
[17.613s] Level 1:colcon.colcon_core.shell:create_environment_hook('only_robot_arm', 'cmake_prefix_path')
[17.613s] INFO:colcon.colcon_core.shell:Creating environment hook '/home/lcy/ros2_ws/install/only_robot_arm/share/only_robot_arm/hook/cmake_prefix_path.ps1'
[17.614s] INFO:colcon.colcon_core.shell:Creating environment descriptor '/home/lcy/ros2_ws/install/only_robot_arm/share/only_robot_arm/hook/cmake_prefix_path.dsv'
[17.614s] INFO:colcon.colcon_core.shell:Creating environment hook '/home/lcy/ros2_ws/install/only_robot_arm/share/only_robot_arm/hook/cmake_prefix_path.sh'
[17.615s] Level 1:colcon.colcon_core.environment:checking '/home/lcy/ros2_ws/install/only_robot_arm/lib'
[17.615s] Level 1:colcon.colcon_core.environment:checking '/home/lcy/ros2_ws/install/only_robot_arm/bin'
[17.615s] Level 1:colcon.colcon_core.environment:checking '/home/lcy/ros2_ws/install/only_robot_arm/lib/pkgconfig/only_robot_arm.pc'
[17.615s] Level 1:colcon.colcon_core.environment:checking '/home/lcy/ros2_ws/install/only_robot_arm/lib/python3.12/site-packages'
[17.615s] Level 1:colcon.colcon_core.environment:checking '/home/lcy/ros2_ws/install/only_robot_arm/bin'
[17.616s] INFO:colcon.colcon_core.shell:Creating package script '/home/lcy/ros2_ws/install/only_robot_arm/share/only_robot_arm/package.ps1'
[17.616s] INFO:colcon.colcon_core.shell:Creating package descriptor '/home/lcy/ros2_ws/install/only_robot_arm/share/only_robot_arm/package.dsv'
[17.616s] INFO:colcon.colcon_core.shell:Creating package script '/home/lcy/ros2_ws/install/only_robot_arm/share/only_robot_arm/package.sh'
[17.617s] INFO:colcon.colcon_core.shell:Creating package script '/home/lcy/ros2_ws/install/only_robot_arm/share/only_robot_arm/package.bash'
[17.617s] INFO:colcon.colcon_core.shell:Creating package script '/home/lcy/ros2_ws/install/only_robot_arm/share/only_robot_arm/package.zsh'
[17.618s] Level 1:colcon.colcon_core.environment:create_file_with_runtime_dependencies(/home/lcy/ros2_ws/install/only_robot_arm/share/colcon-core/packages/only_robot_arm)
[17.618s] Level 1:colcon.colcon_core.environment:create_environment_scripts_only(only_robot_arm)
[17.618s] Level 1:colcon.colcon_core.environment:checking '/home/lcy/ros2_ws/install/only_robot_arm' for CMake module files
[17.619s] Level 1:colcon.colcon_core.environment:checking '/home/lcy/ros2_ws/install/only_robot_arm' for CMake config files
[17.619s] Level 1:colcon.colcon_core.shell:create_environment_hook('only_robot_arm', 'cmake_prefix_path')
[17.619s] INFO:colcon.colcon_core.shell:Creating environment hook '/home/lcy/ros2_ws/install/only_robot_arm/share/only_robot_arm/hook/cmake_prefix_path.ps1'
[17.619s] INFO:colcon.colcon_core.shell:Creating environment descriptor '/home/lcy/ros2_ws/install/only_robot_arm/share/only_robot_arm/hook/cmake_prefix_path.dsv'
[17.620s] INFO:colcon.colcon_core.shell:Creating environment hook '/home/lcy/ros2_ws/install/only_robot_arm/share/only_robot_arm/hook/cmake_prefix_path.sh'
[17.620s] Level 1:colcon.colcon_core.environment:checking '/home/lcy/ros2_ws/install/only_robot_arm/lib'
[17.620s] Level 1:colcon.colcon_core.environment:checking '/home/lcy/ros2_ws/install/only_robot_arm/bin'
[17.620s] Level 1:colcon.colcon_core.environment:checking '/home/lcy/ros2_ws/install/only_robot_arm/lib/pkgconfig/only_robot_arm.pc'
[17.621s] Level 1:colcon.colcon_core.environment:checking '/home/lcy/ros2_ws/install/only_robot_arm/lib/python3.12/site-packages'
[17.621s] Level 1:colcon.colcon_core.environment:checking '/home/lcy/ros2_ws/install/only_robot_arm/bin'
[17.621s] INFO:colcon.colcon_core.shell:Creating package script '/home/lcy/ros2_ws/install/only_robot_arm/share/only_robot_arm/package.ps1'
[17.621s] INFO:colcon.colcon_core.shell:Creating package descriptor '/home/lcy/ros2_ws/install/only_robot_arm/share/only_robot_arm/package.dsv'
[17.622s] INFO:colcon.colcon_core.shell:Creating package script '/home/lcy/ros2_ws/install/only_robot_arm/share/only_robot_arm/package.sh'
[17.622s] INFO:colcon.colcon_core.shell:Creating package script '/home/lcy/ros2_ws/install/only_robot_arm/share/only_robot_arm/package.bash'
[17.622s] INFO:colcon.colcon_core.shell:Creating package script '/home/lcy/ros2_ws/install/only_robot_arm/share/only_robot_arm/package.zsh'
[17.623s] Level 1:colcon.colcon_core.environment:create_file_with_runtime_dependencies(/home/lcy/ros2_ws/install/only_robot_arm/share/colcon-core/packages/only_robot_arm)
[17.623s] INFO:colcon.colcon_ros.task.ament_cmake.build:Building ROS package in '/home/lcy/ros2_ws/src/only_robot_arm_moveit_config' with build type 'ament_cmake'
[17.623s] INFO:colcon.colcon_cmake.task.cmake.build:Building CMake package in '/home/lcy/ros2_ws/src/only_robot_arm_moveit_config'
[17.623s] INFO:colcon.colcon_core.shell:Skip shell extension 'powershell' for command environment: Not usable outside of PowerShell
[17.623s] DEBUG:colcon.colcon_core.shell:Skip shell extension 'dsv' for command environment
[17.631s] DEBUG:colcon.colcon_core.event_handler.log_command:Invoking command in '/home/lcy/ros2_ws/build/only_robot_arm_moveit_config': AMENT_PREFIX_PATH=/home/lcy/ros2_ws/install/only_robot_arm:${AMENT_PREFIX_PATH} CMAKE_PREFIX_PATH=/home/lcy/ros2_ws/install/only_robot_arm:/opt/ros/jazzy/opt/sdformat_vendor:/opt/ros/jazzy/opt/gz_math_vendor:/opt/ros/jazzy/opt/gz_utils_vendor:/opt/ros/jazzy/opt/gz_tools_vendor:/opt/ros/jazzy/opt/gz_cmake_vendor:/opt/ros/jazzy DEBUGINFOD_URLS=https://debuginfod.ubuntu.com /usr/bin/cmake --build /home/lcy/ros2_ws/build/only_robot_arm_moveit_config -- -j16 -l16
[17.671s] DEBUG:colcon.colcon_core.event_handler.log_command:Invoked command in '/home/lcy/ros2_ws/build/only_robot_arm_moveit_config' returned '0': AMENT_PREFIX_PATH=/home/lcy/ros2_ws/install/only_robot_arm:${AMENT_PREFIX_PATH} CMAKE_PREFIX_PATH=/home/lcy/ros2_ws/install/only_robot_arm:/opt/ros/jazzy/opt/sdformat_vendor:/opt/ros/jazzy/opt/gz_math_vendor:/opt/ros/jazzy/opt/gz_utils_vendor:/opt/ros/jazzy/opt/gz_tools_vendor:/opt/ros/jazzy/opt/gz_cmake_vendor:/opt/ros/jazzy DEBUGINFOD_URLS=https://debuginfod.ubuntu.com /usr/bin/cmake --build /home/lcy/ros2_ws/build/only_robot_arm_moveit_config -- -j16 -l16
[17.672s] DEBUG:colcon.colcon_core.event_handler.log_command:Invoking command in '/home/lcy/ros2_ws/build/only_robot_arm_moveit_config': AMENT_PREFIX_PATH=/home/lcy/ros2_ws/install/only_robot_arm:${AMENT_PREFIX_PATH} CMAKE_PREFIX_PATH=/home/lcy/ros2_ws/install/only_robot_arm:/opt/ros/jazzy/opt/sdformat_vendor:/opt/ros/jazzy/opt/gz_math_vendor:/opt/ros/jazzy/opt/gz_utils_vendor:/opt/ros/jazzy/opt/gz_tools_vendor:/opt/ros/jazzy/opt/gz_cmake_vendor:/opt/ros/jazzy DEBUGINFOD_URLS=https://debuginfod.ubuntu.com /usr/bin/cmake --install /home/lcy/ros2_ws/build/only_robot_arm_moveit_config
[17.706s] Level 1:colcon.colcon_core.environment:create_environment_scripts_only(only_robot_arm_moveit_config)
[17.706s] Level 1:colcon.colcon_core.environment:checking '/home/lcy/ros2_ws/install/only_robot_arm_moveit_config' for CMake module files
[17.707s] DEBUG:colcon.colcon_core.event_handler.log_command:Invoked command in '/home/lcy/ros2_ws/build/only_robot_arm_moveit_config' returned '0': AMENT_PREFIX_PATH=/home/lcy/ros2_ws/install/only_robot_arm:${AMENT_PREFIX_PATH} CMAKE_PREFIX_PATH=/home/lcy/ros2_ws/install/only_robot_arm:/opt/ros/jazzy/opt/sdformat_vendor:/opt/ros/jazzy/opt/gz_math_vendor:/opt/ros/jazzy/opt/gz_utils_vendor:/opt/ros/jazzy/opt/gz_tools_vendor:/opt/ros/jazzy/opt/gz_cmake_vendor:/opt/ros/jazzy DEBUGINFOD_URLS=https://debuginfod.ubuntu.com /usr/bin/cmake --install /home/lcy/ros2_ws/build/only_robot_arm_moveit_config
[17.707s] Level 1:colcon.colcon_core.environment:checking '/home/lcy/ros2_ws/install/only_robot_arm_moveit_config' for CMake config files
[17.707s] Level 1:colcon.colcon_core.shell:create_environment_hook('only_robot_arm_moveit_config', 'cmake_prefix_path')
[17.708s] INFO:colcon.colcon_core.shell:Creating environment hook '/home/lcy/ros2_ws/install/only_robot_arm_moveit_config/share/only_robot_arm_moveit_config/hook/cmake_prefix_path.ps1'
[17.708s] INFO:colcon.colcon_core.shell:Creating environment descriptor '/home/lcy/ros2_ws/install/only_robot_arm_moveit_config/share/only_robot_arm_moveit_config/hook/cmake_prefix_path.dsv'
[17.708s] INFO:colcon.colcon_core.shell:Creating environment hook '/home/lcy/ros2_ws/install/only_robot_arm_moveit_config/share/only_robot_arm_moveit_config/hook/cmake_prefix_path.sh'
[17.709s] Level 1:colcon.colcon_core.environment:checking '/home/lcy/ros2_ws/install/only_robot_arm_moveit_config/bin'
[17.709s] Level 1:colcon.colcon_core.environment:checking '/home/lcy/ros2_ws/install/only_robot_arm_moveit_config/lib/pkgconfig/only_robot_arm_moveit_config.pc'
[17.709s] Level 1:colcon.colcon_core.environment:checking '/home/lcy/ros2_ws/install/only_robot_arm_moveit_config/lib/python3.12/site-packages'
[17.709s] Level 1:colcon.colcon_core.environment:checking '/home/lcy/ros2_ws/install/only_robot_arm_moveit_config/bin'
[17.709s] INFO:colcon.colcon_core.shell:Creating package script '/home/lcy/ros2_ws/install/only_robot_arm_moveit_config/share/only_robot_arm_moveit_config/package.ps1'
[17.710s] INFO:colcon.colcon_core.shell:Creating package descriptor '/home/lcy/ros2_ws/install/only_robot_arm_moveit_config/share/only_robot_arm_moveit_config/package.dsv'
[17.710s] INFO:colcon.colcon_core.shell:Creating package script '/home/lcy/ros2_ws/install/only_robot_arm_moveit_config/share/only_robot_arm_moveit_config/package.sh'
[17.710s] INFO:colcon.colcon_core.shell:Creating package script '/home/lcy/ros2_ws/install/only_robot_arm_moveit_config/share/only_robot_arm_moveit_config/package.bash'
[17.710s] INFO:colcon.colcon_core.shell:Creating package script '/home/lcy/ros2_ws/install/only_robot_arm_moveit_config/share/only_robot_arm_moveit_config/package.zsh'
[17.711s] Level 1:colcon.colcon_core.environment:create_file_with_runtime_dependencies(/home/lcy/ros2_ws/install/only_robot_arm_moveit_config/share/colcon-core/packages/only_robot_arm_moveit_config)
[17.711s] Level 1:colcon.colcon_core.environment:create_environment_scripts_only(only_robot_arm_moveit_config)
[17.711s] Level 1:colcon.colcon_core.environment:checking '/home/lcy/ros2_ws/install/only_robot_arm_moveit_config' for CMake module files
[17.712s] Level 1:colcon.colcon_core.environment:checking '/home/lcy/ros2_ws/install/only_robot_arm_moveit_config' for CMake config files
[17.712s] Level 1:colcon.colcon_core.shell:create_environment_hook('only_robot_arm_moveit_config', 'cmake_prefix_path')
[17.712s] INFO:colcon.colcon_core.shell:Creating environment hook '/home/lcy/ros2_ws/install/only_robot_arm_moveit_config/share/only_robot_arm_moveit_config/hook/cmake_prefix_path.ps1'
[17.712s] INFO:colcon.colcon_core.shell:Creating environment descriptor '/home/lcy/ros2_ws/install/only_robot_arm_moveit_config/share/only_robot_arm_moveit_config/hook/cmake_prefix_path.dsv'
[17.713s] INFO:colcon.colcon_core.shell:Creating environment hook '/home/lcy/ros2_ws/install/only_robot_arm_moveit_config/share/only_robot_arm_moveit_config/hook/cmake_prefix_path.sh'
[17.713s] Level 1:colcon.colcon_core.environment:checking '/home/lcy/ros2_ws/install/only_robot_arm_moveit_config/bin'
[17.713s] Level 1:colcon.colcon_core.environment:checking '/home/lcy/ros2_ws/install/only_robot_arm_moveit_config/lib/pkgconfig/only_robot_arm_moveit_config.pc'
[17.713s] Level 1:colcon.colcon_core.environment:checking '/home/lcy/ros2_ws/install/only_robot_arm_moveit_config/lib/python3.12/site-packages'
[17.713s] Level 1:colcon.colcon_core.environment:checking '/home/lcy/ros2_ws/install/only_robot_arm_moveit_config/bin'
[17.714s] INFO:colcon.colcon_core.shell:Creating package script '/home/lcy/ros2_ws/install/only_robot_arm_moveit_config/share/only_robot_arm_moveit_config/package.ps1'
[17.714s] INFO:colcon.colcon_core.shell:Creating package descriptor '/home/lcy/ros2_ws/install/only_robot_arm_moveit_config/share/only_robot_arm_moveit_config/package.dsv'
[17.714s] INFO:colcon.colcon_core.shell:Creating package script '/home/lcy/ros2_ws/install/only_robot_arm_moveit_config/share/only_robot_arm_moveit_config/package.sh'
[17.715s] INFO:colcon.colcon_core.shell:Creating package script '/home/lcy/ros2_ws/install/only_robot_arm_moveit_config/share/only_robot_arm_moveit_config/package.bash'
[17.715s] INFO:colcon.colcon_core.shell:Creating package script '/home/lcy/ros2_ws/install/only_robot_arm_moveit_config/share/only_robot_arm_moveit_config/package.zsh'
[17.715s] Level 1:colcon.colcon_core.environment:create_file_with_runtime_dependencies(/home/lcy/ros2_ws/install/only_robot_arm_moveit_config/share/colcon-core/packages/only_robot_arm_moveit_config)
[17.715s] DEBUG:colcon.colcon_parallel_executor.executor.parallel:closing loop
[17.716s] DEBUG:colcon.colcon_parallel_executor.executor.parallel:loop closed
[17.716s] DEBUG:colcon.colcon_parallel_executor.executor.parallel:run_until_complete finished with '0'
[17.716s] DEBUG:colcon.colcon_core.event_reactor:joining thread
[17.720s] INFO:colcon.colcon_core.plugin_system:Skipping extension 'colcon_notification.desktop_notification.terminal_notifier': Not used on non-Darwin systems
[17.720s] INFO:colcon.colcon_core.plugin_system:Skipping extension 'colcon_notification.desktop_notification.win32': Not used on non-Windows systems
[17.720s] INFO:colcon.colcon_notification.desktop_notification:Sending desktop notification using 'notify2'
[17.733s] DEBUG:colcon.colcon_core.event_reactor:joined thread
[17.733s] INFO:colcon.colcon_core.shell:Creating prefix script '/home/lcy/ros2_ws/install/local_setup.ps1'
[17.734s] INFO:colcon.colcon_core.shell:Creating prefix util module '/home/lcy/ros2_ws/install/_local_setup_util_ps1.py'
[17.734s] INFO:colcon.colcon_core.shell:Creating prefix chain script '/home/lcy/ros2_ws/install/setup.ps1'
[17.735s] INFO:colcon.colcon_core.shell:Creating prefix script '/home/lcy/ros2_ws/install/local_setup.sh'
[17.735s] INFO:colcon.colcon_core.shell:Creating prefix util module '/home/lcy/ros2_ws/install/_local_setup_util_sh.py'
[17.736s] INFO:colcon.colcon_core.shell:Creating prefix chain script '/home/lcy/ros2_ws/install/setup.sh'
[17.736s] INFO:colcon.colcon_core.shell:Creating prefix script '/home/lcy/ros2_ws/install/local_setup.bash'
[17.737s] INFO:colcon.colcon_core.shell:Creating prefix chain script '/home/lcy/ros2_ws/install/setup.bash'
[17.737s] INFO:colcon.colcon_core.shell:Creating prefix script '/home/lcy/ros2_ws/install/local_setup.zsh'
[17.738s] INFO:colcon.colcon_core.shell:Creating prefix chain script '/home/lcy/ros2_ws/install/setup.zsh'
