-- Found ament_cmake: 2.5.5 (/opt/ros/jazzy/share/ament_cmake/cmake)
-- Override CMake install command with custom implementation using symlinks instead of copying resources
-- Found geometry_msgs: 5.3.6 (/opt/ros/jazzy/share/geometry_msgs/cmake)
-- Found rosidl_generator_c: 4.6.7 (/opt/ros/jazzy/share/rosidl_generator_c/cmake)
-- Found rosidl_generator_cpp: 4.6.7 (/opt/ros/jazzy/share/rosidl_generator_cpp/cmake)
-- Using all available rosidl_typesupport_c: rosidl_typesupport_fastrtps_c;rosidl_typesupport_introspection_c
-- Using all available rosidl_typesupport_cpp: rosidl_typesupport_fastrtps_cpp;rosidl_typesupport_introspection_cpp
-- Found moveit_core: 2.12.4 (/opt/ros/jazzy/share/moveit_core/cmake)
-- Found Boost: /usr/lib/x86_64-linux-gnu/cmake/Boost-1.83.0/BoostConfig.cmake (found version "1.83.0") found components: chrono date_time filesystem iostreams program_options regex serialization system thread 
-- Found parameter_traits: 0.6.0 (/opt/ros/jazzy/share/parameter_traits/cmake)
-- Found rmw_implementation_cmake: 7.3.3 (/opt/ros/jazzy/share/rmw_implementation_cmake/cmake)
-- Found rmw_fastrtps_cpp: 8.4.3 (/opt/ros/jazzy/share/rmw_fastrtps_cpp/cmake)
-- Using RMW implementation 'rmw_fastrtps_cpp' as default
-- Found rclcpp_lifecycle: 28.1.16 (/opt/ros/jazzy/share/rclcpp_lifecycle/cmake)
-- Found Boost: /usr/lib/x86_64-linux-gnu/cmake/Boost-1.83.0/BoostConfig.cmake (found version "1.83.0") found components: filesystem 
-- Ensuring Eigen3 include directory is part of orocos-kdl CMake target
-- Found moveit_ros_planning_interface: 2.12.4 (/opt/ros/jazzy/share/moveit_ros_planning_interface/cmake)
-- Found Boost: /usr/lib/x86_64-linux-gnu/cmake/Boost-1.83.0/BoostConfig.cmake (found version "1.83.0") found components: date_time filesystem program_options system thread 
-- Found Boost: /usr/lib/x86_64-linux-gnu/cmake/Boost-1.83.0/BoostConfig.cmake (found version "1.83.0") found components: system filesystem date_time program_options thread chrono 
-- Found Boost: /usr/lib/x86_64-linux-gnu/cmake/Boost-1.83.0/BoostConfig.cmake (found version "1.83.0") found components: thread system filesystem regex date_time program_options 
-- Found Boost: /usr/lib/x86_64-linux-gnu/cmake/Boost-1.83.0/BoostConfig.cmake (found version "1.83.0") found components: system filesystem date_time program_options thread 
-- Configuring done (1.1s)
-- Generating done (0.0s)
-- Build files have been written to: /home/lcy/ros2_ws/build/only_robot_arm_pollination
[ 50%] Building CXX object CMakeFiles/pollination_cycle_node.dir/src/pollination_cycle_node.cpp.o
[100%] Linking CXX executable pollination_cycle_node
[100%] Built target pollination_cycle_node
-- Install configuration: ""
-- Execute custom install script
-- Symlinking: /home/lcy/ros2_ws/install/only_robot_arm_pollination/lib/only_robot_arm_pollination/pollination_cycle_node
-- Symlinking: /home/lcy/ros2_ws/install/only_robot_arm_pollination/share/only_robot_arm_pollination/config/pollination.yaml
-- Symlinking: /home/lcy/ros2_ws/install/only_robot_arm_pollination/share/ament_index/resource_index/package_run_dependencies/only_robot_arm_pollination
-- Symlinking: /home/lcy/ros2_ws/install/only_robot_arm_pollination/share/ament_index/resource_index/parent_prefix_path/only_robot_arm_pollination
-- Symlinking: /home/lcy/ros2_ws/install/only_robot_arm_pollination/share/only_robot_arm_pollination/environment/ament_prefix_path.sh
-- Symlinking: /home/lcy/ros2_ws/install/only_robot_arm_pollination/share/only_robot_arm_pollination/environment/ament_prefix_path.dsv
-- Symlinking: /home/lcy/ros2_ws/install/only_robot_arm_pollination/share/only_robot_arm_pollination/environment/path.sh
-- Symlinking: /home/lcy/ros2_ws/install/only_robot_arm_pollination/share/only_robot_arm_pollination/environment/path.dsv
-- Symlinking: /home/lcy/ros2_ws/install/only_robot_arm_pollination/share/only_robot_arm_pollination/local_setup.bash
-- Symlinking: /home/lcy/ros2_ws/install/only_robot_arm_pollination/share/only_robot_arm_pollination/local_setup.sh
-- Symlinking: /home/lcy/ros2_ws/install/only_robot_arm_pollination/share/only_robot_arm_pollination/local_setup.zsh
-- Symlinking: /home/lcy/ros2_ws/install/only_robot_arm_pollination/share/only_robot_arm_pollination/local_setup.dsv
-- Symlinking: /home/lcy/ros2_ws/install/only_robot_arm_pollination/share/only_robot_arm_pollination/package.dsv
-- Symlinking: /home/lcy/ros2_ws/install/only_robot_arm_pollination/share/ament_index/resource_index/packages/only_robot_arm_pollination
-- Symlinking: /home/lcy/ros2_ws/install/only_robot_arm_pollination/share/only_robot_arm_pollination/cmake/only_robot_arm_pollinationConfig.cmake
-- Symlinking: /home/lcy/ros2_ws/install/only_robot_arm_pollination/share/only_robot_arm_pollination/cmake/only_robot_arm_pollinationConfig-version.cmake
-- Symlinking: /home/lcy/ros2_ws/install/only_robot_arm_pollination/share/only_robot_arm_pollination/package.xml
