[0.095s] DEBUG:colcon:Command line arguments: ['/usr/bin/colcon', 'build', '--packages-select', 'only_robot_arm_moveit_config', 'only_robot_arm_pollination', '--symlink-install']
[0.095s] DEBUG:colcon:Parsed command line arguments: Namespace(log_base=None, log_level=None, verb_name='build', build_base='build', install_base='install', merge_install=False, symlink_install=True, test_result_base=None, continue_on_error=False, executor='parallel', parallel_workers=16, event_handlers=None, ignore_user_meta=False, metas=['./colcon.meta'], base_paths=['.'], packages_ignore=None, packages_ignore_regex=None, paths=None, packages_up_to=None, packages_up_to_regex=None, packages_above=None, packages_above_and_dependencies=None, packages_above_depth=None, packages_select_by_dep=None, packages_skip_by_dep=None, packages_skip_up_to=None, packages_select_build_failed=False, packages_skip_build_finished=False, packages_select_test_failures=False, packages_skip_test_passed=False, packages_select=['only_robot_arm_moveit_config', 'only_robot_arm_pollination'], packages_skip=None, packages_select_regex=None, packages_skip_regex=None, packages_start=None, packages_end=None, allow_overriding=[], cmake_args=None, cmake_target=None, cmake_target_skip_unavailable=False, cmake_clean_cache=False, cmake_clean_first=False, cmake_force_configure=False, ament_cmake_args=None, catkin_cmake_args=None, catkin_skip_building_tests=False, mixin_files=None, mixin=None, verb_parser=<colcon_mixin.mixin.mixin_argument.MixinArgumentDecorator object at 0x71aeb43bf710>, verb_extension=<colcon_core.verb.build.BuildVerb object at 0x71aeb43bf530>, main=<bound method BuildVerb.main of <colcon_core.verb.build.BuildVerb object at 0x71aeb43bf530>>, mixin_verb=('build',))
[0.129s] Level 1:colcon.colcon_core.package_discovery:discover_packages(colcon_meta) check parameters
[0.129s] Level 1:colcon.colcon_core.package_discovery:discover_packages(recursive) check parameters
[0.129s] Level 1:colcon.colcon_core.package_discovery:discover_packages(ignore) check parameters
[0.129s] Level 1:colcon.colcon_core.package_discovery:discover_packages(path) check parameters
[0.129s] Level 1:colcon.colcon_core.package_discovery:discover_packages(colcon_meta) discover
[0.129s] Level 1:colcon.colcon_core.package_discovery:discover_packages(recursive) discover
[0.129s] INFO:colcon.colcon_core.package_discovery:Crawling recursively for packages in '/home/lcy/ros2_ws'
[0.129s] Level 1:colcon.colcon_core.package_identification:_identify(.) by extensions ['ignore', 'ignore_ament_install']
[0.129s] Level 1:colcon.colcon_core.package_identification:_identify(.) by extension 'ignore'
[0.129s] Level 1:colcon.colcon_core.package_identification:_identify(.) by extension 'ignore_ament_install'
[0.129s] Level 1:colcon.colcon_core.package_identification:_identify(.) by extensions ['colcon_pkg']
[0.129s] Level 1:colcon.colcon_core.package_identification:_identify(.) by extension 'colcon_pkg'
[0.129s] Level 1:colcon.colcon_core.package_identification:_identify(.) by extensions ['colcon_meta']
[0.129s] Level 1:colcon.colcon_core.package_identification:_identify(.) by extension 'colcon_meta'
[0.130s] Level 1:colcon.colcon_core.package_identification:_identify(.) by extensions ['ros']
[0.130s] Level 1:colcon.colcon_core.package_identification:_identify(.) by extension 'ros'
[0.151s] Level 1:colcon.colcon_core.package_identification:_identify(.) by extensions ['cmake', 'python']
[0.151s] Level 1:colcon.colcon_core.package_identification:_identify(.) by extension 'cmake'
[0.151s] Level 1:colcon.colcon_core.package_identification:_identify(.) by extension 'python'
[0.151s] Level 1:colcon.colcon_core.package_identification:_identify(.) by extensions ['python_setup_py']
[0.151s] Level 1:colcon.colcon_core.package_identification:_identify(.) by extension 'python_setup_py'
[0.151s] Level 1:colcon.colcon_core.package_identification:_identify(build) by extensions ['ignore', 'ignore_ament_install']
[0.151s] Level 1:colcon.colcon_core.package_identification:_identify(build) by extension 'ignore'
[0.151s] Level 1:colcon.colcon_core.package_identification:_identify(build) ignored
[0.152s] Level 1:colcon.colcon_core.package_identification:_identify(install) by extensions ['ignore', 'ignore_ament_install']
[0.152s] Level 1:colcon.colcon_core.package_identification:_identify(install) by extension 'ignore'
[0.152s] Level 1:colcon.colcon_core.package_identification:_identify(install) ignored
[0.152s] Level 1:colcon.colcon_core.package_identification:_identify(log) by extensions ['ignore', 'ignore_ament_install']
[0.152s] Level 1:colcon.colcon_core.package_identification:_identify(log) by extension 'ignore'
[0.152s] Level 1:colcon.colcon_core.package_identification:_identify(log) ignored
[0.152s] Level 1:colcon.colcon_core.package_identification:_identify(src) by extensions ['ignore', 'ignore_ament_install']
[0.152s] Level 1:colcon.colcon_core.package_identification:_identify(src) by extension 'ignore'
[0.152s] Level 1:colcon.colcon_core.package_identification:_identify(src) by extension 'ignore_ament_install'
[0.152s] Level 1:colcon.colcon_core.package_identification:_identify(src) by extensions ['colcon_pkg']
[0.152s] Level 1:colcon.colcon_core.package_identification:_identify(src) by extension 'colcon_pkg'
[0.152s] Level 1:colcon.colcon_core.package_identification:_identify(src) by extensions ['colcon_meta']
[0.152s] Level 1:colcon.colcon_core.package_identification:_identify(src) by extension 'colcon_meta'
[0.152s] Level 1:colcon.colcon_core.package_identification:_identify(src) by extensions ['ros']
[0.152s] Level 1:colcon.colcon_core.package_identification:_identify(src) by extension 'ros'
[0.152s] Level 1:colcon.colcon_core.package_identification:_identify(src) by extensions ['cmake', 'python']
[0.152s] Level 1:colcon.colcon_core.package_identification:_identify(src) by extension 'cmake'
[0.152s] Level 1:colcon.colcon_core.package_identification:_identify(src) by extension 'python'
[0.152s] Level 1:colcon.colcon_core.package_identification:_identify(src) by extensions ['python_setup_py']
[0.152s] Level 1:colcon.colcon_core.package_identification:_identify(src) by extension 'python_setup_py'
[0.152s] Level 1:colcon.colcon_core.package_identification:_identify(src/only_robot_arm) by extensions ['ignore', 'ignore_ament_install']
[0.152s] Level 1:colcon.colcon_core.package_identification:_identify(src/only_robot_arm) by extension 'ignore'
[0.152s] Level 1:colcon.colcon_core.package_identification:_identify(src/only_robot_arm) by extension 'ignore_ament_install'
[0.153s] Level 1:colcon.colcon_core.package_identification:_identify(src/only_robot_arm) by extensions ['colcon_pkg']
[0.153s] Level 1:colcon.colcon_core.package_identification:_identify(src/only_robot_arm) by extension 'colcon_pkg'
[0.153s] Level 1:colcon.colcon_core.package_identification:_identify(src/only_robot_arm) by extensions ['colcon_meta']
[0.153s] Level 1:colcon.colcon_core.package_identification:_identify(src/only_robot_arm) by extension 'colcon_meta'
[0.153s] Level 1:colcon.colcon_core.package_identification:_identify(src/only_robot_arm) by extensions ['ros']
[0.153s] Level 1:colcon.colcon_core.package_identification:_identify(src/only_robot_arm) by extension 'ros'
[0.155s] DEBUG:colcon.colcon_core.package_identification:Package 'src/only_robot_arm' with type 'ros.ament_cmake' and name 'only_robot_arm'
[0.155s] Level 1:colcon.colcon_core.package_identification:_identify(src/only_robot_arm_moveit_config) by extensions ['ignore', 'ignore_ament_install']
[0.155s] Level 1:colcon.colcon_core.package_identification:_identify(src/only_robot_arm_moveit_config) by extension 'ignore'
[0.155s] Level 1:colcon.colcon_core.package_identification:_identify(src/only_robot_arm_moveit_config) by extension 'ignore_ament_install'
[0.155s] Level 1:colcon.colcon_core.package_identification:_identify(src/only_robot_arm_moveit_config) by extensions ['colcon_pkg']
[0.155s] Level 1:colcon.colcon_core.package_identification:_identify(src/only_robot_arm_moveit_config) by extension 'colcon_pkg'
[0.155s] Level 1:colcon.colcon_core.package_identification:_identify(src/only_robot_arm_moveit_config) by extensions ['colcon_meta']
[0.155s] Level 1:colcon.colcon_core.package_identification:_identify(src/only_robot_arm_moveit_config) by extension 'colcon_meta'
[0.155s] Level 1:colcon.colcon_core.package_identification:_identify(src/only_robot_arm_moveit_config) by extensions ['ros']
[0.155s] Level 1:colcon.colcon_core.package_identification:_identify(src/only_robot_arm_moveit_config) by extension 'ros'
[0.156s] DEBUG:colcon.colcon_core.package_identification:Package 'src/only_robot_arm_moveit_config' with type 'ros.ament_cmake' and name 'only_robot_arm_moveit_config'
[0.156s] Level 1:colcon.colcon_core.package_identification:_identify(src/only_robot_arm_pollination) by extensions ['ignore', 'ignore_ament_install']
[0.156s] Level 1:colcon.colcon_core.package_identification:_identify(src/only_robot_arm_pollination) by extension 'ignore'
[0.156s] Level 1:colcon.colcon_core.package_identification:_identify(src/only_robot_arm_pollination) by extension 'ignore_ament_install'
[0.156s] Level 1:colcon.colcon_core.package_identification:_identify(src/only_robot_arm_pollination) by extensions ['colcon_pkg']
[0.156s] Level 1:colcon.colcon_core.package_identification:_identify(src/only_robot_arm_pollination) by extension 'colcon_pkg'
[0.156s] Level 1:colcon.colcon_core.package_identification:_identify(src/only_robot_arm_pollination) by extensions ['colcon_meta']
[0.156s] Level 1:colcon.colcon_core.package_identification:_identify(src/only_robot_arm_pollination) by extension 'colcon_meta'
[0.156s] Level 1:colcon.colcon_core.package_identification:_identify(src/only_robot_arm_pollination) by extensions ['ros']
[0.156s] Level 1:colcon.colcon_core.package_identification:_identify(src/only_robot_arm_pollination) by extension 'ros'
[0.156s] DEBUG:colcon.colcon_core.package_identification:Package 'src/only_robot_arm_pollination' with type 'ros.ament_cmake' and name 'only_robot_arm_pollination'
[0.156s] Level 1:colcon.colcon_core.package_discovery:discover_packages(recursive) using defaults
[0.157s] Level 1:colcon.colcon_core.package_discovery:discover_packages(ignore) discover
[0.157s] Level 1:colcon.colcon_core.package_discovery:discover_packages(ignore) using defaults
[0.157s] Level 1:colcon.colcon_core.package_discovery:discover_packages(path) discover
[0.157s] Level 1:colcon.colcon_core.package_discovery:discover_packages(path) using defaults
[0.171s] INFO:colcon.colcon_core.package_selection:Skipping not selected package 'only_robot_arm' in 'src/only_robot_arm'
[0.171s] Level 1:colcon.colcon_core.package_discovery:discover_packages(prefix_path) check parameters
[0.172s] Level 1:colcon.colcon_core.package_discovery:discover_packages(prefix_path) discover
[0.174s] DEBUG:colcon.colcon_installed_package_information.package_discovery:Found 357 installed packages in /opt/ros/jazzy
[0.176s] Level 1:colcon.colcon_core.package_discovery:discover_packages(prefix_path) using defaults
[0.218s] Level 5:colcon.colcon_core.verb:set package 'only_robot_arm_pollination' build argument 'cmake_args' from command line to 'None'
[0.218s] Level 5:colcon.colcon_core.verb:set package 'only_robot_arm_pollination' build argument 'cmake_target' from command line to 'None'
[0.218s] Level 5:colcon.colcon_core.verb:set package 'only_robot_arm_pollination' build argument 'cmake_target_skip_unavailable' from command line to 'False'
[0.218s] Level 5:colcon.colcon_core.verb:set package 'only_robot_arm_pollination' build argument 'cmake_clean_cache' from command line to 'False'
[0.219s] Level 5:colcon.colcon_core.verb:set package 'only_robot_arm_pollination' build argument 'cmake_clean_first' from command line to 'False'
[0.219s] Level 5:colcon.colcon_core.verb:set package 'only_robot_arm_pollination' build argument 'cmake_force_configure' from command line to 'False'
[0.219s] Level 5:colcon.colcon_core.verb:set package 'only_robot_arm_pollination' build argument 'ament_cmake_args' from command line to 'None'
[0.219s] Level 5:colcon.colcon_core.verb:set package 'only_robot_arm_pollination' build argument 'catkin_cmake_args' from command line to 'None'
[0.219s] Level 5:colcon.colcon_core.verb:set package 'only_robot_arm_pollination' build argument 'catkin_skip_building_tests' from command line to 'False'
[0.219s] DEBUG:colcon.colcon_core.verb:Building package 'only_robot_arm_pollination' with the following arguments: {'ament_cmake_args': None, 'build_base': '/home/lcy/ros2_ws/build/only_robot_arm_pollination', 'catkin_cmake_args': None, 'catkin_skip_building_tests': False, 'cmake_args': None, 'cmake_clean_cache': False, 'cmake_clean_first': False, 'cmake_force_configure': False, 'cmake_target': None, 'cmake_target_skip_unavailable': False, 'install_base': '/home/lcy/ros2_ws/install/only_robot_arm_pollination', 'merge_install': False, 'path': '/home/lcy/ros2_ws/src/only_robot_arm_pollination', 'symlink_install': True, 'test_result_base': None}
[0.219s] Level 5:colcon.colcon_core.verb:set package 'only_robot_arm_moveit_config' build argument 'cmake_args' from command line to 'None'
[0.219s] Level 5:colcon.colcon_core.verb:set package 'only_robot_arm_moveit_config' build argument 'cmake_target' from command line to 'None'
[0.219s] Level 5:colcon.colcon_core.verb:set package 'only_robot_arm_moveit_config' build argument 'cmake_target_skip_unavailable' from command line to 'False'
[0.219s] Level 5:colcon.colcon_core.verb:set package 'only_robot_arm_moveit_config' build argument 'cmake_clean_cache' from command line to 'False'
[0.219s] Level 5:colcon.colcon_core.verb:set package 'only_robot_arm_moveit_config' build argument 'cmake_clean_first' from command line to 'False'
[0.219s] Level 5:colcon.colcon_core.verb:set package 'only_robot_arm_moveit_config' build argument 'cmake_force_configure' from command line to 'False'
[0.219s] Level 5:colcon.colcon_core.verb:set package 'only_robot_arm_moveit_config' build argument 'ament_cmake_args' from command line to 'None'
[0.219s] Level 5:colcon.colcon_core.verb:set package 'only_robot_arm_moveit_config' build argument 'catkin_cmake_args' from command line to 'None'
[0.219s] Level 5:colcon.colcon_core.verb:set package 'only_robot_arm_moveit_config' build argument 'catkin_skip_building_tests' from command line to 'False'
[0.219s] DEBUG:colcon.colcon_core.verb:Building package 'only_robot_arm_moveit_config' with the following arguments: {'ament_cmake_args': None, 'build_base': '/home/lcy/ros2_ws/build/only_robot_arm_moveit_config', 'catkin_cmake_args': None, 'catkin_skip_building_tests': False, 'cmake_args': None, 'cmake_clean_cache': False, 'cmake_clean_first': False, 'cmake_force_configure': False, 'cmake_target': None, 'cmake_target_skip_unavailable': False, 'install_base': '/home/lcy/ros2_ws/install/only_robot_arm_moveit_config', 'merge_install': False, 'path': '/home/lcy/ros2_ws/src/only_robot_arm_moveit_config', 'symlink_install': True, 'test_result_base': None}
[0.219s] INFO:colcon.colcon_core.executor:Executing jobs using 'parallel' executor
[0.220s] DEBUG:colcon.colcon_parallel_executor.executor.parallel:run_until_complete
[0.220s] INFO:colcon.colcon_ros.task.ament_cmake.build:Building ROS package in '/home/lcy/ros2_ws/src/only_robot_arm_pollination' with build type 'ament_cmake'
[0.220s] INFO:colcon.colcon_cmake.task.cmake.build:Building CMake package in '/home/lcy/ros2_ws/src/only_robot_arm_pollination'
[0.222s] INFO:colcon.colcon_core.plugin_system:Skipping extension 'colcon_core.shell.bat': Not used on non-Windows systems
[0.222s] INFO:colcon.colcon_core.shell:Skip shell extension 'powershell' for command environment: Not usable outside of PowerShell
[0.222s] DEBUG:colcon.colcon_core.shell:Skip shell extension 'dsv' for command environment
[0.229s] DEBUG:colcon.colcon_core.event_handler.log_command:Invoking command in '/home/lcy/ros2_ws/build/only_robot_arm_pollination': CMAKE_PREFIX_PATH=${CMAKE_PREFIX_PATH}:/opt/ros/jazzy DEBUGINFOD_URLS=https://debuginfod.ubuntu.com /usr/bin/cmake --build /home/lcy/ros2_ws/build/only_robot_arm_pollination -- -j16 -l16
[16.350s] DEBUG:colcon.colcon_core.event_handler.log_command:Invoked command in '/home/lcy/ros2_ws/build/only_robot_arm_pollination' returned '0': CMAKE_PREFIX_PATH=${CMAKE_PREFIX_PATH}:/opt/ros/jazzy DEBUGINFOD_URLS=https://debuginfod.ubuntu.com /usr/bin/cmake --build /home/lcy/ros2_ws/build/only_robot_arm_pollination -- -j16 -l16
[16.361s] DEBUG:colcon.colcon_core.event_handler.log_command:Invoking command in '/home/lcy/ros2_ws/build/only_robot_arm_pollination': CMAKE_PREFIX_PATH=${CMAKE_PREFIX_PATH}:/opt/ros/jazzy DEBUGINFOD_URLS=https://debuginfod.ubuntu.com /usr/bin/cmake --install /home/lcy/ros2_ws/build/only_robot_arm_pollination
[16.385s] Level 1:colcon.colcon_core.environment:create_environment_scripts_only(only_robot_arm_pollination)
[16.386s] DEBUG:colcon.colcon_core.event_handler.log_command:Invoked command in '/home/lcy/ros2_ws/build/only_robot_arm_pollination' returned '0': CMAKE_PREFIX_PATH=${CMAKE_PREFIX_PATH}:/opt/ros/jazzy DEBUGINFOD_URLS=https://debuginfod.ubuntu.com /usr/bin/cmake --install /home/lcy/ros2_ws/build/only_robot_arm_pollination
[16.388s] Level 1:colcon.colcon_core.environment:checking '/home/lcy/ros2_ws/install/only_robot_arm_pollination' for CMake module files
[16.388s] Level 1:colcon.colcon_core.environment:checking '/home/lcy/ros2_ws/install/only_robot_arm_pollination' for CMake config files
[16.389s] Level 1:colcon.colcon_core.shell:create_environment_hook('only_robot_arm_pollination', 'cmake_prefix_path')
[16.389s] INFO:colcon.colcon_core.shell:Creating environment hook '/home/lcy/ros2_ws/install/only_robot_arm_pollination/share/only_robot_arm_pollination/hook/cmake_prefix_path.ps1'
[16.390s] INFO:colcon.colcon_core.shell:Creating environment descriptor '/home/lcy/ros2_ws/install/only_robot_arm_pollination/share/only_robot_arm_pollination/hook/cmake_prefix_path.dsv'
[16.390s] INFO:colcon.colcon_core.shell:Creating environment hook '/home/lcy/ros2_ws/install/only_robot_arm_pollination/share/only_robot_arm_pollination/hook/cmake_prefix_path.sh'
[16.391s] Level 1:colcon.colcon_core.environment:checking '/home/lcy/ros2_ws/install/only_robot_arm_pollination/lib'
[16.391s] Level 1:colcon.colcon_core.environment:checking '/home/lcy/ros2_ws/install/only_robot_arm_pollination/bin'
[16.392s] Level 1:colcon.colcon_core.environment:checking '/home/lcy/ros2_ws/install/only_robot_arm_pollination/lib/pkgconfig/only_robot_arm_pollination.pc'
[16.392s] Level 1:colcon.colcon_core.environment:checking '/home/lcy/ros2_ws/install/only_robot_arm_pollination/lib/python3.12/site-packages'
[16.392s] Level 1:colcon.colcon_core.environment:checking '/home/lcy/ros2_ws/install/only_robot_arm_pollination/bin'
[16.392s] INFO:colcon.colcon_core.shell:Creating package script '/home/lcy/ros2_ws/install/only_robot_arm_pollination/share/only_robot_arm_pollination/package.ps1'
[16.393s] INFO:colcon.colcon_core.shell:Creating package descriptor '/home/lcy/ros2_ws/install/only_robot_arm_pollination/share/only_robot_arm_pollination/package.dsv'
[16.394s] INFO:colcon.colcon_core.shell:Creating package script '/home/lcy/ros2_ws/install/only_robot_arm_pollination/share/only_robot_arm_pollination/package.sh'
[16.394s] INFO:colcon.colcon_core.shell:Creating package script '/home/lcy/ros2_ws/install/only_robot_arm_pollination/share/only_robot_arm_pollination/package.bash'
[16.395s] INFO:colcon.colcon_core.shell:Creating package script '/home/lcy/ros2_ws/install/only_robot_arm_pollination/share/only_robot_arm_pollination/package.zsh'
[16.395s] Level 1:colcon.colcon_core.environment:create_file_with_runtime_dependencies(/home/lcy/ros2_ws/install/only_robot_arm_pollination/share/colcon-core/packages/only_robot_arm_pollination)
[16.395s] Level 1:colcon.colcon_core.environment:create_environment_scripts_only(only_robot_arm_pollination)
[16.396s] Level 1:colcon.colcon_core.environment:checking '/home/lcy/ros2_ws/install/only_robot_arm_pollination' for CMake module files
[16.396s] Level 1:colcon.colcon_core.environment:checking '/home/lcy/ros2_ws/install/only_robot_arm_pollination' for CMake config files
[16.396s] Level 1:colcon.colcon_core.shell:create_environment_hook('only_robot_arm_pollination', 'cmake_prefix_path')
[16.396s] INFO:colcon.colcon_core.shell:Creating environment hook '/home/lcy/ros2_ws/install/only_robot_arm_pollination/share/only_robot_arm_pollination/hook/cmake_prefix_path.ps1'
[16.397s] INFO:colcon.colcon_core.shell:Creating environment descriptor '/home/lcy/ros2_ws/install/only_robot_arm_pollination/share/only_robot_arm_pollination/hook/cmake_prefix_path.dsv'
[16.397s] INFO:colcon.colcon_core.shell:Creating environment hook '/home/lcy/ros2_ws/install/only_robot_arm_pollination/share/only_robot_arm_pollination/hook/cmake_prefix_path.sh'
[16.397s] Level 1:colcon.colcon_core.environment:checking '/home/lcy/ros2_ws/install/only_robot_arm_pollination/lib'
[16.397s] Level 1:colcon.colcon_core.environment:checking '/home/lcy/ros2_ws/install/only_robot_arm_pollination/bin'
[16.398s] Level 1:colcon.colcon_core.environment:checking '/home/lcy/ros2_ws/install/only_robot_arm_pollination/lib/pkgconfig/only_robot_arm_pollination.pc'
[16.398s] Level 1:colcon.colcon_core.environment:checking '/home/lcy/ros2_ws/install/only_robot_arm_pollination/lib/python3.12/site-packages'
[16.398s] Level 1:colcon.colcon_core.environment:checking '/home/lcy/ros2_ws/install/only_robot_arm_pollination/bin'
[16.398s] INFO:colcon.colcon_core.shell:Creating package script '/home/lcy/ros2_ws/install/only_robot_arm_pollination/share/only_robot_arm_pollination/package.ps1'
[16.399s] INFO:colcon.colcon_core.shell:Creating package descriptor '/home/lcy/ros2_ws/install/only_robot_arm_pollination/share/only_robot_arm_pollination/package.dsv'
[16.399s] INFO:colcon.colcon_core.shell:Creating package script '/home/lcy/ros2_ws/install/only_robot_arm_pollination/share/only_robot_arm_pollination/package.sh'
[16.399s] INFO:colcon.colcon_core.shell:Creating package script '/home/lcy/ros2_ws/install/only_robot_arm_pollination/share/only_robot_arm_pollination/package.bash'
[16.399s] INFO:colcon.colcon_core.shell:Creating package script '/home/lcy/ros2_ws/install/only_robot_arm_pollination/share/only_robot_arm_pollination/package.zsh'
[16.400s] Level 1:colcon.colcon_core.environment:create_file_with_runtime_dependencies(/home/lcy/ros2_ws/install/only_robot_arm_pollination/share/colcon-core/packages/only_robot_arm_pollination)
[16.400s] INFO:colcon.colcon_ros.task.ament_cmake.build:Building ROS package in '/home/lcy/ros2_ws/src/only_robot_arm_moveit_config' with build type 'ament_cmake'
[16.400s] INFO:colcon.colcon_cmake.task.cmake.build:Building CMake package in '/home/lcy/ros2_ws/src/only_robot_arm_moveit_config'
[16.400s] INFO:colcon.colcon_core.shell:Skip shell extension 'powershell' for command environment: Not usable outside of PowerShell
[16.400s] DEBUG:colcon.colcon_core.shell:Skip shell extension 'dsv' for command environment
[16.409s] DEBUG:colcon.colcon_core.event_handler.log_command:Invoking command in '/home/lcy/ros2_ws/build/only_robot_arm_moveit_config': AMENT_PREFIX_PATH=/home/lcy/ros2_ws/install/only_robot_arm_pollination:/home/lcy/ros2_ws/install/only_robot_arm:${AMENT_PREFIX_PATH} CMAKE_PREFIX_PATH=/home/lcy/ros2_ws/install/only_robot_arm_pollination:/home/lcy/ros2_ws/install/only_robot_arm:/opt/ros/jazzy/opt/sdformat_vendor:/opt/ros/jazzy/opt/gz_math_vendor:/opt/ros/jazzy/opt/gz_utils_vendor:/opt/ros/jazzy/opt/gz_tools_vendor:/opt/ros/jazzy/opt/gz_cmake_vendor:/opt/ros/jazzy DEBUGINFOD_URLS=https://debuginfod.ubuntu.com /usr/bin/cmake --build /home/lcy/ros2_ws/build/only_robot_arm_moveit_config -- -j16 -l16
[16.453s] DEBUG:colcon.colcon_core.event_handler.log_command:Invoked command in '/home/lcy/ros2_ws/build/only_robot_arm_moveit_config' returned '0': AMENT_PREFIX_PATH=/home/lcy/ros2_ws/install/only_robot_arm_pollination:/home/lcy/ros2_ws/install/only_robot_arm:${AMENT_PREFIX_PATH} CMAKE_PREFIX_PATH=/home/lcy/ros2_ws/install/only_robot_arm_pollination:/home/lcy/ros2_ws/install/only_robot_arm:/opt/ros/jazzy/opt/sdformat_vendor:/opt/ros/jazzy/opt/gz_math_vendor:/opt/ros/jazzy/opt/gz_utils_vendor:/opt/ros/jazzy/opt/gz_tools_vendor:/opt/ros/jazzy/opt/gz_cmake_vendor:/opt/ros/jazzy DEBUGINFOD_URLS=https://debuginfod.ubuntu.com /usr/bin/cmake --build /home/lcy/ros2_ws/build/only_robot_arm_moveit_config -- -j16 -l16
[16.454s] DEBUG:colcon.colcon_core.event_handler.log_command:Invoking command in '/home/lcy/ros2_ws/build/only_robot_arm_moveit_config': AMENT_PREFIX_PATH=/home/lcy/ros2_ws/install/only_robot_arm_pollination:/home/lcy/ros2_ws/install/only_robot_arm:${AMENT_PREFIX_PATH} CMAKE_PREFIX_PATH=/home/lcy/ros2_ws/install/only_robot_arm_pollination:/home/lcy/ros2_ws/install/only_robot_arm:/opt/ros/jazzy/opt/sdformat_vendor:/opt/ros/jazzy/opt/gz_math_vendor:/opt/ros/jazzy/opt/gz_utils_vendor:/opt/ros/jazzy/opt/gz_tools_vendor:/opt/ros/jazzy/opt/gz_cmake_vendor:/opt/ros/jazzy DEBUGINFOD_URLS=https://debuginfod.ubuntu.com /usr/bin/cmake --install /home/lcy/ros2_ws/build/only_robot_arm_moveit_config
[16.477s] Level 1:colcon.colcon_core.environment:create_environment_scripts_only(only_robot_arm_moveit_config)
[16.477s] DEBUG:colcon.colcon_core.event_handler.log_command:Invoked command in '/home/lcy/ros2_ws/build/only_robot_arm_moveit_config' returned '0': AMENT_PREFIX_PATH=/home/lcy/ros2_ws/install/only_robot_arm_pollination:/home/lcy/ros2_ws/install/only_robot_arm:${AMENT_PREFIX_PATH} CMAKE_PREFIX_PATH=/home/lcy/ros2_ws/install/only_robot_arm_pollination:/home/lcy/ros2_ws/install/only_robot_arm:/opt/ros/jazzy/opt/sdformat_vendor:/opt/ros/jazzy/opt/gz_math_vendor:/opt/ros/jazzy/opt/gz_utils_vendor:/opt/ros/jazzy/opt/gz_tools_vendor:/opt/ros/jazzy/opt/gz_cmake_vendor:/opt/ros/jazzy DEBUGINFOD_URLS=https://debuginfod.ubuntu.com /usr/bin/cmake --install /home/lcy/ros2_ws/build/only_robot_arm_moveit_config
[16.478s] Level 1:colcon.colcon_core.environment:checking '/home/lcy/ros2_ws/install/only_robot_arm_moveit_config' for CMake module files
[16.478s] Level 1:colcon.colcon_core.environment:checking '/home/lcy/ros2_ws/install/only_robot_arm_moveit_config' for CMake config files
[16.479s] Level 1:colcon.colcon_core.shell:create_environment_hook('only_robot_arm_moveit_config', 'cmake_prefix_path')
[16.479s] INFO:colcon.colcon_core.shell:Creating environment hook '/home/lcy/ros2_ws/install/only_robot_arm_moveit_config/share/only_robot_arm_moveit_config/hook/cmake_prefix_path.ps1'
[16.479s] INFO:colcon.colcon_core.shell:Creating environment descriptor '/home/lcy/ros2_ws/install/only_robot_arm_moveit_config/share/only_robot_arm_moveit_config/hook/cmake_prefix_path.dsv'
[16.480s] INFO:colcon.colcon_core.shell:Creating environment hook '/home/lcy/ros2_ws/install/only_robot_arm_moveit_config/share/only_robot_arm_moveit_config/hook/cmake_prefix_path.sh'
[16.480s] Level 1:colcon.colcon_core.environment:checking '/home/lcy/ros2_ws/install/only_robot_arm_moveit_config/bin'
[16.480s] Level 1:colcon.colcon_core.environment:checking '/home/lcy/ros2_ws/install/only_robot_arm_moveit_config/lib/pkgconfig/only_robot_arm_moveit_config.pc'
[16.481s] Level 1:colcon.colcon_core.environment:checking '/home/lcy/ros2_ws/install/only_robot_arm_moveit_config/lib/python3.12/site-packages'
[16.481s] Level 1:colcon.colcon_core.environment:checking '/home/lcy/ros2_ws/install/only_robot_arm_moveit_config/bin'
[16.481s] INFO:colcon.colcon_core.shell:Creating package script '/home/lcy/ros2_ws/install/only_robot_arm_moveit_config/share/only_robot_arm_moveit_config/package.ps1'
[16.481s] INFO:colcon.colcon_core.shell:Creating package descriptor '/home/lcy/ros2_ws/install/only_robot_arm_moveit_config/share/only_robot_arm_moveit_config/package.dsv'
[16.482s] INFO:colcon.colcon_core.shell:Creating package script '/home/lcy/ros2_ws/install/only_robot_arm_moveit_config/share/only_robot_arm_moveit_config/package.sh'
[16.482s] INFO:colcon.colcon_core.shell:Creating package script '/home/lcy/ros2_ws/install/only_robot_arm_moveit_config/share/only_robot_arm_moveit_config/package.bash'
[16.482s] INFO:colcon.colcon_core.shell:Creating package script '/home/lcy/ros2_ws/install/only_robot_arm_moveit_config/share/only_robot_arm_moveit_config/package.zsh'
[16.483s] Level 1:colcon.colcon_core.environment:create_file_with_runtime_dependencies(/home/lcy/ros2_ws/install/only_robot_arm_moveit_config/share/colcon-core/packages/only_robot_arm_moveit_config)
[16.483s] Level 1:colcon.colcon_core.environment:create_environment_scripts_only(only_robot_arm_moveit_config)
[16.483s] Level 1:colcon.colcon_core.environment:checking '/home/lcy/ros2_ws/install/only_robot_arm_moveit_config' for CMake module files
[16.484s] Level 1:colcon.colcon_core.environment:checking '/home/lcy/ros2_ws/install/only_robot_arm_moveit_config' for CMake config files
[16.484s] Level 1:colcon.colcon_core.shell:create_environment_hook('only_robot_arm_moveit_config', 'cmake_prefix_path')
[16.484s] INFO:colcon.colcon_core.shell:Creating environment hook '/home/lcy/ros2_ws/install/only_robot_arm_moveit_config/share/only_robot_arm_moveit_config/hook/cmake_prefix_path.ps1'
[16.484s] INFO:colcon.colcon_core.shell:Creating environment descriptor '/home/lcy/ros2_ws/install/only_robot_arm_moveit_config/share/only_robot_arm_moveit_config/hook/cmake_prefix_path.dsv'
[16.484s] INFO:colcon.colcon_core.shell:Creating environment hook '/home/lcy/ros2_ws/install/only_robot_arm_moveit_config/share/only_robot_arm_moveit_config/hook/cmake_prefix_path.sh'
[16.485s] Level 1:colcon.colcon_core.environment:checking '/home/lcy/ros2_ws/install/only_robot_arm_moveit_config/bin'
[16.485s] Level 1:colcon.colcon_core.environment:checking '/home/lcy/ros2_ws/install/only_robot_arm_moveit_config/lib/pkgconfig/only_robot_arm_moveit_config.pc'
[16.485s] Level 1:colcon.colcon_core.environment:checking '/home/lcy/ros2_ws/install/only_robot_arm_moveit_config/lib/python3.12/site-packages'
[16.485s] Level 1:colcon.colcon_core.environment:checking '/home/lcy/ros2_ws/install/only_robot_arm_moveit_config/bin'
[16.486s] INFO:colcon.colcon_core.shell:Creating package script '/home/lcy/ros2_ws/install/only_robot_arm_moveit_config/share/only_robot_arm_moveit_config/package.ps1'
[16.486s] INFO:colcon.colcon_core.shell:Creating package descriptor '/home/lcy/ros2_ws/install/only_robot_arm_moveit_config/share/only_robot_arm_moveit_config/package.dsv'
[16.486s] INFO:colcon.colcon_core.shell:Creating package script '/home/lcy/ros2_ws/install/only_robot_arm_moveit_config/share/only_robot_arm_moveit_config/package.sh'
[16.487s] INFO:colcon.colcon_core.shell:Creating package script '/home/lcy/ros2_ws/install/only_robot_arm_moveit_config/share/only_robot_arm_moveit_config/package.bash'
[16.487s] INFO:colcon.colcon_core.shell:Creating package script '/home/lcy/ros2_ws/install/only_robot_arm_moveit_config/share/only_robot_arm_moveit_config/package.zsh'
[16.487s] Level 1:colcon.colcon_core.environment:create_file_with_runtime_dependencies(/home/lcy/ros2_ws/install/only_robot_arm_moveit_config/share/colcon-core/packages/only_robot_arm_moveit_config)
[16.488s] DEBUG:colcon.colcon_parallel_executor.executor.parallel:closing loop
[16.488s] DEBUG:colcon.colcon_parallel_executor.executor.parallel:loop closed
[16.488s] DEBUG:colcon.colcon_parallel_executor.executor.parallel:run_until_complete finished with '0'
[16.488s] DEBUG:colcon.colcon_core.event_reactor:joining thread
[16.492s] INFO:colcon.colcon_core.plugin_system:Skipping extension 'colcon_notification.desktop_notification.terminal_notifier': Not used on non-Darwin systems
[16.493s] INFO:colcon.colcon_core.plugin_system:Skipping extension 'colcon_notification.desktop_notification.win32': Not used on non-Windows systems
[16.493s] INFO:colcon.colcon_notification.desktop_notification:Sending desktop notification using 'notify2'
[16.493s] DEBUG:colcon.colcon_notification.desktop_notification.notify2:Failed to initialize notify2: org.freedesktop.DBus.Error.AccessDenied: Failed to connect to socket /run/user/1000/bus: Operation not permitted
[16.493s] DEBUG:colcon.colcon_core.event_reactor:joined thread
[16.493s] INFO:colcon.colcon_core.shell:Creating prefix script '/home/lcy/ros2_ws/install/local_setup.ps1'
[16.494s] INFO:colcon.colcon_core.shell:Creating prefix util module '/home/lcy/ros2_ws/install/_local_setup_util_ps1.py'
[16.495s] INFO:colcon.colcon_core.shell:Creating prefix chain script '/home/lcy/ros2_ws/install/setup.ps1'
[16.495s] INFO:colcon.colcon_core.shell:Creating prefix script '/home/lcy/ros2_ws/install/local_setup.sh'
[16.496s] INFO:colcon.colcon_core.shell:Creating prefix util module '/home/lcy/ros2_ws/install/_local_setup_util_sh.py'
[16.496s] INFO:colcon.colcon_core.shell:Creating prefix chain script '/home/lcy/ros2_ws/install/setup.sh'
[16.497s] INFO:colcon.colcon_core.shell:Creating prefix script '/home/lcy/ros2_ws/install/local_setup.bash'
[16.497s] INFO:colcon.colcon_core.shell:Creating prefix chain script '/home/lcy/ros2_ws/install/setup.bash'
[16.498s] INFO:colcon.colcon_core.shell:Creating prefix script '/home/lcy/ros2_ws/install/local_setup.zsh'
[16.498s] INFO:colcon.colcon_core.shell:Creating prefix chain script '/home/lcy/ros2_ws/install/setup.zsh'
