-- Found ament_cmake: 2.5.5 (/opt/ros/jazzy/share/ament_cmake/cmake)
-- Override CMake install command with custom implementation using symlinks instead of copying resources
-- Found geometry_msgs: 5.3.6 (/opt/ros/jazzy/share/geometry_msgs/cmake)
-- Found rosidl_generator_c: 4.6.7 (/opt/ros/jazzy/share/rosidl_generator_c/cmake)
-- Found rosidl_generator_cpp: 4.6.7 (/opt/ros/jazzy/share/rosidl_generator_cpp/cmake)
-- Using all available rosidl_typesupport_c: rosidl_typesupport_fastrtps_c;rosidl_typesupport_introspection_c
-- Using all available rosidl_typesupport_cpp: rosidl_typesupport_fastrtps_cpp;rosidl_typesupport_introspection_cpp
-- Found moveit_msgs: 2.6.0 (/opt/ros/jazzy/share/moveit_msgs/cmake)
-- Found moveit_ros_planning_interface: 2.12.4 (/opt/ros/jazzy/share/moveit_ros_planning_interface/cmake)
-- Found Boost: /usr/lib/x86_64-linux-gnu/cmake/Boost-1.83.0/BoostConfig.cmake (found version "1.83.0") found components: date_time filesystem program_options system thread 
-- Found Boost: /usr/lib/x86_64-linux-gnu/cmake/Boost-1.83.0/BoostConfig.cmake (found version "1.83.0") found components: chrono date_time filesystem iostreams program_options regex serialization system thread 
-- Found parameter_traits: 0.6.0 (/opt/ros/jazzy/share/parameter_traits/cmake)
-- Found rmw_implementation_cmake: 7.3.3 (/opt/ros/jazzy/share/rmw_implementation_cmake/cmake)
-- Found rmw_fastrtps_cpp: 8.4.3 (/opt/ros/jazzy/share/rmw_fastrtps_cpp/cmake)
-- Found OpenSSL: /usr/lib/x86_64-linux-gnu/libcrypto.so (found version "3.0.13")  
-- Found FastRTPS: /opt/ros/jazzy/include (Required is at least version "2.13") 
-- Using RMW implementation 'rmw_fastrtps_cpp' as default
-- Found rclcpp_lifecycle: 28.1.16 (/opt/ros/jazzy/share/rclcpp_lifecycle/cmake)
-- Found Boost: /usr/lib/x86_64-linux-gnu/cmake/Boost-1.83.0/BoostConfig.cmake (found version "1.83.0") found components: filesystem 
-- Found Eigen3: TRUE (found version "3.4.0") 
-- Ensuring Eigen3 include directory is part of orocos-kdl CMake target
-- Found Boost: /usr/lib/x86_64-linux-gnu/cmake/Boost-1.83.0/BoostConfig.cmake (found version "1.83.0") found components: system filesystem date_time program_options thread chrono 
-- Found Boost: /usr/lib/x86_64-linux-gnu/cmake/Boost-1.83.0/BoostConfig.cmake (found version "1.83.0") found components: thread system filesystem regex date_time program_options 
-- Found Boost: /usr/lib/x86_64-linux-gnu/cmake/Boost-1.83.0/BoostConfig.cmake (found version "1.83.0") found components: system filesystem date_time program_options thread 
-- Configuring done (1.5s)
-- Generating done (0.0s)
-- Build files have been written to: /home/lcy/ros2_ws/build/only_robot_arm
[ 50%] Building CXX object CMakeFiles/pollination_cycle_node.dir/src/pollination_cycle_node.cpp.o
In file included from /home/lcy/ros2_ws/src/only_robot_arm/src/pollination_cycle_node.cpp:20:
/opt/ros/jazzy/include/moveit_ros_planning_interface/moveit/move_group_interface/move_group_interface.h:51:77: note: ‘#pragma message: .h header is obsolete. Please use the .hpp header instead.’
   51 | #pragma message(".h header is obsolete. Please use the .hpp header instead.")
      |                                                                             ^
In file included from /home/lcy/ros2_ws/src/only_robot_arm/src/pollination_cycle_node.cpp:21:
/opt/ros/jazzy/include/moveit_core/moveit/robot_state/conversions.h:50:77: note: ‘#pragma message: .h header is obsolete. Please use the .hpp header instead.’
   50 | #pragma message(".h header is obsolete. Please use the .hpp header instead.")
      |                                                                             ^
/home/lcy/ros2_ws/src/only_robot_arm/src/pollination_cycle_node.cpp: In member function ‘bool PollinationCycleNode::computeIkJointTarget(const geometry_msgs::msg::PoseStamped&, std::map<std::__cxx11::basic_string<char>, double>&)’:
/home/lcy/ros2_ws/src/only_robot_arm/src/pollination_cycle_node.cpp:337:79: error: ‘class rclcpp::Duration’ has no member named ‘to_builtin_msg’
  337 |     req->ik_request.timeout = rclcpp::Duration::from_seconds(ik_timeout_sec_).to_builtin_msg();
      |                                                                               ^~~~~~~~~~~~~~
/home/lcy/ros2_ws/src/only_robot_arm/src/pollination_cycle_node.cpp:338:21: error: ‘using moveit_msgs::srv::GetPositionIK_Request_<std::allocator<void> >::_ik_request_type = struct moveit_msgs::msg::PositionIKRequest_<std::allocator<void> >’ {aka ‘struct moveit_msgs::msg::PositionIKRequest_<std::allocator<void> >’} has no member named ‘attempts’
  338 |     req->ik_request.attempts = 8;
      |                     ^~~~~~~~
/home/lcy/ros2_ws/src/only_robot_arm/src/pollination_cycle_node.cpp: In member function ‘bool PollinationCycleNode::simulatePlan(const moveit::planning_interface::MoveGroupInterface::Plan&)’:
/home/lcy/ros2_ws/src/only_robot_arm/src/pollination_cycle_node.cpp:407:28: error: ‘const struct moveit::planning_interface::MoveGroupInterface::Plan’ has no member named ‘trajectory_’; did you mean ‘trajectory’?
  407 |     const auto & jt = plan.trajectory_.joint_trajectory;
      |                            ^~~~~~~~~~~
      |                            trajectory
gmake[2]: *** [CMakeFiles/pollination_cycle_node.dir/build.make:76: CMakeFiles/pollination_cycle_node.dir/src/pollination_cycle_node.cpp.o] Error 1
gmake[1]: *** [CMakeFiles/Makefile2:137: CMakeFiles/pollination_cycle_node.dir/all] Error 2
gmake: *** [Makefile:146: all] Error 2
