[0.008s] Invoking command in '/home/lcy/ros2_ws/build/only_robot_arm': CMAKE_PREFIX_PATH=${CMAKE_PREFIX_PATH}:/opt/ros/jazzy DEBUGINFOD_URLS=https://debuginfod.ubuntu.com /usr/bin/cmake --build /home/lcy/ros2_ws/build/only_robot_arm -- -j16 -l16
[0.085s] [ 50%] Building CXX object CMakeFiles/pollination_cycle_node.dir/src/pollination_cycle_node.cpp.o
[13.989s] [100%] Linking CXX executable pollination_cycle_node
[14.758s] [100%] Built target pollination_cycle_node
[14.769s] Invoked command in '/home/lcy/ros2_ws/build/only_robot_arm' returned '0': CMAKE_PREFIX_PATH=${CMAKE_PREFIX_PATH}:/opt/ros/jazzy DEBUGINFOD_URLS=https://debuginfod.ubuntu.com /usr/bin/cmake --build /home/lcy/ros2_ws/build/only_robot_arm -- -j16 -l16
[14.779s] Invoking command in '/home/lcy/ros2_ws/build/only_robot_arm': CMAKE_PREFIX_PATH=${CMAKE_PREFIX_PATH}:/opt/ros/jazzy DEBUGINFOD_URLS=https://debuginfod.ubuntu.com /usr/bin/cmake --install /home/lcy/ros2_ws/build/only_robot_arm
[14.785s] -- Install configuration: ""
[14.786s] -- Execute custom install script
[14.786s] -- Up-to-date symlink: /home/lcy/ros2_ws/install/only_robot_arm/share/only_robot_arm/launch/display.launch
[14.786s] -- Up-to-date symlink: /home/lcy/ros2_ws/install/only_robot_arm/share/only_robot_arm/launch/display_jazzy.launch.py
[14.786s] -- Up-to-date symlink: /home/lcy/ros2_ws/install/only_robot_arm/share/only_robot_arm/launch/gazebo.launch
[14.787s] -- Up-to-date symlink: /home/lcy/ros2_ws/install/only_robot_arm/share/only_robot_arm/urdf/only_robot_arm.csv
[14.787s] -- Up-to-date symlink: /home/lcy/ros2_ws/install/only_robot_arm/share/only_robot_arm/urdf/only_robot_arm.urdf
[14.787s] -- Up-to-date symlink: /home/lcy/ros2_ws/install/only_robot_arm/share/only_robot_arm/meshes/base_link.STL
[14.787s] -- Up-to-date symlink: /home/lcy/ros2_ws/install/only_robot_arm/share/only_robot_arm/meshes/camera_link.STL
[14.787s] -- Up-to-date symlink: /home/lcy/ros2_ws/install/only_robot_arm/share/only_robot_arm/meshes/link_1.STL
[14.788s] -- Up-to-date symlink: /home/lcy/ros2_ws/install/only_robot_arm/share/only_robot_arm/meshes/link_2.STL
[14.788s] -- Up-to-date symlink: /home/lcy/ros2_ws/install/only_robot_arm/share/only_robot_arm/meshes/link_3.STL
[14.788s] -- Up-to-date symlink: /home/lcy/ros2_ws/install/only_robot_arm/share/only_robot_arm/meshes/link_4.STL
[14.788s] -- Up-to-date symlink: /home/lcy/ros2_ws/install/only_robot_arm/share/only_robot_arm/meshes/link_5.STL
[14.788s] -- Up-to-date symlink: /home/lcy/ros2_ws/install/only_robot_arm/share/only_robot_arm/meshes/link_6.STL
[14.788s] -- Up-to-date symlink: /home/lcy/ros2_ws/install/only_robot_arm/share/only_robot_arm/meshes/pollination_tip_link.STL
[14.788s] -- Up-to-date symlink: /home/lcy/ros2_ws/install/only_robot_arm/share/only_robot_arm/config/joint_names_only_robot_arm.yaml
[14.789s] -- Up-to-date symlink: /home/lcy/ros2_ws/install/only_robot_arm/share/only_robot_arm/config/only_robot_arm.rviz
[14.789s] -- Up-to-date symlink: /home/lcy/ros2_ws/install/only_robot_arm/lib/only_robot_arm/watermelon_flower_marker.py
[14.789s] -- Up-to-date symlink: /home/lcy/ros2_ws/install/only_robot_arm/lib/only_robot_arm/pollination_cycle_node
[14.789s] -- Up-to-date symlink: /home/lcy/ros2_ws/install/only_robot_arm/share/ament_index/resource_index/package_run_dependencies/only_robot_arm
[14.789s] -- Up-to-date symlink: /home/lcy/ros2_ws/install/only_robot_arm/share/ament_index/resource_index/parent_prefix_path/only_robot_arm
[14.789s] -- Up-to-date symlink: /home/lcy/ros2_ws/install/only_robot_arm/share/only_robot_arm/environment/ament_prefix_path.sh
[14.790s] -- Up-to-date symlink: /home/lcy/ros2_ws/install/only_robot_arm/share/only_robot_arm/environment/ament_prefix_path.dsv
[14.790s] -- Up-to-date symlink: /home/lcy/ros2_ws/install/only_robot_arm/share/only_robot_arm/environment/path.sh
[14.790s] -- Up-to-date symlink: /home/lcy/ros2_ws/install/only_robot_arm/share/only_robot_arm/environment/path.dsv
[14.790s] -- Up-to-date symlink: /home/lcy/ros2_ws/install/only_robot_arm/share/only_robot_arm/local_setup.bash
[14.790s] -- Up-to-date symlink: /home/lcy/ros2_ws/install/only_robot_arm/share/only_robot_arm/local_setup.sh
[14.790s] -- Up-to-date symlink: /home/lcy/ros2_ws/install/only_robot_arm/share/only_robot_arm/local_setup.zsh
[14.790s] -- Up-to-date symlink: /home/lcy/ros2_ws/install/only_robot_arm/share/only_robot_arm/local_setup.dsv
[14.790s] -- Symlinking: /home/lcy/ros2_ws/install/only_robot_arm/share/only_robot_arm/package.dsv
[14.799s] -- Up-to-date symlink: /home/lcy/ros2_ws/install/only_robot_arm/share/ament_index/resource_index/packages/only_robot_arm
[14.799s] -- Up-to-date symlink: /home/lcy/ros2_ws/install/only_robot_arm/share/only_robot_arm/cmake/only_robot_armConfig.cmake
[14.799s] -- Up-to-date symlink: /home/lcy/ros2_ws/install/only_robot_arm/share/only_robot_arm/cmake/only_robot_armConfig-version.cmake
[14.799s] -- Up-to-date symlink: /home/lcy/ros2_ws/install/only_robot_arm/share/only_robot_arm/package.xml
[14.801s] Invoked command in '/home/lcy/ros2_ws/build/only_robot_arm' returned '0': CMAKE_PREFIX_PATH=${CMAKE_PREFIX_PATH}:/opt/ros/jazzy DEBUGINFOD_URLS=https://debuginfod.ubuntu.com /usr/bin/cmake --install /home/lcy/ros2_ws/build/only_robot_arm
